Archive member included to satisfy reference by file (symbol)

/home/rahul/qorc-sdk/arm_toolchain_install/gcc-arm-none-eabi-9-2020-q2-update/bin/../lib/gcc/arm-none-eabi/9.3.1/thumb/v7e-m+fp/hard/libgcc.a(_arm_muldf3.o)
                              /home/rahul/qorc-sdk/qorc-testapps/qf_helloworldfpga/onoff/GCC_Project/output/ql_test_signals.o (__aeabi_dmul)
/home/rahul/qorc-sdk/arm_toolchain_install/gcc-arm-none-eabi-9-2020-q2-update/bin/../lib/gcc/arm-none-eabi/9.3.1/thumb/v7e-m+fp/hard/libgcc.a(_arm_addsubdf3.o)
                              /home/rahul/qorc-sdk/qorc-testapps/qf_helloworldfpga/onoff/GCC_Project/output/ql_test_signals.o (__aeabi_dadd)
/home/rahul/qorc-sdk/arm_toolchain_install/gcc-arm-none-eabi-9-2020-q2-update/bin/../lib/gcc/arm-none-eabi/9.3.1/thumb/v7e-m+fp/hard/libgcc.a(_arm_muldivdf3.o)
                              /home/rahul/qorc-sdk/qorc-testapps/qf_helloworldfpga/onoff/GCC_Project/output/eoss3_hal_i2c.o (__aeabi_ddiv)
/home/rahul/qorc-sdk/arm_toolchain_install/gcc-arm-none-eabi-9-2020-q2-update/bin/../lib/gcc/arm-none-eabi/9.3.1/thumb/v7e-m+fp/hard/libgcc.a(_arm_fixdfsi.o)
                              /home/rahul/qorc-sdk/qorc-testapps/qf_helloworldfpga/onoff/GCC_Project/output/ql_test_signals.o (__aeabi_d2iz)
/home/rahul/qorc-sdk/arm_toolchain_install/gcc-arm-none-eabi-9-2020-q2-update/bin/../lib/gcc/arm-none-eabi/9.3.1/thumb/v7e-m+fp/hard/libgcc.a(_arm_truncdfsf2.o)
                              /home/rahul/qorc-sdk/qorc-testapps/qf_helloworldfpga/onoff/GCC_Project/output/eoss3_hal_i2c.o (__aeabi_d2f)
/home/rahul/qorc-sdk/arm_toolchain_install/gcc-arm-none-eabi-9-2020-q2-update/bin/../lib/gcc/arm-none-eabi/9.3.1/thumb/v7e-m+fp/hard/libgcc.a(_aeabi_ldivmod.o)
                              /home/rahul/qorc-sdk/qorc-testapps/qf_helloworldfpga/onoff/GCC_Project/output/dbg_uart.o (__aeabi_ldivmod)
/home/rahul/qorc-sdk/arm_toolchain_install/gcc-arm-none-eabi-9-2020-q2-update/bin/../lib/gcc/arm-none-eabi/9.3.1/thumb/v7e-m+fp/hard/libgcc.a(_aeabi_uldivmod.o)
                              /home/rahul/qorc-sdk/qorc-testapps/qf_helloworldfpga/onoff/GCC_Project/output/s3x_lpm.o (__aeabi_uldivmod)
/home/rahul/qorc-sdk/arm_toolchain_install/gcc-arm-none-eabi-9-2020-q2-update/bin/../lib/gcc/arm-none-eabi/9.3.1/thumb/v7e-m+fp/hard/libgcc.a(_udivmoddi4.o)
                              /home/rahul/qorc-sdk/arm_toolchain_install/gcc-arm-none-eabi-9-2020-q2-update/bin/../lib/gcc/arm-none-eabi/9.3.1/thumb/v7e-m+fp/hard/libgcc.a(_aeabi_ldivmod.o) (__udivmoddi4)
/home/rahul/qorc-sdk/arm_toolchain_install/gcc-arm-none-eabi-9-2020-q2-update/bin/../lib/gcc/arm-none-eabi/9.3.1/thumb/v7e-m+fp/hard/libgcc.a(_dvmd_tls.o)
                              /home/rahul/qorc-sdk/arm_toolchain_install/gcc-arm-none-eabi-9-2020-q2-update/bin/../lib/gcc/arm-none-eabi/9.3.1/thumb/v7e-m+fp/hard/libgcc.a(_aeabi_ldivmod.o) (__aeabi_ldiv0)
/home/rahul/qorc-sdk/arm_toolchain_install/gcc-arm-none-eabi-9-2020-q2-update/bin/../lib/gcc/arm-none-eabi/9.3.1/../../../../arm-none-eabi/lib/thumb/v7e-m+fp/hard/libg_nano.a(lib_a-exit.o)
                              /home/rahul/qorc-sdk/arm_toolchain_install/gcc-arm-none-eabi-9-2020-q2-update/bin/../lib/gcc/arm-none-eabi/9.3.1/../../../../arm-none-eabi/lib/thumb/v7e-m+fp/hard/crt0.o (exit)
/home/rahul/qorc-sdk/arm_toolchain_install/gcc-arm-none-eabi-9-2020-q2-update/bin/../lib/gcc/arm-none-eabi/9.3.1/../../../../arm-none-eabi/lib/thumb/v7e-m+fp/hard/libg_nano.a(lib_a-impure.o)
                              /home/rahul/qorc-sdk/arm_toolchain_install/gcc-arm-none-eabi-9-2020-q2-update/bin/../lib/gcc/arm-none-eabi/9.3.1/../../../../arm-none-eabi/lib/thumb/v7e-m+fp/hard/libg_nano.a(lib_a-exit.o) (_global_impure_ptr)
/home/rahul/qorc-sdk/arm_toolchain_install/gcc-arm-none-eabi-9-2020-q2-update/bin/../lib/gcc/arm-none-eabi/9.3.1/../../../../arm-none-eabi/lib/thumb/v7e-m+fp/hard/libg_nano.a(lib_a-init.o)
                              /home/rahul/qorc-sdk/arm_toolchain_install/gcc-arm-none-eabi-9-2020-q2-update/bin/../lib/gcc/arm-none-eabi/9.3.1/../../../../arm-none-eabi/lib/thumb/v7e-m+fp/hard/crt0.o (__libc_init_array)
/home/rahul/qorc-sdk/arm_toolchain_install/gcc-arm-none-eabi-9-2020-q2-update/bin/../lib/gcc/arm-none-eabi/9.3.1/../../../../arm-none-eabi/lib/thumb/v7e-m+fp/hard/libg_nano.a(lib_a-malloc.o)
                              /home/rahul/qorc-sdk/qorc-testapps/qf_helloworldfpga/onoff/GCC_Project/output/circularBuffQueue.o (malloc)
/home/rahul/qorc-sdk/arm_toolchain_install/gcc-arm-none-eabi-9-2020-q2-update/bin/../lib/gcc/arm-none-eabi/9.3.1/../../../../arm-none-eabi/lib/thumb/v7e-m+fp/hard/libg_nano.a(lib_a-memcpy-stub.o)
                              /home/rahul/qorc-sdk/qorc-testapps/qf_helloworldfpga/onoff/GCC_Project/output/cli_args.o (memcpy)
/home/rahul/qorc-sdk/arm_toolchain_install/gcc-arm-none-eabi-9-2020-q2-update/bin/../lib/gcc/arm-none-eabi/9.3.1/../../../../arm-none-eabi/lib/thumb/v7e-m+fp/hard/libg_nano.a(lib_a-memset.o)
[...]
Memory Configuration

Name             Origin             Length             Attributes
rom              0x0000000000000000 0x0000000000027000 xr
ram              0x0000000020027000 0x000000000003c800 xrw
spiram           0x0000000020063800 0x0000000000000800 rw
HWA              0x0000000020064000 0x0000000000018000 rw
shm              0x000000002007c000 0x0000000000004000
*default*        0x0000000000000000 0xffffffffffffffff

Linker script and memory map

LOAD /home/rahul/qorc-sdk/arm_toolchain_install/gcc-arm-none-eabi-9-2020-q2-update/bin/../lib/gcc/arm-none-eabi/9.3.1/thumb/v7e-m+fp/hard/crti.o
LOAD /home/rahul/qorc-sdk/arm_toolchain_install/gcc-arm-none-eabi-9-2020-q2-update/bin/../lib/gcc/arm-none-eabi/9.3.1/thumb/v7e-m+fp/hard/crtbegin.o
LOAD /home/rahul/qorc-sdk/arm_toolchain_install/gcc-arm-none-eabi-9-2020-q2-update/bin/../lib/gcc/arm-none-eabi/9.3.1/../../../../arm-none-eabi/lib/thumb/v7e-m+fp/hard/crt0.o
LOAD /home/rahul/qorc-sdk/qorc-testapps/qf_helloworldfpga/onoff/GCC_Project/output/battery_level_monitor.o
LOAD /home/rahul/qorc-sdk/qorc-testapps/qf_helloworldfpga/onoff/GCC_Project/output/c_lib_retarget.o
LOAD /home/rahul/qorc-sdk/qorc-testapps/qf_helloworldfpga/onoff/GCC_Project/output/circularBuffQueue.o
LOAD /home/rahul/qorc-sdk/qorc-testapps/qf_helloworldfpga/onoff/GCC_Project/output/cli_args.o
LOAD /home/rahul/qorc-sdk/qorc-testapps/qf_helloworldfpga/onoff/GCC_Project/output/cli_hexdump.o
LOAD /home/rahul/qorc-sdk/qorc-testapps/qf_helloworldfpga/onoff/GCC_Project/output/cli_io.o
LOAD /home/rahul/qorc-sdk/qorc-testapps/qf_helloworldfpga/onoff/GCC_Project/output/cli_loop.o
LOAD /home/rahul/qorc-sdk/qorc-testapps/qf_helloworldfpga/onoff/GCC_Project/output/cli_misc.o
LOAD /home/rahul/qorc-sdk/qorc-testapps/qf_helloworldfpga/onoff/GCC_Project/output/cli_platform.o
LOAD /home/rahul/qorc-sdk/qorc-testapps/qf_helloworldfpga/onoff/GCC_Project/output/cli_stdcmds.o
LOAD /home/rahul/qorc-sdk/qorc-testapps/qf_helloworldfpga/onoff/GCC_Project/output/crc16.o
LOAD /home/rahul/qorc-sdk/qorc-testapps/qf_helloworldfpga/onoff/GCC_Project/output/crc32.o
LOAD /home/rahul/qorc-sdk/qorc-testapps/qf_helloworldfpga/onoff/GCC_Project/output/croutine.o
LOAD /home/rahul/qorc-sdk/qorc-testapps/qf_helloworldfpga/onoff/GCC_Project/output/dbg_bufferedprinttask.o
LOAD /home/rahul/qorc-sdk/qorc-testapps/qf_helloworldfpga/onoff/GCC_Project/output/dbg_queue_monitor.o
LOAD /home/rahul/qorc-sdk/qorc-testapps/qf_helloworldfpga/onoff/GCC_Project/output/dbg_uart.o
LOAD /home/rahul/qorc-sdk/qorc-testapps/qf_helloworldfpga/onoff/GCC_Project/output/dbgtrace.o
LOAD /home/rahul/qorc-sdk/qorc-testapps/qf_helloworldfpga/onoff/GCC_Project/output/eoss3_hal_adc.o
LOAD /home/rahul/qorc-sdk/qorc-testapps/qf_helloworldfpga/onoff/GCC_Project/output/eoss3_hal_gpio.o
LOAD /home/rahul/qorc-sdk/qorc-testapps/qf_helloworldfpga/onoff/GCC_Project/output/eoss3_hal_i2c.o
LOAD /home/rahul/qorc-sdk/qorc-testapps/qf_helloworldfpga/onoff/GCC_Project/output/eoss3_hal_i2s.o
LOAD /home/rahul/qorc-sdk/qorc-testapps/qf_helloworldfpga/onoff/GCC_Project/output/eoss3_hal_i2s_slave_assp.o
LOAD /home/rahul/qorc-sdk/qorc-testapps/qf_helloworldfpga/onoff/GCC_Project/output/eoss3_hal_pad_config.o
LOAD /home/rahul/qorc-sdk/qorc-testapps/qf_helloworldfpga/onoff/GCC_Project/output/eoss3_hal_pkfb.o
LOAD /home/rahul/qorc-sdk/qorc-testapps/qf_helloworldfpga/onoff/GCC_Project/output/eoss3_hal_rtc.o
LOAD /home/rahul/qorc-sdk/qorc-testapps/qf_helloworldfpga/onoff/GCC_Project/output/eoss3_hal_sdma.o
LOAD /home/rahul/qorc-sdk/qorc-testapps/qf_helloworldfpga/onoff/GCC_Project/output/eoss3_hal_spi.o
LOAD /home/rahul/qorc-sdk/qorc-testapps/qf_helloworldfpga/onoff/GCC_Project/output/eoss3_hal_timer.o
LOAD /home/rahul/qorc-sdk/qorc-testapps/qf_helloworldfpga/onoff/GCC_Project/output/eoss3_hal_uart.o
LOAD /home/rahul/qorc-sdk/qorc-testapps/qf_helloworldfpga/onoff/GCC_Project/output/eoss3_hal_wb.o
LOAD /home/rahul/qorc-sdk/qorc-testapps/qf_helloworldfpga/onoff/GCC_Project/output/eoss3_hal_wdt.o
LOAD /home/rahul/qorc-sdk/qorc-testapps/qf_helloworldfpga/onoff/GCC_Project/output/event_groups.o
LOAD /home/rahul/qorc-sdk/qorc-testapps/qf_helloworldfpga/onoff/GCC_Project/output/exceptions.o
LOAD /home/rahul/qorc-sdk/qorc-testapps/qf_helloworldfpga/onoff/GCC_Project/output/freertos_static_memory.o
LOAD /home/rahul/qorc-sdk/qorc-testapps/qf_helloworldfpga/onoff/GCC_Project/output/heap_4.o
LOAD /home/rahul/qorc-sdk/qorc-testapps/qf_helloworldfpga/onoff/GCC_Project/output/hearable_pwrcfg.o
LOAD /home/rahul/qorc-sdk/qorc-testapps/qf_helloworldfpga/onoff/GCC_Project/output/leds.o
LOAD /home/rahul/qorc-sdk/qorc-testapps/qf_helloworldfpga/onoff/GCC_Project/output/list.o
LOAD /home/rahul/qorc-sdk/qorc-testapps/qf_helloworldfpga/onoff/GCC_Project/output/main.o
LOAD /home/rahul/qorc-sdk/qorc-testapps/qf_helloworldfpga/onoff/GCC_Project/output/main_dbg_cli_menu.o
LOAD /home/rahul/qorc-sdk/qorc-testapps/qf_helloworldfpga/onoff/GCC_Project/output/onoffmain.o
LOAD /home/rahul/qorc-sdk/qorc-testapps/qf_helloworldfpga/onoff/GCC_Project/output/pincfg_table.o
LOAD /home/rahul/qorc-sdk/qorc-testapps/qf_helloworldfpga/onoff/GCC_Project/output/port.o
LOAD /home/rahul/qorc-sdk/qorc-testapps/qf_helloworldfpga/onoff/GCC_Project/output/qf_baremetalsetup.o
LOAD /home/rahul/qorc-sdk/qorc-testapps/qf_helloworldfpga/onoff/GCC_Project/output/qf_hardwaresetup.o
LOAD /home/rahul/qorc-sdk/qorc-testapps/qf_helloworldfpga/onoff/GCC_Project/output/ql_base64.o
LOAD /home/rahul/qorc-sdk/qorc-testapps/qf_helloworldfpga/onoff/GCC_Project/output/ql_stackwatermark.o
LOAD /home/rahul/qorc-sdk/qorc-testapps/qf_helloworldfpga/onoff/GCC_Project/output/ql_test_signals.o
LOAD /home/rahul/qorc-sdk/qorc-testapps/qf_helloworldfpga/onoff/GCC_Project/output/ql_time.o
LOAD /home/rahul/qorc-sdk/qorc-testapps/qf_helloworldfpga/onoff/GCC_Project/output/queue.o
LOAD /home/rahul/qorc-sdk/qorc-testapps/qf_helloworldfpga/onoff/GCC_Project/output/s3x_clock.o
LOAD /home/rahul/qorc-sdk/qorc-testapps/qf_helloworldfpga/onoff/GCC_Project/output/s3x_clock_hal.o
LOAD /home/rahul/qorc-sdk/qorc-testapps/qf_helloworldfpga/onoff/GCC_Project/output/s3x_cpuload.o
LOAD /home/rahul/qorc-sdk/qorc-testapps/qf_helloworldfpga/onoff/GCC_Project/output/s3x_dfs.o
LOAD /home/rahul/qorc-sdk/qorc-testapps/qf_helloworldfpga/onoff/GCC_Project/output/s3x_lpm.o
LOAD /home/rahul/qorc-sdk/qorc-testapps/qf_helloworldfpga/onoff/GCC_Project/output/s3x_pi.o
LOAD /home/rahul/qorc-sdk/qorc-testapps/qf_helloworldfpga/onoff/GCC_Project/output/s3x_pwrcfg.o
LOAD /home/rahul/qorc-sdk/qorc-testapps/qf_helloworldfpga/onoff/GCC_Project/output/s3x_qos.o
LOAD /home/rahul/qorc-sdk/qorc-testapps/qf_helloworldfpga/onoff/GCC_Project/output/sec_debug.o
LOAD /home/rahul/qorc-sdk/qorc-testapps/qf_helloworldfpga/onoff/GCC_Project/output/spi_flash.o
LOAD /home/rahul/qorc-sdk/qorc-testapps/qf_helloworldfpga/onoff/GCC_Project/output/startup_EOSS3B_GCC.o
LOAD /home/rahul/qorc-sdk/qorc-testapps/qf_helloworldfpga/onoff/GCC_Project/output/stream_buffer.o
LOAD /home/rahul/qorc-sdk/qorc-testapps/qf_helloworldfpga/onoff/GCC_Project/output/tasks.o
LOAD /home/rahul/qorc-sdk/qorc-testapps/qf_helloworldfpga/onoff/GCC_Project/output/timers.o
LOAD /home/rahul/qorc-sdk/qorc-testapps/qf_helloworldfpga/onoff/GCC_Project/output/vectors_CM4F_gcc.o
LOAD /home/rahul/qorc-sdk/qorc-testapps/qf_helloworldfpga/onoff/GCC_Project/output/watchdog.o
LOAD /home/rahul/qorc-sdk/arm_toolchain_install/gcc-arm-none-eabi-9-2020-q2-update/bin/../lib/gcc/arm-none-eabi/9.3.1/../../../../arm-none-eabi/lib/thumb/v7e-m+fp/hard/libm.a
LOAD /home/rahul/qorc-sdk/Libraries/CMSIS/lib/GCC/libarm_cortexM4lf_math.a
START GROUP
LOAD /home/rahul/qorc-sdk/arm_toolchain_install/gcc-arm-none-eabi-9-2020-q2-update/bin/../lib/gcc/arm-none-eabi/9.3.1/thumb/v7e-m+fp/hard/libgcc.a
LOAD /home/rahul/qorc-sdk/arm_toolchain_install/gcc-arm-none-eabi-9-2020-q2-update/bin/../lib/gcc/arm-none-eabi/9.3.1/../../../../arm-none-eabi/lib/thumb/v7e-m+fp/hard/libg_nano.a
LOAD /home/rahul/qorc-sdk/arm_toolchain_install/gcc-arm-none-eabi-9-2020-q2-update/bin/../lib/gcc/arm-none-eabi/9.3.1/../../../../arm-none-eabi/lib/thumb/v7e-m+fp/hard/libc_nano.a
END GROUP
START GROUP
LOAD /home/rahul/qorc-sdk/arm_toolchain_install/gcc-arm-none-eabi-9-2020-q2-update/bin/../lib/gcc/arm-none-eabi/9.3.1/thumb/v7e-m+fp/hard/libgcc.a
LOAD /home/rahul/qorc-sdk/arm_toolchain_install/gcc-arm-none-eabi-9-2020-q2-update/bin/../lib/gcc/arm-none-eabi/9.3.1/../../../../arm-none-eabi/lib/thumb/v7e-m+fp/hard/libc_nano.a
LOAD /home/rahul/qorc-sdk/arm_toolchain_install/gcc-arm-none-eabi-9-2020-q2-update/bin/../lib/gcc/arm-none-eabi/9.3.1/../../../../arm-none-eabi/lib/thumb/v7e-m+fp/hard/libnosys.a
END GROUP
START GROUP
LOAD /home/rahul/qorc-sdk/arm_toolchain_install/gcc-arm-none-eabi-9-2020-q2-update/bin/../lib/gcc/arm-none-eabi/9.3.1/thumb/v7e-m+fp/hard/libgcc.a
LOAD /home/rahul/qorc-sdk/arm_toolchain_install/gcc-arm-none-eabi-9-2020-q2-update/bin/../lib/gcc/arm-none-eabi/9.3.1/../../../../arm-none-eabi/lib/thumb/v7e-m+fp/hard/libc_nano.a
LOAD /home/rahul/qorc-sdk/arm_toolchain_install/gcc-arm-none-eabi-9-2020-q2-update/bin/../lib/gcc/arm-none-eabi/9.3.1/../../../../arm-none-eabi/lib/thumb/v7e-m+fp/hard/libnosys.a
END GROUP
LOAD /home/rahul/qorc-sdk/arm_toolchain_install/gcc-arm-none-eabi-9-2020-q2-update/bin/../lib/gcc/arm-none-eabi/9.3.1/thumb/v7e-m+fp/hard/crtend.o
LOAD /home/rahul/qorc-sdk/arm_toolchain_install/gcc-arm-none-eabi-9-2020-q2-update/bin/../lib/gcc/arm-none-eabi/9.3.1/thumb/v7e-m+fp/hard/crtn.o

.text           0x0000000000000000     0x7647
 *(.isr_vector)
 .isr_vector    0x0000000000000000      0x124 /home/rahul/qorc-sdk/qorc-testapps/qf_helloworldfpga/onoff/GCC_Project/output/vectors_CM4F_gcc.o
                0x0000000000000000                __Vectors
 *(.text*)
 .text          0x0000000000000124       0x40 /home/rahul/qorc-sdk/arm_toolchain_install/gcc-arm-none-eabi-9-2020-q2-update/bin/../lib/gcc/arm-none-eabi/9.3.1/thumb/v7e-m+fp/hard/crtbegin.o
 .text          0x0000000000000164       0x7c /home/rahul/qorc-sdk/arm_toolchain_install/gcc-arm-none-eabi-9-2020-q2-update/bin/../lib/gcc/arm-none-eabi/9.3.1/../../../../arm-none-eabi/lib/thumb/v7e-m+fp/hard/crt0.o
                0x0000000000000164                _stack_init
                0x000000000000016c                _mainCRTStartup
                0x000000000000016c                _start
 .text._write   0x00000000000001e0        0xe /home/rahul/qorc-sdk/qorc-testapps/qf_helloworldfpga/onoff/GCC_Project/output/c_lib_retarget.o
                0x00000000000001e0                _write
 .text._close   0x00000000000001ee        0x6 /home/rahul/qorc-sdk/qorc-testapps/qf_helloworldfpga/onoff/GCC_Project/output/c_lib_retarget.o
                0x00000000000001ee                _close
 .text._lseek   0x00000000000001f4        0x4 /home/rahul/qorc-sdk/qorc-testapps/qf_helloworldfpga/onoff/GCC_Project/output/c_lib_retarget.o
                0x00000000000001f4                _lseek
 .text._read    0x00000000000001f8        0x4 /home/rahul/qorc-sdk/qorc-testapps/qf_helloworldfpga/onoff/GCC_Project/output/c_lib_retarget.o
                0x00000000000001f8                _read
 .text.do_str_fetch
                0x00000000000001fc       0x38 /home/rahul/qorc-sdk/qorc-testapps/qf_helloworldfpga/onoff/GCC_Project/output/cli_args.o
 .text.CLI_string_ptr_get_subcmd
                0x0000000000000234       0x20 /home/rahul/qorc-sdk/qorc-testapps/qf_helloworldfpga/onoff/GCC_Project/output/cli_args.o
                0x0000000000000234                CLI_string_ptr_get_subcmd
 .text.CLI_numX_getshow_X
                0x0000000000000254      0x188 /home/rahul/qorc-sdk/qorc-testapps/qf_helloworldfpga/onoff/GCC_Project/output/cli_args.o
                0x0000000000000254                CLI_numX_getshow_X
 .text.CLI_uint8_getshow
                0x00000000000003dc        0x8 /home/rahul/qorc-sdk/qorc-testapps/qf_helloworldfpga/onoff/GCC_Project/output/cli_args.o
                0x00000000000003dc                CLI_uint8_getshow
 .text.append_key
                0x00000000000003e4       0x30 /home/rahul/qorc-sdk/qorc-testapps/qf_helloworldfpga/onoff/GCC_Project/output/cli_io.o
 .text.get_key_ignore_null
                0x0000000000000414       0x18 /home/rahul/qorc-sdk/qorc-testapps/qf_helloworldfpga/onoff/GCC_Project/output/cli_io.o
 .text.CLI_getkey_peek
                0x000000000000042c      0x110 /home/rahul/qorc-sdk/qorc-testapps/qf_helloworldfpga/onoff/GCC_Project/output/cli_io.o
                0x000000000000042c                CLI_getkey_peek
 .text.CLI_getkey
                0x000000000000053c       0x30 /home/rahul/qorc-sdk/qorc-testapps/qf_helloworldfpga/onoff/GCC_Project/output/cli_io.o
                0x000000000000053c                CLI_getkey
 .text.CLI_col0_timestamp
                0x000000000000056c       0x78 /home/rahul/qorc-sdk/qorc-testapps/qf_helloworldfpga/onoff/GCC_Project/output/cli_io.o
                0x000000000000056c                CLI_col0_timestamp
 .text.CLI_putc
                0x00000000000005e4       0x4c /home/rahul/qorc-sdk/qorc-testapps/qf_helloworldfpga/onoff/GCC_Project/output/cli_io.o
                0x00000000000005e4                CLI_putc
 .text.CLI_puts_no_nl
                0x0000000000000630       0x12 /home/rahul/qorc-sdk/qorc-testapps/qf_helloworldfpga/onoff/GCC_Project/output/cli_io.o
                0x0000000000000630                CLI_puts_no_nl
 *fill*         0x0000000000000642        0x2 
 .text.CLI_vprintf
                0x0000000000000644       0x24 /home/rahul/qorc-sdk/qorc-testapps/qf_helloworldfpga/onoff/GCC_Project/output/cli_io.o
                0x0000000000000644                CLI_vprintf
 .text.CLI_printf
                0x0000000000000668       0x1a /home/rahul/qorc-sdk/qorc-testapps/qf_helloworldfpga/onoff/GCC_Project/output/cli_io.o
                0x0000000000000668                CLI_printf
 *fill*         0x0000000000000682        0x2 
 .text.handle_help
                0x0000000000000684       0xc4 /home/rahul/qorc-sdk/qorc-testapps/qf_helloworldfpga/onoff/GCC_Project/output/cli_loop.o
 .text.CLI_cmd_stack_replace
                0x0000000000000748       0x10 /home/rahul/qorc-sdk/qorc-testapps/qf_helloworldfpga/onoff/GCC_Project/output/cli_loop.o
                0x0000000000000748                CLI_cmd_stack_replace
 .text.CLI_cmd_stack_push
                0x0000000000000758       0x30 /home/rahul/qorc-sdk/qorc-testapps/qf_helloworldfpga/onoff/GCC_Project/output/cli_loop.o
                0x0000000000000758                CLI_cmd_stack_push
 .text.CLI_cmd_stack_clear
                0x0000000000000788       0x24 /home/rahul/qorc-sdk/qorc-testapps/qf_helloworldfpga/onoff/GCC_Project/output/cli_loop.o
                0x0000000000000788                CLI_cmd_stack_clear
 .text.CLI_cmd_stack_pop
                0x00000000000007ac       0x40 /home/rahul/qorc-sdk/qorc-testapps/qf_helloworldfpga/onoff/GCC_Project/output/cli_loop.o
                0x00000000000007ac                CLI_cmd_stack_pop
 .text.handle_exit
                0x00000000000007ec       0x1c /home/rahul/qorc-sdk/qorc-testapps/qf_helloworldfpga/onoff/GCC_Project/output/cli_loop.o
 .text.CLI_init
                0x0000000000000808       0x24 /home/rahul/qorc-sdk/qorc-testapps/qf_helloworldfpga/onoff/GCC_Project/output/cli_loop.o
                0x0000000000000808                CLI_init
 .text.CLI_print_prompt
                0x000000000000082c       0x44 /home/rahul/qorc-sdk/qorc-testapps/qf_helloworldfpga/onoff/GCC_Project/output/cli_loop.o
                0x000000000000082c                CLI_print_prompt
 .text.CLI_dispatch_subcmd
                0x0000000000000870       0x84 /home/rahul/qorc-sdk/qorc-testapps/qf_helloworldfpga/onoff/GCC_Project/output/cli_loop.o
                0x0000000000000870                CLI_dispatch_subcmd
 .text.CLI_dispatch
                0x00000000000008f4       0xc0 /home/rahul/qorc-sdk/qorc-testapps/qf_helloworldfpga/onoff/GCC_Project/output/cli_loop.o
 .text.CLI_submenu_handler
                0x00000000000009b4       0x30 /home/rahul/qorc-sdk/qorc-testapps/qf_helloworldfpga/onoff/GCC_Project/output/cli_loop.o
                0x00000000000009b4                CLI_submenu_handler
 .text.CLI_verror
                0x00000000000009e4       0x40 /home/rahul/qorc-sdk/qorc-testapps/qf_helloworldfpga/onoff/GCC_Project/output/cli_loop.o
                0x00000000000009e4                CLI_verror
 .text.CLI_rx_byte
                0x0000000000000a24       0xec /home/rahul/qorc-sdk/qorc-testapps/qf_helloworldfpga/onoff/GCC_Project/output/cli_loop.o
                0x0000000000000a24                CLI_rx_byte
 .text.CLI_is_more_args
                0x0000000000000b10       0x14 /home/rahul/qorc-sdk/qorc-testapps/qf_helloworldfpga/onoff/GCC_Project/output/cli_misc.o
                0x0000000000000b10                CLI_is_more_args
 .text.CLI_error
                0x0000000000000b24       0x1a /home/rahul/qorc-sdk/qorc-testapps/qf_helloworldfpga/onoff/GCC_Project/output/cli_misc.o
                0x0000000000000b24                CLI_error
 *fill*         0x0000000000000b3e        0x2 
 .text.CLI_error_missing_parameter
                0x0000000000000b40        0xc /home/rahul/qorc-sdk/qorc-testapps/qf_helloworldfpga/onoff/GCC_Project/output/cli_misc.o
                0x0000000000000b40                CLI_error_missing_parameter
 .text.CLI_error_not_a_number
                0x0000000000000b4c       0x10 /home/rahul/qorc-sdk/qorc-testapps/qf_helloworldfpga/onoff/GCC_Project/output/cli_misc.o
                0x0000000000000b4c                CLI_error_not_a_number
 .text.CLI_task
                0x0000000000000b5c       0x54 /home/rahul/qorc-sdk/qorc-testapps/qf_helloworldfpga/onoff/GCC_Project/output/cli_platform.o
                0x0000000000000b5c                CLI_task
 .text.CLI_time_now
                0x0000000000000bb0        0x4 /home/rahul/qorc-sdk/qorc-testapps/qf_helloworldfpga/onoff/GCC_Project/output/cli_platform.o
                0x0000000000000bb0                CLI_time_now
 .text.CLI_beep
                0x0000000000000bb4        0x6 /home/rahul/qorc-sdk/qorc-testapps/qf_helloworldfpga/onoff/GCC_Project/output/cli_platform.o
                0x0000000000000bb4                CLI_beep
 .text.CLI_timeout_expired
                0x0000000000000bba       0x22 /home/rahul/qorc-sdk/qorc-testapps/qf_helloworldfpga/onoff/GCC_Project/output/cli_platform.o
                0x0000000000000bba                CLI_timeout_expired
 .text.CLI_putc_raw
                0x0000000000000bdc        0x8 /home/rahul/qorc-sdk/qorc-testapps/qf_helloworldfpga/onoff/GCC_Project/output/cli_platform.o
                0x0000000000000bdc                CLI_putc_raw
 .text.CLI_getkey_raw
                0x0000000000000be4       0x3c /home/rahul/qorc-sdk/qorc-testapps/qf_helloworldfpga/onoff/GCC_Project/output/cli_platform.o
                0x0000000000000be4                CLI_getkey_raw
 .text.CLI_start_task
                0x0000000000000c20       0x58 /home/rahul/qorc-sdk/qorc-testapps/qf_helloworldfpga/onoff/GCC_Project/output/cli_platform.o
                0x0000000000000c20                CLI_start_task
 .text.__debug_lockup
                0x0000000000000c78       0x14 /home/rahul/qorc-sdk/qorc-testapps/qf_helloworldfpga/onoff/GCC_Project/output/dbg_uart.o
 .text._semihost_write
                0x0000000000000c8c       0x54 /home/rahul/qorc-sdk/qorc-testapps/qf_helloworldfpga/onoff/GCC_Project/output/dbg_uart.o
                0x0000000000000c8c                _semihost_write
 .text.dbg_ch_raw
                0x0000000000000ce0       0x74 /home/rahul/qorc-sdk/qorc-testapps/qf_helloworldfpga/onoff/GCC_Project/output/dbg_uart.o
                0x0000000000000ce0                dbg_ch_raw
 .text.dbg_nl   0x0000000000000d54       0x12 /home/rahul/qorc-sdk/qorc-testapps/qf_helloworldfpga/onoff/GCC_Project/output/dbg_uart.o
                0x0000000000000d54                dbg_nl
 .text.dbg_ch   0x0000000000000d66        0xc /home/rahul/qorc-sdk/qorc-testapps/qf_helloworldfpga/onoff/GCC_Project/output/dbg_uart.o
                0x0000000000000d66                dbg_ch
 .text.dbg_hex4
                0x0000000000000d72       0x14 /home/rahul/qorc-sdk/qorc-testapps/qf_helloworldfpga/onoff/GCC_Project/output/dbg_uart.o
 .text.dbg_hex8
                0x0000000000000d86       0x14 /home/rahul/qorc-sdk/qorc-testapps/qf_helloworldfpga/onoff/GCC_Project/output/dbg_uart.o
                0x0000000000000d86                dbg_hex8
 .text.dbg_hex16
                0x0000000000000d9a       0x14 /home/rahul/qorc-sdk/qorc-testapps/qf_helloworldfpga/onoff/GCC_Project/output/dbg_uart.o
                0x0000000000000d9a                dbg_hex16
 .text.dbg_hex32
                0x0000000000000dae       0x14 /home/rahul/qorc-sdk/qorc-testapps/qf_helloworldfpga/onoff/GCC_Project/output/dbg_uart.o
                0x0000000000000dae                dbg_hex32
 .text._dbg_int
                0x0000000000000dc2       0x20 /home/rahul/qorc-sdk/qorc-testapps/qf_helloworldfpga/onoff/GCC_Project/output/dbg_uart.o
 .text.dbg_memdumpx
                0x0000000000000de2       0xea /home/rahul/qorc-sdk/qorc-testapps/qf_helloworldfpga/onoff/GCC_Project/output/dbg_uart.o
 .text.dbg_str  0x0000000000000ecc       0x84 /home/rahul/qorc-sdk/qorc-testapps/qf_helloworldfpga/onoff/GCC_Project/output/dbg_uart.o
                0x0000000000000ecc                dbg_str
 .text._dbg_str_xxx
                0x0000000000000f50       0x16 /home/rahul/qorc-sdk/qorc-testapps/qf_helloworldfpga/onoff/GCC_Project/output/dbg_uart.o
 .text.dbg_str_hexXX
                0x0000000000000f66       0x22 /home/rahul/qorc-sdk/qorc-testapps/qf_helloworldfpga/onoff/GCC_Project/output/dbg_uart.o
 .text.dbg_int  0x0000000000000f88       0x24 /home/rahul/qorc-sdk/qorc-testapps/qf_helloworldfpga/onoff/GCC_Project/output/dbg_uart.o
                0x0000000000000f88                dbg_int
 .text.dbg_str_str
                0x0000000000000fac       0x16 /home/rahul/qorc-sdk/qorc-testapps/qf_helloworldfpga/onoff/GCC_Project/output/dbg_uart.o
                0x0000000000000fac                dbg_str_str
 .text.dbg_str_int
                0x0000000000000fc2       0x16 /home/rahul/qorc-sdk/qorc-testapps/qf_helloworldfpga/onoff/GCC_Project/output/dbg_uart.o
                0x0000000000000fc2                dbg_str_int
 .text.dbg_str_hex32
                0x0000000000000fd8        0xc /home/rahul/qorc-sdk/qorc-testapps/qf_helloworldfpga/onoff/GCC_Project/output/dbg_uart.o
                0x0000000000000fd8                dbg_str_hex32
 .text.dbg_fatal_error
                0x0000000000000fe4       0x12 /home/rahul/qorc-sdk/qorc-testapps/qf_helloworldfpga/onoff/GCC_Project/output/dbg_uart.o
                0x0000000000000fe4                dbg_fatal_error
 .text.dbg_fatal_error_int
                0x0000000000000ff6        0xe /home/rahul/qorc-sdk/qorc-testapps/qf_helloworldfpga/onoff/GCC_Project/output/dbg_uart.o
                0x0000000000000ff6                dbg_fatal_error_int
 .text.dbg_memdump32
                0x0000000000001004       0x1e /home/rahul/qorc-sdk/qorc-testapps/qf_helloworldfpga/onoff/GCC_Project/output/dbg_uart.o
                0x0000000000001004                dbg_memdump32
 *fill*         0x0000000000001022        0x2 
 .text.HAL_PAD_Config
                0x0000000000001024      0x190 /home/rahul/qorc-sdk/qorc-testapps/qf_helloworldfpga/onoff/GCC_Project/output/eoss3_hal_pad_config.o
                0x0000000000001024                HAL_PAD_Config
 .text.configure_s3_pads
                0x00000000000011b4       0x1a /home/rahul/qorc-sdk/qorc-testapps/qf_helloworldfpga/onoff/GCC_Project/output/eoss3_hal_pad_config.o
                0x00000000000011b4                configure_s3_pads
 *fill*         0x00000000000011ce        0x2 
 .text.eoss3_rtc_enable_irq
                0x00000000000011d0       0x28 /home/rahul/qorc-sdk/qorc-testapps/qf_helloworldfpga/onoff/GCC_Project/output/eoss3_hal_rtc.o
 .text.write_rtc_reg
                0x00000000000011f8       0x18 /home/rahul/qorc-sdk/qorc-testapps/qf_helloworldfpga/onoff/GCC_Project/output/eoss3_hal_rtc.o
 .text.__rtc_setup_alarm.isra.0
                0x0000000000001210       0x44 /home/rahul/qorc-sdk/qorc-testapps/qf_helloworldfpga/onoff/GCC_Project/output/eoss3_hal_rtc.o
 .text.HAL_RTC_ISR
                0x0000000000001254       0x24 /home/rahul/qorc-sdk/qorc-testapps/qf_helloworldfpga/onoff/GCC_Project/output/eoss3_hal_rtc.o
                0x0000000000001254                HAL_RTC_ISR
 .text.unlock_spi1_bus
                0x0000000000001278       0x58 /home/rahul/qorc-sdk/qorc-testapps/qf_helloworldfpga/onoff/GCC_Project/output/eoss3_hal_spi.o
                0x0000000000001278                unlock_spi1_bus
 .text.SPI_DMA_Complete
                0x00000000000012d0       0x88 /home/rahul/qorc-sdk/qorc-testapps/qf_helloworldfpga/onoff/GCC_Project/output/eoss3_hal_spi.o
                0x00000000000012d0                SPI_DMA_Complete
 .text.HAL_SPI_IRQHandler
                0x0000000000001358       0x6c /home/rahul/qorc-sdk/qorc-testapps/qf_helloworldfpga/onoff/GCC_Project/output/eoss3_hal_spi.o
                0x0000000000001358                HAL_SPI_IRQHandler
 .text.HAL_Delay_Init
                0x00000000000013c4       0x54 /home/rahul/qorc-sdk/qorc-testapps/qf_helloworldfpga/onoff/GCC_Project/output/eoss3_hal_timer.o
                0x00000000000013c4                HAL_Delay_Init
 .text.HAL_DelayUSec
                0x0000000000001418       0x28 /home/rahul/qorc-sdk/qorc-testapps/qf_helloworldfpga/onoff/GCC_Project/output/eoss3_hal_timer.o
                0x0000000000001418                HAL_DelayUSec
 .text.HAL_Timer_ISR
                0x0000000000001440       0x88 /home/rahul/qorc-sdk/qorc-testapps/qf_helloworldfpga/onoff/GCC_Project/output/eoss3_hal_timer.o
                0x0000000000001440                HAL_Timer_ISR
 .text.uart_disable_irqs
                0x00000000000014c8       0x18 /home/rahul/qorc-sdk/qorc-testapps/qf_helloworldfpga/onoff/GCC_Project/output/eoss3_hal_uart.o
 .text.uart_baud_rate
                0x00000000000014e0       0x60 /home/rahul/qorc-sdk/qorc-testapps/qf_helloworldfpga/onoff/GCC_Project/output/eoss3_hal_uart.o
 .text.is_hw_uart_enabled
                0x0000000000001540       0x20 /home/rahul/qorc-sdk/qorc-testapps/qf_helloworldfpga/onoff/GCC_Project/output/eoss3_hal_uart.o
 .text.uart_lpm_callback
                0x0000000000001560       0x74 /home/rahul/qorc-sdk/qorc-testapps/qf_helloworldfpga/onoff/GCC_Project/output/eoss3_hal_uart.o
 .text.uart_init
                0x00000000000015d4      0x164 /home/rahul/qorc-sdk/qorc-testapps/qf_helloworldfpga/onoff/GCC_Project/output/eoss3_hal_uart.o
                0x00000000000015d4                uart_init
 .text.uart_isr_handler
                0x0000000000001738       0x90 /home/rahul/qorc-sdk/qorc-testapps/qf_helloworldfpga/onoff/GCC_Project/output/eoss3_hal_uart.o
                0x0000000000001738                uart_isr_handler
 .text.uart_tx_raw
                0x00000000000017c8       0x38 /home/rahul/qorc-sdk/qorc-testapps/qf_helloworldfpga/onoff/GCC_Project/output/eoss3_hal_uart.o
                0x00000000000017c8                uart_tx_raw
 .text.uart_tx  0x0000000000001800       0x1c /home/rahul/qorc-sdk/qorc-testapps/qf_helloworldfpga/onoff/GCC_Project/output/eoss3_hal_uart.o
                0x0000000000001800                uart_tx
 .text.uart_tx_buf
                0x000000000000181c       0x1a /home/rahul/qorc-sdk/qorc-testapps/qf_helloworldfpga/onoff/GCC_Project/output/eoss3_hal_uart.o
                0x000000000000181c                uart_tx_buf
 *fill*         0x0000000000001836        0x2 
 .text.uart_rx_wait
                0x0000000000001838       0x34 /home/rahul/qorc-sdk/qorc-testapps/qf_helloworldfpga/onoff/GCC_Project/output/eoss3_hal_uart.o
                0x0000000000001838                uart_rx_wait
 .text.uart_rx_available
                0x000000000000186c       0x34 /home/rahul/qorc-sdk/qorc-testapps/qf_helloworldfpga/onoff/GCC_Project/output/eoss3_hal_uart.o
                0x000000000000186c                uart_rx_available
 .text.uart_rx  0x00000000000018a0       0x60 /home/rahul/qorc-sdk/qorc-testapps/qf_helloworldfpga/onoff/GCC_Project/output/eoss3_hal_uart.o
                0x00000000000018a0                uart_rx
 .text.WDT_ISR  0x0000000000001900       0x8c /home/rahul/qorc-sdk/qorc-testapps/qf_helloworldfpga/onoff/GCC_Project/output/eoss3_hal_wdt.o
                0x0000000000001900                WDT_ISR
 .text.spurious_interrupt
                0x000000000000198c        0xc /home/rahul/qorc-sdk/qorc-testapps/qf_helloworldfpga/onoff/GCC_Project/output/exceptions.o
 .text.prvGetRegistersFromStack
                0x0000000000001998       0xf0 /home/rahul/qorc-sdk/qorc-testapps/qf_helloworldfpga/onoff/GCC_Project/output/exceptions.o
                0x0000000000001998                prvGetRegistersFromStack
 .text.HardFault_Handler
                0x0000000000001a88       0x16 /home/rahul/qorc-sdk/qorc-testapps/qf_helloworldfpga/onoff/GCC_Project/output/exceptions.o
                0x0000000000001a88                HardFault_Handler
 .text.NMI_Handler
                0x0000000000001a9e        0x6 /home/rahul/qorc-sdk/qorc-testapps/qf_helloworldfpga/onoff/GCC_Project/output/exceptions.o
                0x0000000000001a9e                NMI_Handler
 .text.MemManage_Handler
                0x0000000000001aa4        0x6 /home/rahul/qorc-sdk/qorc-testapps/qf_helloworldfpga/onoff/GCC_Project/output/exceptions.o
                0x0000000000001aa4                MemManage_Handler
 .text.BusFault_Handler
                0x0000000000001aaa        0x6 /home/rahul/qorc-sdk/qorc-testapps/qf_helloworldfpga/onoff/GCC_Project/output/exceptions.o
                0x0000000000001aaa                BusFault_Handler
 .text.UsageFault_Handler
                0x0000000000001ab0        0x6 /home/rahul/qorc-sdk/qorc-testapps/qf_helloworldfpga/onoff/GCC_Project/output/exceptions.o
                0x0000000000001ab0                UsageFault_Handler
 .text.DebugMon_Handler
                0x0000000000001ab6        0x6 /home/rahul/qorc-sdk/qorc-testapps/qf_helloworldfpga/onoff/GCC_Project/output/exceptions.o
                0x0000000000001ab6                DebugMon_Handler
 .text.Uart_Handler
                0x0000000000001abc       0x50 /home/rahul/qorc-sdk/qorc-testapps/qf_helloworldfpga/onoff/GCC_Project/output/exceptions.o
                0x0000000000001abc                Uart_Handler
 .text.Timer_Handler
                0x0000000000001b0c       0x24 /home/rahul/qorc-sdk/qorc-testapps/qf_helloworldfpga/onoff/GCC_Project/output/exceptions.o
                0x0000000000001b0c                Timer_Handler
 .text.CpuWdtInt_Handler
                0x0000000000001b30       0x24 /home/rahul/qorc-sdk/qorc-testapps/qf_helloworldfpga/onoff/GCC_Project/output/exceptions.o
                0x0000000000001b30                CpuWdtInt_Handler
 .text.CpuWdtRst_Handler
                0x0000000000001b54        0x6 /home/rahul/qorc-sdk/qorc-testapps/qf_helloworldfpga/onoff/GCC_Project/output/exceptions.o
                0x0000000000001b54                CpuWdtRst_Handler
 .text.BusTimeout_Handler
                0x0000000000001b5a        0x6 /home/rahul/qorc-sdk/qorc-testapps/qf_helloworldfpga/onoff/GCC_Project/output/exceptions.o
                0x0000000000001b5a                BusTimeout_Handler
 .text.Fpu_Handler
                0x0000000000001b60        0x6 /home/rahul/qorc-sdk/qorc-testapps/qf_helloworldfpga/onoff/GCC_Project/output/exceptions.o
                0x0000000000001b60                Fpu_Handler
 *fill*         0x0000000000001b66        0x2 
 .text.Pkfb_Handler
                0x0000000000001b68       0x10 /home/rahul/qorc-sdk/qorc-testapps/qf_helloworldfpga/onoff/GCC_Project/output/exceptions.o
                0x0000000000001b68                Pkfb_Handler
 .text.I2s_Handler
                0x0000000000001b78        0x6 /home/rahul/qorc-sdk/qorc-testapps/qf_helloworldfpga/onoff/GCC_Project/output/exceptions.o
                0x0000000000001b78                I2s_Handler
 .text.Audio_Handler
                0x0000000000001b7e        0x6 /home/rahul/qorc-sdk/qorc-testapps/qf_helloworldfpga/onoff/GCC_Project/output/exceptions.o
                0x0000000000001b7e                Audio_Handler
 .text.SpiMs_Handler
                0x0000000000001b84       0x5c /home/rahul/qorc-sdk/qorc-testapps/qf_helloworldfpga/onoff/GCC_Project/output/exceptions.o
                0x0000000000001b84                SpiMs_Handler
 .text.CfgDma_Handler
                0x0000000000001be0       0x28 /home/rahul/qorc-sdk/qorc-testapps/qf_helloworldfpga/onoff/GCC_Project/output/exceptions.o
                0x0000000000001be0                CfgDma_Handler
 .text.PmuTimer_Handler
                0x0000000000001c08        0x2 /home/rahul/qorc-sdk/qorc-testapps/qf_helloworldfpga/onoff/GCC_Project/output/exceptions.o
                0x0000000000001c08                PmuTimer_Handler
 .text.AdcDone_Handler
                0x0000000000001c0a        0x8 /home/rahul/qorc-sdk/qorc-testapps/qf_helloworldfpga/onoff/GCC_Project/output/exceptions.o
                0x0000000000001c0a                AdcDone_Handler
 *fill*         0x0000000000001c12        0x2 
 .text.RtcAlarm_Handler
                0x0000000000001c14       0x1c /home/rahul/qorc-sdk/qorc-testapps/qf_helloworldfpga/onoff/GCC_Project/output/exceptions.o
                0x0000000000001c14                RtcAlarm_Handler
 .text.ResetInt_Handler
                0x0000000000001c30        0x8 /home/rahul/qorc-sdk/qorc-testapps/qf_helloworldfpga/onoff/GCC_Project/output/exceptions.o
                0x0000000000001c30                ResetInt_Handler
 .text.Ffe0_Handler
                0x0000000000001c38       0x18 /home/rahul/qorc-sdk/qorc-testapps/qf_helloworldfpga/onoff/GCC_Project/output/exceptions.o
                0x0000000000001c38                Ffe0_Handler
 .text.FbMsg_Handler
                0x0000000000001c50       0x6c /home/rahul/qorc-sdk/qorc-testapps/qf_helloworldfpga/onoff/GCC_Project/output/exceptions.o
                0x0000000000001c50                FbMsg_Handler
 .text.SensorGpio_Handler
                0x0000000000001cbc        0x8 /home/rahul/qorc-sdk/qorc-testapps/qf_helloworldfpga/onoff/GCC_Project/output/exceptions.o
                0x0000000000001cbc                SensorGpio_Handler
 .text.M4SramSleep_Handler
                0x0000000000001cc4        0x8 /home/rahul/qorc-sdk/qorc-testapps/qf_helloworldfpga/onoff/GCC_Project/output/exceptions.o
                0x0000000000001cc4                M4SramSleep_Handler
 .text.LDO30_PG_Handler
                0x0000000000001ccc        0x8 /home/rahul/qorc-sdk/qorc-testapps/qf_helloworldfpga/onoff/GCC_Project/output/exceptions.o
                0x0000000000001ccc                LDO30_PG_Handler
 .text.LDO50_PG_Handler
                0x0000000000001cd4        0x8 /home/rahul/qorc-sdk/qorc-testapps/qf_helloworldfpga/onoff/GCC_Project/output/exceptions.o
                0x0000000000001cd4                LDO50_PG_Handler
 .text.DMIC_Voice_Det_Handler
                0x0000000000001cdc        0x8 /home/rahul/qorc-sdk/qorc-testapps/qf_helloworldfpga/onoff/GCC_Project/output/exceptions.o
                0x0000000000001cdc                DMIC_Voice_Det_Handler
 .text.ApPDMClkOn_Handler
                0x0000000000001ce4        0x8 /home/rahul/qorc-sdk/qorc-testapps/qf_helloworldfpga/onoff/GCC_Project/output/exceptions.o
                0x0000000000001ce4                ApPDMClkOn_Handler
 .text.ApPDMClkOff_Handler
                0x0000000000001cec        0x8 /home/rahul/qorc-sdk/qorc-testapps/qf_helloworldfpga/onoff/GCC_Project/output/exceptions.o
                0x0000000000001cec                ApPDMClkOff_Handler
 .text.Dmac0BlkDone_Handler
                0x0000000000001cf4        0x8 /home/rahul/qorc-sdk/qorc-testapps/qf_helloworldfpga/onoff/GCC_Project/output/exceptions.o
                0x0000000000001cf4                Dmac0BlkDone_Handler
 .text.Dmac0BufDone_Handler
                0x0000000000001cfc        0x8 /home/rahul/qorc-sdk/qorc-testapps/qf_helloworldfpga/onoff/GCC_Project/output/exceptions.o
                0x0000000000001cfc                Dmac0BufDone_Handler
 .text.Dmac1BlkDone_Handler
                0x0000000000001d04        0x8 /home/rahul/qorc-sdk/qorc-testapps/qf_helloworldfpga/onoff/GCC_Project/output/exceptions.o
                0x0000000000001d04                Dmac1BlkDone_Handler
 .text.Dmac1BufDone_Handler
                0x0000000000001d0c        0x8 /home/rahul/qorc-sdk/qorc-testapps/qf_helloworldfpga/onoff/GCC_Project/output/exceptions.o
                0x0000000000001d0c                Dmac1BufDone_Handler
 .text.Sdma0Done_Handler
                0x0000000000001d14        0x8 /home/rahul/qorc-sdk/qorc-testapps/qf_helloworldfpga/onoff/GCC_Project/output/exceptions.o
                0x0000000000001d14                Sdma0Done_Handler
 .text.Sdma1Done_Handler
                0x0000000000001d1c        0x8 /home/rahul/qorc-sdk/qorc-testapps/qf_helloworldfpga/onoff/GCC_Project/output/exceptions.o
                0x0000000000001d1c                Sdma1Done_Handler
 .text.Sdma2Done_Handler
                0x0000000000001d24        0x8 /home/rahul/qorc-sdk/qorc-testapps/qf_helloworldfpga/onoff/GCC_Project/output/exceptions.o
                0x0000000000001d24                Sdma2Done_Handler
 .text.Sdma3Done_Handler
                0x0000000000001d2c        0x8 /home/rahul/qorc-sdk/qorc-testapps/qf_helloworldfpga/onoff/GCC_Project/output/exceptions.o
                0x0000000000001d2c                Sdma3Done_Handler
 .text.Sdma4Done_Handler
                0x0000000000001d34        0x8 /home/rahul/qorc-sdk/qorc-testapps/qf_helloworldfpga/onoff/GCC_Project/output/exceptions.o
                0x0000000000001d34                Sdma4Done_Handler
 .text.Sdma5Done_Handler
                0x0000000000001d3c        0x8 /home/rahul/qorc-sdk/qorc-testapps/qf_helloworldfpga/onoff/GCC_Project/output/exceptions.o
                0x0000000000001d3c                Sdma5Done_Handler
 .text.Sdma6Done_Handler
                0x0000000000001d44        0x8 /home/rahul/qorc-sdk/qorc-testapps/qf_helloworldfpga/onoff/GCC_Project/output/exceptions.o
                0x0000000000001d44                Sdma6Done_Handler
 .text.Sdma7Done_Handler
                0x0000000000001d4c        0x8 /home/rahul/qorc-sdk/qorc-testapps/qf_helloworldfpga/onoff/GCC_Project/output/exceptions.o
                0x0000000000001d4c                Sdma7Done_Handler
 .text.Sdma8Done_Handler
                0x0000000000001d54        0x8 /home/rahul/qorc-sdk/qorc-testapps/qf_helloworldfpga/onoff/GCC_Project/output/exceptions.o
                0x0000000000001d54                Sdma8Done_Handler
 .text.Sdma9Done_Handler
                0x0000000000001d5c        0x8 /home/rahul/qorc-sdk/qorc-testapps/qf_helloworldfpga/onoff/GCC_Project/output/exceptions.o
                0x0000000000001d5c                Sdma9Done_Handler
 .text.Sdma10Done_Handler
                0x0000000000001d64        0x8 /home/rahul/qorc-sdk/qorc-testapps/qf_helloworldfpga/onoff/GCC_Project/output/exceptions.o
                0x0000000000001d64                Sdma10Done_Handler
 .text.Sdma11Done_Handler
                0x0000000000001d6c        0x8 /home/rahul/qorc-sdk/qorc-testapps/qf_helloworldfpga/onoff/GCC_Project/output/exceptions.o
                0x0000000000001d6c                Sdma11Done_Handler
 .text.SdmaErr_Handler
                0x0000000000001d74        0x8 /home/rahul/qorc-sdk/qorc-testapps/qf_helloworldfpga/onoff/GCC_Project/output/exceptions.o
                0x0000000000001d74                SdmaErr_Handler
 .text.I2S_SlvM4TxOr_Handler
                0x0000000000001d7c        0x8 /home/rahul/qorc-sdk/qorc-testapps/qf_helloworldfpga/onoff/GCC_Project/output/exceptions.o
                0x0000000000001d7c                I2S_SlvM4TxOr_Handler
 .text.SRAM_128KB_Handler
                0x0000000000001d84        0x8 /home/rahul/qorc-sdk/qorc-testapps/qf_helloworldfpga/onoff/GCC_Project/output/exceptions.o
                0x0000000000001d84                SRAM_128KB_Handler
 .text.LPSD_Voice_Det_Handler
                0x0000000000001d8c        0x8 /home/rahul/qorc-sdk/qorc-testapps/qf_helloworldfpga/onoff/GCC_Project/output/exceptions.o
                0x0000000000001d8c                LPSD_Voice_Det_Handler
 .text.FfeWdt_Handler
                0x0000000000001d94        0x8 /home/rahul/qorc-sdk/qorc-testapps/qf_helloworldfpga/onoff/GCC_Project/output/exceptions.o
                0x0000000000001d94                FfeWdt_Handler
 .text.ApBoot_Handler
                0x0000000000001d9c        0x8 /home/rahul/qorc-sdk/qorc-testapps/qf_helloworldfpga/onoff/GCC_Project/output/exceptions.o
                0x0000000000001d9c                ApBoot_Handler
 .text.SwInt2_Handler
                0x0000000000001da4        0x8 /home/rahul/qorc-sdk/qorc-testapps/qf_helloworldfpga/onoff/GCC_Project/output/exceptions.o
                0x0000000000001da4                SwInt2_Handler
 .text.SwInt1_Handler
                0x0000000000001dac       0x24 /home/rahul/qorc-sdk/qorc-testapps/qf_helloworldfpga/onoff/GCC_Project/output/exceptions.o
                0x0000000000001dac                SwInt1_Handler
 .text.Ffe0Msg_Handler
                0x0000000000001dd0        0x8 /home/rahul/qorc-sdk/qorc-testapps/qf_helloworldfpga/onoff/GCC_Project/output/exceptions.o
                0x0000000000001dd0                Ffe0Msg_Handler
 .text.lpsdVoiceOffHandler
                0x0000000000001dd8        0x8 /home/rahul/qorc-sdk/qorc-testapps/qf_helloworldfpga/onoff/GCC_Project/output/exceptions.o
                0x0000000000001dd8                lpsdVoiceOffHandler
 .text.dmicVoiceOffHandler
                0x0000000000001de0        0x8 /home/rahul/qorc-sdk/qorc-testapps/qf_helloworldfpga/onoff/GCC_Project/output/exceptions.o
                0x0000000000001de0                dmicVoiceOffHandler
 .text.vApplicationMallocFailedHook
                0x0000000000001de8       0x24 /home/rahul/qorc-sdk/qorc-testapps/qf_helloworldfpga/onoff/GCC_Project/output/exceptions.o
                0x0000000000001de8                vApplicationMallocFailedHook
 .text.vApplicationStackOverflowHook
                0x0000000000001e0c       0x24 /home/rahul/qorc-sdk/qorc-testapps/qf_helloworldfpga/onoff/GCC_Project/output/exceptions.o
                0x0000000000001e0c                vApplicationStackOverflowHook
 .text.vApplicationTickHook
                0x0000000000001e30        0x2 /home/rahul/qorc-sdk/qorc-testapps/qf_helloworldfpga/onoff/GCC_Project/output/exceptions.o
                0x0000000000001e30                vApplicationTickHook
 *fill*         0x0000000000001e32        0x2 
 .text.prvInsertBlockIntoFreeList
                0x0000000000001e34       0x74 /home/rahul/qorc-sdk/qorc-testapps/qf_helloworldfpga/onoff/GCC_Project/output/heap_4.o
 .text.pvPortMalloc
                0x0000000000001ea8      0x198 /home/rahul/qorc-sdk/qorc-testapps/qf_helloworldfpga/onoff/GCC_Project/output/heap_4.o
                0x0000000000001ea8                pvPortMalloc
 .text.vPortFree
                0x0000000000002040       0xa0 /home/rahul/qorc-sdk/qorc-testapps/qf_helloworldfpga/onoff/GCC_Project/output/heap_4.o
                0x0000000000002040                vPortFree
 .text.vListInitialise
                0x00000000000020e0       0x16 /home/rahul/qorc-sdk/qorc-testapps/qf_helloworldfpga/onoff/GCC_Project/output/list.o
                0x00000000000020e0                vListInitialise
 .text.vListInitialiseItem
                0x00000000000020f6        0x6 /home/rahul/qorc-sdk/qorc-testapps/qf_helloworldfpga/onoff/GCC_Project/output/list.o
                0x00000000000020f6                vListInitialiseItem
 .text.vListInsertEnd
                0x00000000000020fc       0x18 /home/rahul/qorc-sdk/qorc-testapps/qf_helloworldfpga/onoff/GCC_Project/output/list.o
                0x00000000000020fc                vListInsertEnd
 .text.vListInsert
                0x0000000000002114       0x2e /home/rahul/qorc-sdk/qorc-testapps/qf_helloworldfpga/onoff/GCC_Project/output/list.o
                0x0000000000002114                vListInsert
 .text.uxListRemove
                0x0000000000002142       0x20 /home/rahul/qorc-sdk/qorc-testapps/qf_helloworldfpga/onoff/GCC_Project/output/list.o
                0x0000000000002142                uxListRemove
 .text.SystemInit
                0x0000000000002162        0x2 /home/rahul/qorc-sdk/qorc-testapps/qf_helloworldfpga/onoff/GCC_Project/output/main.o
                0x0000000000002162                SystemInit
 .text.PyHal_GPIO_Set
                0x0000000000002164       0x34 /home/rahul/qorc-sdk/qorc-testapps/qf_helloworldfpga/onoff/GCC_Project/output/main.o
                0x0000000000002164                PyHal_GPIO_Set
 .text.startup.main
                0x0000000000002198       0xf0 /home/rahul/qorc-sdk/qorc-testapps/qf_helloworldfpga/onoff/GCC_Project/output/main.o
                0x0000000000002198                main
 .text.set_gpio_input
                0x0000000000002288       0x34 /home/rahul/qorc-sdk/qorc-testapps/qf_helloworldfpga/onoff/GCC_Project/output/main_dbg_cli_menu.o
 .text.set_gpio_output
                0x00000000000022bc       0x60 /home/rahul/qorc-sdk/qorc-testapps/qf_helloworldfpga/onoff/GCC_Project/output/main_dbg_cli_menu.o
 .text.get_gpio_value
                0x000000000000231c       0x50 /home/rahul/qorc-sdk/qorc-testapps/qf_helloworldfpga/onoff/GCC_Project/output/main_dbg_cli_menu.o
 .text.prvTaskExitError
                0x000000000000236c       0x50 /home/rahul/qorc-sdk/qorc-testapps/qf_helloworldfpga/onoff/GCC_Project/output/port.o
 .text.pxPortInitialiseStack
                0x00000000000023bc       0x2c /home/rahul/qorc-sdk/qorc-testapps/qf_helloworldfpga/onoff/GCC_Project/output/port.o
                0x00000000000023bc                pxPortInitialiseStack
 *fill*         0x00000000000023e8        0x8 
 .text.SVC_Handler
                0x00000000000023f0       0x24 /home/rahul/qorc-sdk/qorc-testapps/qf_helloworldfpga/onoff/GCC_Project/output/port.o
                0x00000000000023f0                SVC_Handler
 .text.vPortEnterCritical
                0x0000000000002414       0x58 /home/rahul/qorc-sdk/qorc-testapps/qf_helloworldfpga/onoff/GCC_Project/output/port.o
                0x0000000000002414                vPortEnterCritical
 .text.vPortExitCritical
                0x000000000000246c       0x3c /home/rahul/qorc-sdk/qorc-testapps/qf_helloworldfpga/onoff/GCC_Project/output/port.o
                0x000000000000246c                vPortExitCritical
 *fill*         0x00000000000024a8        0x8 
 .text.PendSV_Handler
                0x00000000000024b0       0x64 /home/rahul/qorc-sdk/qorc-testapps/qf_helloworldfpga/onoff/GCC_Project/output/port.o
                0x00000000000024b0                PendSV_Handler
 .text.xPortSysTickHandler
                0x0000000000002514       0x2c /home/rahul/qorc-sdk/qorc-testapps/qf_helloworldfpga/onoff/GCC_Project/output/port.o
                0x0000000000002514                xPortSysTickHandler
 .text.vPortValidateInterruptPriority
                0x0000000000002540       0x7c /home/rahul/qorc-sdk/qorc-testapps/qf_helloworldfpga/onoff/GCC_Project/output/port.o
                0x0000000000002540                vPortValidateInterruptPriority
 .text.system_init
                0x00000000000025bc       0x6c /home/rahul/qorc-sdk/qorc-testapps/qf_helloworldfpga/onoff/GCC_Project/output/qf_hardwaresetup.o
                0x00000000000025bc                system_init
 .text.qf_hardwareSetup
                0x0000000000002628       0x78 /home/rahul/qorc-sdk/qorc-testapps/qf_helloworldfpga/onoff/GCC_Project/output/qf_hardwaresetup.o
                0x0000000000002628                qf_hardwareSetup
 .text.prvIsQueueEmpty
                0x00000000000026a0       0x16 /home/rahul/qorc-sdk/qorc-testapps/qf_helloworldfpga/onoff/GCC_Project/output/queue.o
 .text.prvCopyDataToQueue
                0x00000000000026b6       0x78 /home/rahul/qorc-sdk/qorc-testapps/qf_helloworldfpga/onoff/GCC_Project/output/queue.o
 .text.prvCopyDataFromQueue
                0x000000000000272e       0x2c /home/rahul/qorc-sdk/qorc-testapps/qf_helloworldfpga/onoff/GCC_Project/output/queue.o
 .text.prvUnlockQueue
                0x000000000000275a       0x70 /home/rahul/qorc-sdk/qorc-testapps/qf_helloworldfpga/onoff/GCC_Project/output/queue.o
 *fill*         0x00000000000027ca        0x2 
 .text.xQueueGenericReset
                0x00000000000027cc       0x90 /home/rahul/qorc-sdk/qorc-testapps/qf_helloworldfpga/onoff/GCC_Project/output/queue.o
                0x00000000000027cc                xQueueGenericReset
 .text.xQueueGenericCreate
                0x000000000000285c       0x74 /home/rahul/qorc-sdk/qorc-testapps/qf_helloworldfpga/onoff/GCC_Project/output/queue.o
                0x000000000000285c                xQueueGenericCreate
 .text.xQueueGenericSend
                0x00000000000028d0      0x19c /home/rahul/qorc-sdk/qorc-testapps/qf_helloworldfpga/onoff/GCC_Project/output/queue.o
                0x00000000000028d0                xQueueGenericSend
 .text.xQueueGenericSendFromISR
                0x0000000000002a6c       0xf0 /home/rahul/qorc-sdk/qorc-testapps/qf_helloworldfpga/onoff/GCC_Project/output/queue.o
                0x0000000000002a6c                xQueueGenericSendFromISR
 .text.xQueueGenericSendFromISRDebug
                0x0000000000002b5c       0x30 /home/rahul/qorc-sdk/qorc-testapps/qf_helloworldfpga/onoff/GCC_Project/output/queue.o
                0x0000000000002b5c                xQueueGenericSendFromISRDebug
 .text.xQueueGiveFromISR
                0x0000000000002b8c       0xdc /home/rahul/qorc-sdk/qorc-testapps/qf_helloworldfpga/onoff/GCC_Project/output/queue.o
                0x0000000000002b8c                xQueueGiveFromISR
 .text.xQueueReceive
                0x0000000000002c68      0x160 /home/rahul/qorc-sdk/qorc-testapps/qf_helloworldfpga/onoff/GCC_Project/output/queue.o
                0x0000000000002c68                xQueueReceive
 .text.xQueueSemaphoreTake
                0x0000000000002dc8      0x1b0 /home/rahul/qorc-sdk/qorc-testapps/qf_helloworldfpga/onoff/GCC_Project/output/queue.o
                0x0000000000002dc8                xQueueSemaphoreTake
 .text.xQueuePeek
                0x0000000000002f78      0x160 /home/rahul/qorc-sdk/qorc-testapps/qf_helloworldfpga/onoff/GCC_Project/output/queue.o
                0x0000000000002f78                xQueuePeek
 .text.uxQueueMessagesWaiting
                0x00000000000030d8       0x3c /home/rahul/qorc-sdk/qorc-testapps/qf_helloworldfpga/onoff/GCC_Project/output/queue.o
                0x00000000000030d8                uxQueueMessagesWaiting
 .text.vQueueAddToRegistry
                0x0000000000003114       0x24 /home/rahul/qorc-sdk/qorc-testapps/qf_helloworldfpga/onoff/GCC_Project/output/queue.o
                0x0000000000003114                vQueueAddToRegistry
 .text.s3x_clkd_write_div
                0x0000000000003138       0xa8 /home/rahul/qorc-sdk/qorc-testapps/qf_helloworldfpga/onoff/GCC_Project/output/s3x_clock.o
 .text.s3x_clkd_read_div
                0x00000000000031e0       0x44 /home/rahul/qorc-sdk/qorc-testapps/qf_helloworldfpga/onoff/GCC_Project/output/s3x_clock.o
 .text.s3x_clkd_cal_div.part.0
                0x0000000000003224       0x30 /home/rahul/qorc-sdk/qorc-testapps/qf_helloworldfpga/onoff/GCC_Project/output/s3x_clock.o
 .text.S3x_Id_To_Domain
                0x0000000000003254       0x1c /home/rahul/qorc-sdk/qorc-testapps/qf_helloworldfpga/onoff/GCC_Project/output/s3x_clock.o
                0x0000000000003254                S3x_Id_To_Domain
 .text.S3x_Clkd_Get_Cpu_Rate
                0x0000000000003270        0xc /home/rahul/qorc-sdk/qorc-testapps/qf_helloworldfpga/onoff/GCC_Project/output/s3x_clock.o
                0x0000000000003270                S3x_Clkd_Get_Cpu_Rate
 .text.s3x_clkd_update_div_val
                0x000000000000327c       0x4c /home/rahul/qorc-sdk/qorc-testapps/qf_helloworldfpga/onoff/GCC_Project/output/s3x_clock.o
                0x000000000000327c                s3x_clkd_update_div_val
 .text.s3x_clkd_update_fd_rate
                0x00000000000032c8        0xe /home/rahul/qorc-sdk/qorc-testapps/qf_helloworldfpga/onoff/GCC_Project/output/s3x_clock.o
                0x00000000000032c8                s3x_clkd_update_fd_rate
 *fill*         0x00000000000032d6        0x2 
 .text.s3x_clkd_update_sd_div
                0x00000000000032d8       0x5c /home/rahul/qorc-sdk/qorc-testapps/qf_helloworldfpga/onoff/GCC_Project/output/s3x_clock.o
 .text.s3x_clkd_update_all_src_div
                0x0000000000003334       0xcc /home/rahul/qorc-sdk/qorc-testapps/qf_helloworldfpga/onoff/GCC_Project/output/s3x_clock.o
                0x0000000000003334                s3x_clkd_update_all_src_div
 .text.S3x_Clkd_Get_Hsosc_Rate
                0x0000000000003400       0x34 /home/rahul/qorc-sdk/qorc-testapps/qf_helloworldfpga/onoff/GCC_Project/output/s3x_clock.o
                0x0000000000003400                S3x_Clkd_Get_Hsosc_Rate
 .text.S3x_Clkd_Change_Hsosc
                0x0000000000003434       0x70 /home/rahul/qorc-sdk/qorc-testapps/qf_helloworldfpga/onoff/GCC_Project/output/s3x_clock.o
                0x0000000000003434                S3x_Clkd_Change_Hsosc
 .text.s3x_clkd_get_src_rate
                0x00000000000034a4       0x12 /home/rahul/qorc-sdk/qorc-testapps/qf_helloworldfpga/onoff/GCC_Project/output/s3x_clock.o
                0x00000000000034a4                s3x_clkd_get_src_rate
 *fill*         0x00000000000034b6        0x2 
 .text.s3x_clkd_get_div
                0x00000000000034b8       0x74 /home/rahul/qorc-sdk/qorc-testapps/qf_helloworldfpga/onoff/GCC_Project/output/s3x_clock.o
                0x00000000000034b8                s3x_clkd_get_div
 .text.s3x_clkd_srate
                0x000000000000352c      0x158 /home/rahul/qorc-sdk/qorc-testapps/qf_helloworldfpga/onoff/GCC_Project/output/s3x_clock.o
 .text.s3x_clkd_grate
                0x0000000000003684       0x8c /home/rahul/qorc-sdk/qorc-testapps/qf_helloworldfpga/onoff/GCC_Project/output/s3x_clock.o
 .text.s3x_clkd_set_src_div_st
                0x0000000000003710       0x4c /home/rahul/qorc-sdk/qorc-testapps/qf_helloworldfpga/onoff/GCC_Project/output/s3x_clock.o
 .text.s3x_update_clk_rate
                0x000000000000375c       0xb0 /home/rahul/qorc-sdk/qorc-testapps/qf_helloworldfpga/onoff/GCC_Project/output/s3x_clock.o
                0x000000000000375c                s3x_update_clk_rate
 .text.s3x_clkd_get_gate_mask_st
                0x000000000000380c       0x16 /home/rahul/qorc-sdk/qorc-testapps/qf_helloworldfpga/onoff/GCC_Project/output/s3x_clock.o
                0x000000000000380c                s3x_clkd_get_gate_mask_st
 *fill*         0x0000000000003822        0x2 
 .text.s3x_clkd_set_gate_mask
                0x0000000000003824       0x50 /home/rahul/qorc-sdk/qorc-testapps/qf_helloworldfpga/onoff/GCC_Project/output/s3x_clock.o
                0x0000000000003824                s3x_clkd_set_gate_mask
 .text.s3x_clkd_enable_gate
                0x0000000000003874       0x68 /home/rahul/qorc-sdk/qorc-testapps/qf_helloworldfpga/onoff/GCC_Project/output/s3x_clock.o
 .text.s3x_clkd_disable_gate
                0x00000000000038dc       0x54 /home/rahul/qorc-sdk/qorc-testapps/qf_helloworldfpga/onoff/GCC_Project/output/s3x_clock.o
 .text._S3x_Clk_Enable
                0x0000000000003930       0xb8 /home/rahul/qorc-sdk/qorc-testapps/qf_helloworldfpga/onoff/GCC_Project/output/s3x_clock.o
                0x0000000000003930                _S3x_Clk_Enable
 .text._S3x_Clk_Disable
                0x00000000000039e8       0xc8 /home/rahul/qorc-sdk/qorc-testapps/qf_helloworldfpga/onoff/GCC_Project/output/s3x_clock.o
                0x00000000000039e8                _S3x_Clk_Disable
 .text._S3x_Clk_Get_Status
                0x0000000000003ab0       0x2c /home/rahul/qorc-sdk/qorc-testapps/qf_helloworldfpga/onoff/GCC_Project/output/s3x_clock.o
                0x0000000000003ab0                _S3x_Clk_Get_Status
 .text._S3x_Clk_Get_Rate
                0x0000000000003adc       0x28 /home/rahul/qorc-sdk/qorc-testapps/qf_helloworldfpga/onoff/GCC_Project/output/s3x_clock.o
                0x0000000000003adc                _S3x_Clk_Get_Rate
 .text.S3x_Clk_Init
                0x0000000000003b04      0x15c /home/rahul/qorc-sdk/qorc-testapps/qf_helloworldfpga/onoff/GCC_Project/output/s3x_clock.o
                0x0000000000003b04                S3x_Clk_Init
 .text.S3x_Clk_Enable
                0x0000000000003c60        0x4 /home/rahul/qorc-sdk/qorc-testapps/qf_helloworldfpga/onoff/GCC_Project/output/s3x_clock_hal.o
                0x0000000000003c60                S3x_Clk_Enable
 .text.S3x_Clk_Disable
                0x0000000000003c64        0x4 /home/rahul/qorc-sdk/qorc-testapps/qf_helloworldfpga/onoff/GCC_Project/output/s3x_clock_hal.o
                0x0000000000003c64                S3x_Clk_Disable
 .text.S3x_Clk_Get_Rate
                0x0000000000003c68        0x4 /home/rahul/qorc-sdk/qorc-testapps/qf_helloworldfpga/onoff/GCC_Project/output/s3x_clock_hal.o
                0x0000000000003c68                S3x_Clk_Get_Rate
 .text.DFS_cpuload
                0x0000000000003c6c       0x4c /home/rahul/qorc-sdk/qorc-testapps/qf_helloworldfpga/onoff/GCC_Project/output/s3x_cpuload.o
                0x0000000000003c6c                DFS_cpuload
 .text.DFS_resetsleepticks
                0x0000000000003cb8        0xc /home/rahul/qorc-sdk/qorc-testapps/qf_helloworldfpga/onoff/GCC_Project/output/s3x_cpuload.o
                0x0000000000003cb8                DFS_resetsleepticks
 .text.DFS_UpdateTimer
                0x0000000000003cc4       0x5c /home/rahul/qorc-sdk/qorc-testapps/qf_helloworldfpga/onoff/GCC_Project/output/s3x_dfs.o
 .text.DFS_StartTimer
                0x0000000000003d20       0x88 /home/rahul/qorc-sdk/qorc-testapps/qf_helloworldfpga/onoff/GCC_Project/output/s3x_dfs.o
                0x0000000000003d20                DFS_StartTimer
 .text.S3x_Set_Policy
                0x0000000000003da8       0xf8 /home/rahul/qorc-sdk/qorc-testapps/qf_helloworldfpga/onoff/GCC_Project/output/s3x_dfs.o
                0x0000000000003da8                S3x_Set_Policy
 .text.S3x_get_max_rate_dfs_node
                0x0000000000003ea0       0x28 /home/rahul/qorc-sdk/qorc-testapps/qf_helloworldfpga/onoff/GCC_Project/output/s3x_dfs.o
                0x0000000000003ea0                S3x_get_max_rate_dfs_node
 .text.S3x_Stepup_Policy
                0x0000000000003ec8       0x7c /home/rahul/qorc-sdk/qorc-testapps/qf_helloworldfpga/onoff/GCC_Project/output/s3x_dfs.o
 .text.DFS_TimerCB
                0x0000000000003f44        0xe /home/rahul/qorc-sdk/qorc-testapps/qf_helloworldfpga/onoff/GCC_Project/output/s3x_dfs.o
 *fill*         0x0000000000003f52        0x2 
 .text.DFS_Get_Curr_Policy
                0x0000000000003f54        0xc /home/rahul/qorc-sdk/qorc-testapps/qf_helloworldfpga/onoff/GCC_Project/output/s3x_dfs.o
                0x0000000000003f54                DFS_Get_Curr_Policy
 .text.DFS_Initialize
                0x0000000000003f60       0x14 /home/rahul/qorc-sdk/qorc-testapps/qf_helloworldfpga/onoff/GCC_Project/output/s3x_dfs.o
                0x0000000000003f60                DFS_Initialize
 .text.S3x_Register_Lpm_Cb
                0x0000000000003f74       0x40 /home/rahul/qorc-sdk/qorc-testapps/qf_helloworldfpga/onoff/GCC_Project/output/s3x_lpm.o
                0x0000000000003f74                S3x_Register_Lpm_Cb
 .text.s3x_setup_systick_interrupt
                0x0000000000003fb4       0x54 /home/rahul/qorc-sdk/qorc-testapps/qf_helloworldfpga/onoff/GCC_Project/output/s3x_lpm.o
                0x0000000000003fb4                s3x_setup_systick_interrupt
 .text.SysTick_Handler
                0x0000000000004008       0x12 /home/rahul/qorc-sdk/qorc-testapps/qf_helloworldfpga/onoff/GCC_Project/output/s3x_lpm.o
                0x0000000000004008                SysTick_Handler
 *fill*         0x000000000000401a        0x2 
 .text.s3x_get_pi
                0x000000000000401c       0x20 /home/rahul/qorc-sdk/qorc-testapps/qf_helloworldfpga/onoff/GCC_Project/output/s3x_pi.o
                0x000000000000401c                s3x_get_pi
 .text.s3x_get_pi_gindex
                0x000000000000403c       0x14 /home/rahul/qorc-sdk/qorc-testapps/qf_helloworldfpga/onoff/GCC_Project/output/s3x_pi.o
                0x000000000000403c                s3x_get_pi_gindex
 .text.s3x_pi_get_st
                0x0000000000004050       0x24 /home/rahul/qorc-sdk/qorc-testapps/qf_helloworldfpga/onoff/GCC_Project/output/s3x_pi.o
                0x0000000000004050                s3x_pi_get_st
 .text.s3x_pi_set_cfg_st
                0x0000000000004074       0x94 /home/rahul/qorc-sdk/qorc-testapps/qf_helloworldfpga/onoff/GCC_Project/output/s3x_pi.o
                0x0000000000004074                s3x_pi_set_cfg_st
 .text.s3x_pi_set_active_st
                0x0000000000004108       0xa8 /home/rahul/qorc-sdk/qorc-testapps/qf_helloworldfpga/onoff/GCC_Project/output/s3x_pi.o
                0x0000000000004108                s3x_pi_set_active_st
 .text.s3x_pi_get_clkg_st
                0x00000000000041b0       0x36 /home/rahul/qorc-sdk/qorc-testapps/qf_helloworldfpga/onoff/GCC_Project/output/s3x_pi.o
                0x00000000000041b0                s3x_pi_get_clkg_st
 .text.s3x_pi_set_clkg_st
                0x00000000000041e6       0x26 /home/rahul/qorc-sdk/qorc-testapps/qf_helloworldfpga/onoff/GCC_Project/output/s3x_pi.o
                0x00000000000041e6                s3x_pi_set_clkg_st
 .text.s3x_set_pi_state
                0x000000000000420c        0xc /home/rahul/qorc-sdk/qorc-testapps/qf_helloworldfpga/onoff/GCC_Project/output/s3x_pi.o
                0x000000000000420c                s3x_set_pi_state
 .text.s3x_get_pi_init_state
                0x0000000000004218       0x18 /home/rahul/qorc-sdk/qorc-testapps/qf_helloworldfpga/onoff/GCC_Project/output/s3x_pi.o
                0x0000000000004218                s3x_get_pi_init_state
 .text.S3x_pi_init
                0x0000000000004230       0x20 /home/rahul/qorc-sdk/qorc-testapps/qf_helloworldfpga/onoff/GCC_Project/output/s3x_pi.o
                0x0000000000004230                S3x_pi_init
 .text.S3x_pwrcfg_init
                0x0000000000004250       0x2c /home/rahul/qorc-sdk/qorc-testapps/qf_helloworldfpga/onoff/GCC_Project/output/s3x_pwrcfg.o
                0x0000000000004250                S3x_pwrcfg_init
 .text.S3x_get_qos_rate
                0x000000000000427c       0x38 /home/rahul/qorc-sdk/qorc-testapps/qf_helloworldfpga/onoff/GCC_Project/output/s3x_qos.o
                0x000000000000427c                S3x_get_qos_rate
 .text.save_assert_info
                0x00000000000042b4       0x74 /home/rahul/qorc-sdk/qorc-testapps/qf_helloworldfpga/onoff/GCC_Project/output/sec_debug.o
                0x00000000000042b4                save_assert_info
 .text.invoke_soft_fault
                0x0000000000004328       0x20 /home/rahul/qorc-sdk/qorc-testapps/qf_helloworldfpga/onoff/GCC_Project/output/sec_debug.o
                0x0000000000004328                invoke_soft_fault
 .text.Reset_Handler
                0x0000000000004348       0x2c /home/rahul/qorc-sdk/qorc-testapps/qf_helloworldfpga/onoff/GCC_Project/output/startup_EOSS3B_GCC.o
                0x0000000000004348                Reset_Handler
 .text.__semihost_call
                0x0000000000004374        0x6 /home/rahul/qorc-sdk/qorc-testapps/qf_helloworldfpga/onoff/GCC_Project/output/startup_EOSS3B_GCC.o
                0x0000000000004374                __semihost_call
 *fill*         0x000000000000437a        0x2 
 .text.prvResetNextTaskUnblockTime
                0x000000000000437c       0x24 /home/rahul/qorc-sdk/qorc-testapps/qf_helloworldfpga/onoff/GCC_Project/output/tasks.o
 .text.prvAddCurrentTaskToDelayedList
                0x00000000000043a0       0x8c /home/rahul/qorc-sdk/qorc-testapps/qf_helloworldfpga/onoff/GCC_Project/output/tasks.o
 .text.xTaskCreate
                0x000000000000442c      0x1e0 /home/rahul/qorc-sdk/qorc-testapps/qf_helloworldfpga/onoff/GCC_Project/output/tasks.o
                0x000000000000442c                xTaskCreate
 .text.vTaskSuspendAll
                0x000000000000460c       0x10 /home/rahul/qorc-sdk/qorc-testapps/qf_helloworldfpga/onoff/GCC_Project/output/tasks.o
                0x000000000000460c                vTaskSuspendAll
 .text.xTaskGetTickCount
                0x000000000000461c        0xc /home/rahul/qorc-sdk/qorc-testapps/qf_helloworldfpga/onoff/GCC_Project/output/tasks.o
                0x000000000000461c                xTaskGetTickCount
 .text.xTaskIncrementTick
                0x0000000000004628      0x14c /home/rahul/qorc-sdk/qorc-testapps/qf_helloworldfpga/onoff/GCC_Project/output/tasks.o
                0x0000000000004628                xTaskIncrementTick
 .text.xTaskResumeAll
                0x0000000000004774      0x100 /home/rahul/qorc-sdk/qorc-testapps/qf_helloworldfpga/onoff/GCC_Project/output/tasks.o
                0x0000000000004774                xTaskResumeAll
 .text.vTaskDelay
                0x0000000000004874       0x60 /home/rahul/qorc-sdk/qorc-testapps/qf_helloworldfpga/onoff/GCC_Project/output/tasks.o
                0x0000000000004874                vTaskDelay
 .text.vTaskSwitchContext
                0x00000000000048d4       0xb8 /home/rahul/qorc-sdk/qorc-testapps/qf_helloworldfpga/onoff/GCC_Project/output/tasks.o
                0x00000000000048d4                vTaskSwitchContext
 .text.vTaskPlaceOnEventList
                0x000000000000498c       0x48 /home/rahul/qorc-sdk/qorc-testapps/qf_helloworldfpga/onoff/GCC_Project/output/tasks.o
                0x000000000000498c                vTaskPlaceOnEventList
 .text.xTaskRemoveFromEventList
                0x00000000000049d4       0x9c /home/rahul/qorc-sdk/qorc-testapps/qf_helloworldfpga/onoff/GCC_Project/output/tasks.o
                0x00000000000049d4                xTaskRemoveFromEventList
 .text.vTaskInternalSetTimeOutState
                0x0000000000004a70       0x18 /home/rahul/qorc-sdk/qorc-testapps/qf_helloworldfpga/onoff/GCC_Project/output/tasks.o
                0x0000000000004a70                vTaskInternalSetTimeOutState
 .text.xTaskCheckForTimeOut
                0x0000000000004a88       0x94 /home/rahul/qorc-sdk/qorc-testapps/qf_helloworldfpga/onoff/GCC_Project/output/tasks.o
                0x0000000000004a88                xTaskCheckForTimeOut
 .text.vTaskMissedYield
                0x0000000000004b1c        0xc /home/rahul/qorc-sdk/qorc-testapps/qf_helloworldfpga/onoff/GCC_Project/output/tasks.o
                0x0000000000004b1c                vTaskMissedYield
 .text.uxTaskGetTCBNumber
                0x0000000000004b28       0x14 /home/rahul/qorc-sdk/qorc-testapps/qf_helloworldfpga/onoff/GCC_Project/output/tasks.o
                0x0000000000004b28                uxTaskGetTCBNumber
 .text.xTaskGetCurrentTaskHandle
                0x0000000000004b3c        0xc /home/rahul/qorc-sdk/qorc-testapps/qf_helloworldfpga/onoff/GCC_Project/output/tasks.o
                0x0000000000004b3c                xTaskGetCurrentTaskHandle
 .text.xTaskGetSchedulerState
                0x0000000000004b48       0x20 /home/rahul/qorc-sdk/qorc-testapps/qf_helloworldfpga/onoff/GCC_Project/output/tasks.o
                0x0000000000004b48                xTaskGetSchedulerState
 .text.xTaskPriorityInherit
                0x0000000000004b68       0xa8 /home/rahul/qorc-sdk/qorc-testapps/qf_helloworldfpga/onoff/GCC_Project/output/tasks.o
                0x0000000000004b68                xTaskPriorityInherit
 .text.xTaskPriorityDisinherit
                0x0000000000004c10       0xc4 /home/rahul/qorc-sdk/qorc-testapps/qf_helloworldfpga/onoff/GCC_Project/output/tasks.o
                0x0000000000004c10                xTaskPriorityDisinherit
 .text.vTaskPriorityDisinheritAfterTimeout
                0x0000000000004cd4       0xd8 /home/rahul/qorc-sdk/qorc-testapps/qf_helloworldfpga/onoff/GCC_Project/output/tasks.o
                0x0000000000004cd4                vTaskPriorityDisinheritAfterTimeout
 .text.pvTaskIncrementMutexHeldCount
                0x0000000000004dac       0x18 /home/rahul/qorc-sdk/qorc-testapps/qf_helloworldfpga/onoff/GCC_Project/output/tasks.o
                0x0000000000004dac                pvTaskIncrementMutexHeldCount
 .text.prvCheckForValidListAndQueue
                0x0000000000004dc4       0x58 /home/rahul/qorc-sdk/qorc-testapps/qf_helloworldfpga/onoff/GCC_Project/output/timers.o
 .text.xTimerCreate
                0x0000000000004e1c       0x58 /home/rahul/qorc-sdk/qorc-testapps/qf_helloworldfpga/onoff/GCC_Project/output/timers.o
                0x0000000000004e1c                xTimerCreate
 .text.xTimerGenericCommand
                0x0000000000004e74       0x70 /home/rahul/qorc-sdk/qorc-testapps/qf_helloworldfpga/onoff/GCC_Project/output/timers.o
                0x0000000000004e74                xTimerGenericCommand
 .text          0x0000000000004ee4       0x30 /home/rahul/qorc-sdk/arm_toolchain_install/gcc-arm-none-eabi-9-2020-q2-update/bin/../lib/gcc/arm-none-eabi/9.3.1/thumb/v7e-m+fp/hard/libgcc.a(_aeabi_uldivmod.o)
                0x0000000000004ee4                __aeabi_uldivmod
 .text          0x0000000000004f14      0x2c4 /home/rahul/qorc-sdk/arm_toolchain_install/gcc-arm-none-eabi-9-2020-q2-update/bin/../lib/gcc/arm-none-eabi/9.3.1/thumb/v7e-m+fp/hard/libgcc.a(_udivmoddi4.o)
                0x0000000000004f14                __udivmoddi4
 .text          0x00000000000051d8        0x4 /home/rahul/qorc-sdk/arm_toolchain_install/gcc-arm-none-eabi-9-2020-q2-update/bin/../lib/gcc/arm-none-eabi/9.3.1/thumb/v7e-m+fp/hard/libgcc.a(_dvmd_tls.o)
                0x00000000000051d8                __aeabi_ldiv0
                0x00000000000051d8                __aeabi_idiv0
 .text.exit     0x00000000000051dc       0x28 /home/rahul/qorc-sdk/arm_toolchain_install/gcc-arm-none-eabi-9-2020-q2-update/bin/../lib/gcc/arm-none-eabi/9.3.1/../../../../arm-none-eabi/lib/thumb/v7e-m+fp/hard/libg_nano.a(lib_a-exit.o)
                0x00000000000051dc                exit
 .text.__libc_init_array
                0x0000000000005204       0x48 /home/rahul/qorc-sdk/arm_toolchain_install/gcc-arm-none-eabi-9-2020-q2-update/bin/../lib/gcc/arm-none-eabi/9.3.1/../../../../arm-none-eabi/lib/thumb/v7e-m+fp/hard/libg_nano.a(lib_a-init.o)
                0x0000000000005204                __libc_init_array
 .text.memcpy   0x000000000000524c       0x1c /home/rahul/qorc-sdk/arm_toolchain_install/gcc-arm-none-eabi-9-2020-q2-update/bin/../lib/gcc/arm-none-eabi/9.3.1/../../../../arm-none-eabi/lib/thumb/v7e-m+fp/hard/libg_nano.a(lib_a-memcpy-stub.o)
                0x000000000000524c                memcpy
 .text.memset   0x0000000000005268       0x10 /home/rahul/qorc-sdk/arm_toolchain_install/gcc-arm-none-eabi-9-2020-q2-update/bin/../lib/gcc/arm-none-eabi/9.3.1/../../../../arm-none-eabi/lib/thumb/v7e-m+fp/hard/libg_nano.a(lib_a-memset.o)
                0x0000000000005268                memset
 .text._free_r  0x0000000000005278       0xa0 /home/rahul/qorc-sdk/arm_toolchain_install/gcc-arm-none-eabi-9-2020-q2-update/bin/../lib/gcc/arm-none-eabi/9.3.1/../../../../arm-none-eabi/lib/thumb/v7e-m+fp/hard/libg_nano.a(lib_a-nano-freer.o)
                0x0000000000005278                _free_r
 .text._malloc_r
                0x0000000000005318       0xb4 /home/rahul/qorc-sdk/arm_toolchain_install/gcc-arm-none-eabi-9-2020-q2-update/bin/../lib/gcc/arm-none-eabi/9.3.1/../../../../arm-none-eabi/lib/thumb/v7e-m+fp/hard/libg_nano.a(lib_a-nano-mallocr.o)
                0x0000000000005318                _malloc_r
 .text.printf   0x00000000000053cc       0x30 /home/rahul/qorc-sdk/arm_toolchain_install/gcc-arm-none-eabi-9-2020-q2-update/bin/../lib/gcc/arm-none-eabi/9.3.1/../../../../arm-none-eabi/lib/thumb/v7e-m+fp/hard/libg_nano.a(lib_a-printf.o)
                0x00000000000053cc                printf
                0x00000000000053cc                iprintf
 .text._puts_r  0x00000000000053fc       0xdc /home/rahul/qorc-sdk/arm_toolchain_install/gcc-arm-none-eabi-9-2020-q2-update/bin/../lib/gcc/arm-none-eabi/9.3.1/../../../../arm-none-eabi/lib/thumb/v7e-m+fp/hard/libg_nano.a(lib_a-puts.o)
                0x00000000000053fc                _puts_r
 .text.puts     0x00000000000054d8       0x10 /home/rahul/qorc-sdk/arm_toolchain_install/gcc-arm-none-eabi-9-2020-q2-update/bin/../lib/gcc/arm-none-eabi/9.3.1/../../../../arm-none-eabi/lib/thumb/v7e-m+fp/hard/libg_nano.a(lib_a-puts.o)
                0x00000000000054d8                puts
 .text._sbrk_r  0x00000000000054e8       0x20 /home/rahul/qorc-sdk/arm_toolchain_install/gcc-arm-none-eabi-9-2020-q2-update/bin/../lib/gcc/arm-none-eabi/9.3.1/../../../../arm-none-eabi/lib/thumb/v7e-m+fp/hard/libg_nano.a(lib_a-sbrkr.o)
                0x00000000000054e8                _sbrk_r
 .text          0x0000000000005508       0x1c /home/rahul/qorc-sdk/arm_toolchain_install/gcc-arm-none-eabi-9-2020-q2-update/bin/../lib/gcc/arm-none-eabi/9.3.1/../../../../arm-none-eabi/lib/thumb/v7e-m+fp/hard/libg_nano.a(lib_a-setjmp.o)
                0x0000000000005508                setjmp
                0x0000000000005514                longjmp
 .text.snprintf
                0x0000000000005524       0x68 /home/rahul/qorc-sdk/arm_toolchain_install/gcc-arm-none-eabi-9-2020-q2-update/bin/../lib/gcc/arm-none-eabi/9.3.1/../../../../arm-none-eabi/lib/thumb/v7e-m+fp/hard/libg_nano.a(lib_a-snprintf.o)
                0x0000000000005524                snprintf
                0x0000000000005524                sniprintf
 .text.sprintf  0x000000000000558c       0x40 /home/rahul/qorc-sdk/arm_toolchain_install/gcc-arm-none-eabi-9-2020-q2-update/bin/../lib/gcc/arm-none-eabi/9.3.1/../../../../arm-none-eabi/lib/thumb/v7e-m+fp/hard/libg_nano.a(lib_a-sprintf.o)
                0x000000000000558c                sprintf
                0x000000000000558c                siprintf
 .text.strchr   0x00000000000055cc       0x1a /home/rahul/qorc-sdk/arm_toolchain_install/gcc-arm-none-eabi-9-2020-q2-update/bin/../lib/gcc/arm-none-eabi/9.3.1/../../../../arm-none-eabi/lib/thumb/v7e-m+fp/hard/libg_nano.a(lib_a-strchr.o)
                0x00000000000055cc                strchr
 .text          0x00000000000055e6       0x14 /home/rahul/qorc-sdk/arm_toolchain_install/gcc-arm-none-eabi-9-2020-q2-update/bin/../lib/gcc/arm-none-eabi/9.3.1/../../../../arm-none-eabi/lib/thumb/v7e-m+fp/hard/libg_nano.a(lib_a-strcmp.o)
                0x00000000000055e6                strcmp
 .text.strcpy   0x00000000000055fa       0x10 /home/rahul/qorc-sdk/arm_toolchain_install/gcc-arm-none-eabi-9-2020-q2-update/bin/../lib/gcc/arm-none-eabi/9.3.1/../../../../arm-none-eabi/lib/thumb/v7e-m+fp/hard/libg_nano.a(lib_a-strcpy.o)
                0x00000000000055fa                strcpy
 .text          0x000000000000560a       0x10 /home/rahul/qorc-sdk/arm_toolchain_install/gcc-arm-none-eabi-9-2020-q2-update/bin/../lib/gcc/arm-none-eabi/9.3.1/../../../../arm-none-eabi/lib/thumb/v7e-m+fp/hard/libg_nano.a(lib_a-strlen.o)
                0x000000000000560a                strlen
 .text.strncpy  0x000000000000561a       0x26 /home/rahul/qorc-sdk/arm_toolchain_install/gcc-arm-none-eabi-9-2020-q2-update/bin/../lib/gcc/arm-none-eabi/9.3.1/../../../../arm-none-eabi/lib/thumb/v7e-m+fp/hard/libg_nano.a(lib_a-strncpy.o)
                0x000000000000561a                strncpy
 .text.strrchr  0x0000000000005640       0x28 /home/rahul/qorc-sdk/arm_toolchain_install/gcc-arm-none-eabi-9-2020-q2-update/bin/../lib/gcc/arm-none-eabi/9.3.1/../../../../arm-none-eabi/lib/thumb/v7e-m+fp/hard/libg_nano.a(lib_a-strrchr.o)
                0x0000000000005640                strrchr
 .text.__strtok_r
                0x0000000000005668       0x50 /home/rahul/qorc-sdk/arm_toolchain_install/gcc-arm-none-eabi-9-2020-q2-update/bin/../lib/gcc/arm-none-eabi/9.3.1/../../../../arm-none-eabi/lib/thumb/v7e-m+fp/hard/libg_nano.a(lib_a-strtok_r.o)
                0x0000000000005668                __strtok_r
 .text.strtok_r
                0x00000000000056b8        0x6 /home/rahul/qorc-sdk/arm_toolchain_install/gcc-arm-none-eabi-9-2020-q2-update/bin/../lib/gcc/arm-none-eabi/9.3.1/../../../../arm-none-eabi/lib/thumb/v7e-m+fp/hard/libg_nano.a(lib_a-strtok_r.o)
                0x00000000000056b8                strtok_r
 *fill*         0x00000000000056be        0x2 
 .text._strtoll_l.isra.0
                0x00000000000056c0      0x12c /home/rahul/qorc-sdk/arm_toolchain_install/gcc-arm-none-eabi-9-2020-q2-update/bin/../lib/gcc/arm-none-eabi/9.3.1/../../../../arm-none-eabi/lib/thumb/v7e-m+fp/hard/libg_nano.a(lib_a-strtoll.o)
 .text.strtoll  0x00000000000057ec       0x14 /home/rahul/qorc-sdk/arm_toolchain_install/gcc-arm-none-eabi-9-2020-q2-update/bin/../lib/gcc/arm-none-eabi/9.3.1/../../../../arm-none-eabi/lib/thumb/v7e-m+fp/hard/libg_nano.a(lib_a-strtoll.o)
                0x00000000000057ec                strtoll
 .text._strtoull_l.isra.0
                0x0000000000005800      0x134 /home/rahul/qorc-sdk/arm_toolchain_install/gcc-arm-none-eabi-9-2020-q2-update/bin/../lib/gcc/arm-none-eabi/9.3.1/../../../../arm-none-eabi/lib/thumb/v7e-m+fp/hard/libg_nano.a(lib_a-strtoull.o)
 .text.strtoull
                0x0000000000005934       0x14 /home/rahul/qorc-sdk/arm_toolchain_install/gcc-arm-none-eabi-9-2020-q2-update/bin/../lib/gcc/arm-none-eabi/9.3.1/../../../../arm-none-eabi/lib/thumb/v7e-m+fp/hard/libg_nano.a(lib_a-strtoull.o)
                0x0000000000005934                strtoull
 .text._vsnprintf_r
                0x0000000000005948       0x58 /home/rahul/qorc-sdk/arm_toolchain_install/gcc-arm-none-eabi-9-2020-q2-update/bin/../lib/gcc/arm-none-eabi/9.3.1/../../../../arm-none-eabi/lib/thumb/v7e-m+fp/hard/libg_nano.a(lib_a-vsnprintf.o)
                0x0000000000005948                _vsnprintf_r
                0x0000000000005948                _vsniprintf_r
 .text.vsnprintf
                0x00000000000059a0       0x1c /home/rahul/qorc-sdk/arm_toolchain_install/gcc-arm-none-eabi-9-2020-q2-update/bin/../lib/gcc/arm-none-eabi/9.3.1/../../../../arm-none-eabi/lib/thumb/v7e-m+fp/hard/libg_nano.a(lib_a-vsnprintf.o)
                0x00000000000059a0                vsnprintf
                0x00000000000059a0                vsniprintf
 .text.__swbuf_r
                0x00000000000059bc       0xa4 /home/rahul/qorc-sdk/arm_toolchain_install/gcc-arm-none-eabi-9-2020-q2-update/bin/../lib/gcc/arm-none-eabi/9.3.1/../../../../arm-none-eabi/lib/thumb/v7e-m+fp/hard/libg_nano.a(lib_a-wbuf.o)
                0x00000000000059bc                __swbuf_r
 .text.__swsetup_r
                0x0000000000005a60       0xdc /home/rahul/qorc-sdk/arm_toolchain_install/gcc-arm-none-eabi-9-2020-q2-update/bin/../lib/gcc/arm-none-eabi/9.3.1/../../../../arm-none-eabi/lib/thumb/v7e-m+fp/hard/libg_nano.a(lib_a-wsetup.o)
                0x0000000000005a60                __swsetup_r
 .text.__sflush_r
                0x0000000000005b3c      0x10c /home/rahul/qorc-sdk/arm_toolchain_install/gcc-arm-none-eabi-9-2020-q2-update/bin/../lib/gcc/arm-none-eabi/9.3.1/../../../../arm-none-eabi/lib/thumb/v7e-m+fp/hard/libg_nano.a(lib_a-fflush.o)
                0x0000000000005b3c                __sflush_r
 .text._fflush_r
                0x0000000000005c48       0x78 /home/rahul/qorc-sdk/arm_toolchain_install/gcc-arm-none-eabi-9-2020-q2-update/bin/../lib/gcc/arm-none-eabi/9.3.1/../../../../arm-none-eabi/lib/thumb/v7e-m+fp/hard/libg_nano.a(lib_a-fflush.o)
                0x0000000000005c48                _fflush_r
 .text.std      0x0000000000005cc0       0x48 /home/rahul/qorc-sdk/arm_toolchain_install/gcc-arm-none-eabi-9-2020-q2-update/bin/../lib/gcc/arm-none-eabi/9.3.1/../../../../arm-none-eabi/lib/thumb/v7e-m+fp/hard/libg_nano.a(lib_a-findfp.o)
 .text._cleanup_r
                0x0000000000005d08        0xc /home/rahul/qorc-sdk/arm_toolchain_install/gcc-arm-none-eabi-9-2020-q2-update/bin/../lib/gcc/arm-none-eabi/9.3.1/../../../../arm-none-eabi/lib/thumb/v7e-m+fp/hard/libg_nano.a(lib_a-findfp.o)
                0x0000000000005d08                _cleanup_r
 .text.__sfmoreglue
                0x0000000000005d14       0x2c /home/rahul/qorc-sdk/arm_toolchain_install/gcc-arm-none-eabi-9-2020-q2-update/bin/../lib/gcc/arm-none-eabi/9.3.1/../../../../arm-none-eabi/lib/thumb/v7e-m+fp/hard/libg_nano.a(lib_a-findfp.o)
                0x0000000000005d14                __sfmoreglue
 .text.__sfp_lock_acquire
                0x0000000000005d40        0xc /home/rahul/qorc-sdk/arm_toolchain_install/gcc-arm-none-eabi-9-2020-q2-update/bin/../lib/gcc/arm-none-eabi/9.3.1/../../../../arm-none-eabi/lib/thumb/v7e-m+fp/hard/libg_nano.a(lib_a-findfp.o)
                0x0000000000005d40                __sfp_lock_acquire
 .text.__sfp_lock_release
                0x0000000000005d4c        0xc /home/rahul/qorc-sdk/arm_toolchain_install/gcc-arm-none-eabi-9-2020-q2-update/bin/../lib/gcc/arm-none-eabi/9.3.1/../../../../arm-none-eabi/lib/thumb/v7e-m+fp/hard/libg_nano.a(lib_a-findfp.o)
                0x0000000000005d4c                __sfp_lock_release
 .text.__sinit_lock_acquire
                0x0000000000005d58        0xc /home/rahul/qorc-sdk/arm_toolchain_install/gcc-arm-none-eabi-9-2020-q2-update/bin/../lib/gcc/arm-none-eabi/9.3.1/../../../../arm-none-eabi/lib/thumb/v7e-m+fp/hard/libg_nano.a(lib_a-findfp.o)
                0x0000000000005d58                __sinit_lock_acquire
 .text.__sinit_lock_release
                0x0000000000005d64        0xc /home/rahul/qorc-sdk/arm_toolchain_install/gcc-arm-none-eabi-9-2020-q2-update/bin/../lib/gcc/arm-none-eabi/9.3.1/../../../../arm-none-eabi/lib/thumb/v7e-m+fp/hard/libg_nano.a(lib_a-findfp.o)
                0x0000000000005d64                __sinit_lock_release
 .text.__sinit  0x0000000000005d70       0x70 /home/rahul/qorc-sdk/arm_toolchain_install/gcc-arm-none-eabi-9-2020-q2-update/bin/../lib/gcc/arm-none-eabi/9.3.1/../../../../arm-none-eabi/lib/thumb/v7e-m+fp/hard/libg_nano.a(lib_a-findfp.o)
                0x0000000000005d70                __sinit
 .text.__sfp    0x0000000000005de0       0x8c /home/rahul/qorc-sdk/arm_toolchain_install/gcc-arm-none-eabi-9-2020-q2-update/bin/../lib/gcc/arm-none-eabi/9.3.1/../../../../arm-none-eabi/lib/thumb/v7e-m+fp/hard/libg_nano.a(lib_a-findfp.o)
                0x0000000000005de0                __sfp
 .text._fwalk_reent
                0x0000000000005e6c       0x3e /home/rahul/qorc-sdk/arm_toolchain_install/gcc-arm-none-eabi-9-2020-q2-update/bin/../lib/gcc/arm-none-eabi/9.3.1/../../../../arm-none-eabi/lib/thumb/v7e-m+fp/hard/libg_nano.a(lib_a-fwalk.o)
                0x0000000000005e6c                _fwalk_reent
 .text.__retarget_lock_init_recursive
                0x0000000000005eaa        0x2 /home/rahul/qorc-sdk/arm_toolchain_install/gcc-arm-none-eabi-9-2020-q2-update/bin/../lib/gcc/arm-none-eabi/9.3.1/../../../../arm-none-eabi/lib/thumb/v7e-m+fp/hard/libg_nano.a(lib_a-lock.o)
                0x0000000000005eaa                __retarget_lock_init_recursive
 .text.__retarget_lock_acquire_recursive
                0x0000000000005eac        0x2 /home/rahul/qorc-sdk/arm_toolchain_install/gcc-arm-none-eabi-9-2020-q2-update/bin/../lib/gcc/arm-none-eabi/9.3.1/../../../../arm-none-eabi/lib/thumb/v7e-m+fp/hard/libg_nano.a(lib_a-lock.o)
                0x0000000000005eac                __retarget_lock_acquire_recursive
 .text.__retarget_lock_release_recursive
                0x0000000000005eae        0x2 /home/rahul/qorc-sdk/arm_toolchain_install/gcc-arm-none-eabi-9-2020-q2-update/bin/../lib/gcc/arm-none-eabi/9.3.1/../../../../arm-none-eabi/lib/thumb/v7e-m+fp/hard/libg_nano.a(lib_a-lock.o)
                0x0000000000005eae                __retarget_lock_release_recursive
 .text.__swhatbuf_r
                0x0000000000005eb0       0x48 /home/rahul/qorc-sdk/arm_toolchain_install/gcc-arm-none-eabi-9-2020-q2-update/bin/../lib/gcc/arm-none-eabi/9.3.1/../../../../arm-none-eabi/lib/thumb/v7e-m+fp/hard/libg_nano.a(lib_a-makebuf.o)
                0x0000000000005eb0                __swhatbuf_r
 .text.__smakebuf_r
                0x0000000000005ef8       0x80 /home/rahul/qorc-sdk/arm_toolchain_install/gcc-arm-none-eabi-9-2020-q2-update/bin/../lib/gcc/arm-none-eabi/9.3.1/../../../../arm-none-eabi/lib/thumb/v7e-m+fp/hard/libg_nano.a(lib_a-makebuf.o)
                0x0000000000005ef8                __smakebuf_r
 .text.__malloc_lock
                0x0000000000005f78        0xc /home/rahul/qorc-sdk/arm_toolchain_install/gcc-arm-none-eabi-9-2020-q2-update/bin/../lib/gcc/arm-none-eabi/9.3.1/../../../../arm-none-eabi/lib/thumb/v7e-m+fp/hard/libg_nano.a(lib_a-mlock.o)
                0x0000000000005f78                __malloc_lock
 .text.__malloc_unlock
                0x0000000000005f84        0xc /home/rahul/qorc-sdk/arm_toolchain_install/gcc-arm-none-eabi-9-2020-q2-update/bin/../lib/gcc/arm-none-eabi/9.3.1/../../../../arm-none-eabi/lib/thumb/v7e-m+fp/hard/libg_nano.a(lib_a-mlock.o)
                0x0000000000005f84                __malloc_unlock
 .text.__ssputs_r
                0x0000000000005f90       0xb6 /home/rahul/qorc-sdk/arm_toolchain_install/gcc-arm-none-eabi-9-2020-q2-update/bin/../lib/gcc/arm-none-eabi/9.3.1/../../../../arm-none-eabi/lib/thumb/v7e-m+fp/hard/libg_nano.a(lib_a-nano-svfprintf.o)
                0x0000000000005f90                __ssputs_r
 *fill*         0x0000000000006046        0x2 
 .text._svfprintf_r
                0x0000000000006048      0x200 /home/rahul/qorc-sdk/arm_toolchain_install/gcc-arm-none-eabi-9-2020-q2-update/bin/../lib/gcc/arm-none-eabi/9.3.1/../../../../arm-none-eabi/lib/thumb/v7e-m+fp/hard/libg_nano.a(lib_a-nano-svfprintf.o)
                0x0000000000006048                _svfprintf_r
                0x0000000000006048                _svfiprintf_r
 .text.__sfputc_r
                0x0000000000006248       0x2e /home/rahul/qorc-sdk/arm_toolchain_install/gcc-arm-none-eabi-9-2020-q2-update/bin/../lib/gcc/arm-none-eabi/9.3.1/../../../../arm-none-eabi/lib/thumb/v7e-m+fp/hard/libg_nano.a(lib_a-nano-vfprintf.o)
 .text.__sfputs_r
                0x0000000000006276       0x24 /home/rahul/qorc-sdk/arm_toolchain_install/gcc-arm-none-eabi-9-2020-q2-update/bin/../lib/gcc/arm-none-eabi/9.3.1/../../../../arm-none-eabi/lib/thumb/v7e-m+fp/hard/libg_nano.a(lib_a-nano-vfprintf.o)
                0x0000000000006276                __sfputs_r
 *fill*         0x000000000000629a        0x2 
 .text._vfprintf_r
                0x000000000000629c      0x260 /home/rahul/qorc-sdk/arm_toolchain_install/gcc-arm-none-eabi-9-2020-q2-update/bin/../lib/gcc/arm-none-eabi/9.3.1/../../../../arm-none-eabi/lib/thumb/v7e-m+fp/hard/libg_nano.a(lib_a-nano-vfprintf.o)
                0x000000000000629c                _vfiprintf_r
                0x000000000000629c                _vfprintf_r
 .text._printf_common
                0x00000000000064fc       0xda /home/rahul/qorc-sdk/arm_toolchain_install/gcc-arm-none-eabi-9-2020-q2-update/bin/../lib/gcc/arm-none-eabi/9.3.1/../../../../arm-none-eabi/lib/thumb/v7e-m+fp/hard/libg_nano.a(lib_a-nano-vfprintf_i.o)
                0x00000000000064fc                _printf_common
 *fill*         0x00000000000065d6        0x2 
 .text._printf_i
                0x00000000000065d8      0x24c /home/rahul/qorc-sdk/arm_toolchain_install/gcc-arm-none-eabi-9-2020-q2-update/bin/../lib/gcc/arm-none-eabi/9.3.1/../../../../arm-none-eabi/lib/thumb/v7e-m+fp/hard/libg_nano.a(lib_a-nano-vfprintf_i.o)
                0x00000000000065d8                _printf_i
 .text.__sread  0x0000000000006824       0x22 /home/rahul/qorc-sdk/arm_toolchain_install/gcc-arm-none-eabi-9-2020-q2-update/bin/../lib/gcc/arm-none-eabi/9.3.1/../../../../arm-none-eabi/lib/thumb/v7e-m+fp/hard/libg_nano.a(lib_a-stdio.o)
                0x0000000000006824                __sread
 .text.__swrite
                0x0000000000006846       0x38 /home/rahul/qorc-sdk/arm_toolchain_install/gcc-arm-none-eabi-9-2020-q2-update/bin/../lib/gcc/arm-none-eabi/9.3.1/../../../../arm-none-eabi/lib/thumb/v7e-m+fp/hard/libg_nano.a(lib_a-stdio.o)
                0x0000000000006846                __swrite
 .text.__sseek  0x000000000000687e       0x24 /home/rahul/qorc-sdk/arm_toolchain_install/gcc-arm-none-eabi-9-2020-q2-update/bin/../lib/gcc/arm-none-eabi/9.3.1/../../../../arm-none-eabi/lib/thumb/v7e-m+fp/hard/libg_nano.a(lib_a-stdio.o)
                0x000000000000687e                __sseek
 .text.__sclose
                0x00000000000068a2        0x8 /home/rahul/qorc-sdk/arm_toolchain_install/gcc-arm-none-eabi-9-2020-q2-update/bin/../lib/gcc/arm-none-eabi/9.3.1/../../../../arm-none-eabi/lib/thumb/v7e-m+fp/hard/libg_nano.a(lib_a-stdio.o)
                0x00000000000068a2                __sclose
 *fill*         0x00000000000068aa        0x2 
 .text._write_r
                0x00000000000068ac       0x24 /home/rahul/qorc-sdk/arm_toolchain_install/gcc-arm-none-eabi-9-2020-q2-update/bin/../lib/gcc/arm-none-eabi/9.3.1/../../../../arm-none-eabi/lib/thumb/v7e-m+fp/hard/libg_nano.a(lib_a-writer.o)
                0x00000000000068ac                _write_r
 .text._close_r
                0x00000000000068d0       0x20 /home/rahul/qorc-sdk/arm_toolchain_install/gcc-arm-none-eabi-9-2020-q2-update/bin/../lib/gcc/arm-none-eabi/9.3.1/../../../../arm-none-eabi/lib/thumb/v7e-m+fp/hard/libg_nano.a(lib_a-closer.o)
                0x00000000000068d0                _close_r
 .text._fstat_r
                0x00000000000068f0       0x24 /home/rahul/qorc-sdk/arm_toolchain_install/gcc-arm-none-eabi-9-2020-q2-update/bin/../lib/gcc/arm-none-eabi/9.3.1/../../../../arm-none-eabi/lib/thumb/v7e-m+fp/hard/libg_nano.a(lib_a-fstatr.o)
                0x00000000000068f0                _fstat_r
 .text._isatty_r
                0x0000000000006914       0x20 /home/rahul/qorc-sdk/arm_toolchain_install/gcc-arm-none-eabi-9-2020-q2-update/bin/../lib/gcc/arm-none-eabi/9.3.1/../../../../arm-none-eabi/lib/thumb/v7e-m+fp/hard/libg_nano.a(lib_a-isattyr.o)
                0x0000000000006914                _isatty_r
 .text._lseek_r
                0x0000000000006934       0x24 /home/rahul/qorc-sdk/arm_toolchain_install/gcc-arm-none-eabi-9-2020-q2-update/bin/../lib/gcc/arm-none-eabi/9.3.1/../../../../arm-none-eabi/lib/thumb/v7e-m+fp/hard/libg_nano.a(lib_a-lseekr.o)
                0x0000000000006934                _lseek_r
 *fill*         0x0000000000006958        0x8 
 .text          0x0000000000006960       0xa0 /home/rahul/qorc-sdk/arm_toolchain_install/gcc-arm-none-eabi-9-2020-q2-update/bin/../lib/gcc/arm-none-eabi/9.3.1/../../../../arm-none-eabi/lib/thumb/v7e-m+fp/hard/libg_nano.a(lib_a-memchr.o)
                0x0000000000006960                memchr
 .text.memmove  0x0000000000006a00       0x34 /home/rahul/qorc-sdk/arm_toolchain_install/gcc-arm-none-eabi-9-2020-q2-update/bin/../lib/gcc/arm-none-eabi/9.3.1/../../../../arm-none-eabi/lib/thumb/v7e-m+fp/hard/libg_nano.a(lib_a-memmove.o)
                0x0000000000006a00                memmove
 .text._realloc_r
                0x0000000000006a34       0x4c /home/rahul/qorc-sdk/arm_toolchain_install/gcc-arm-none-eabi-9-2020-q2-update/bin/../lib/gcc/arm-none-eabi/9.3.1/../../../../arm-none-eabi/lib/thumb/v7e-m+fp/hard/libg_nano.a(lib_a-nano-reallocr.o)
                0x0000000000006a34                _realloc_r
 .text._read_r  0x0000000000006a80       0x24 /home/rahul/qorc-sdk/arm_toolchain_install/gcc-arm-none-eabi-9-2020-q2-update/bin/../lib/gcc/arm-none-eabi/9.3.1/../../../../arm-none-eabi/lib/thumb/v7e-m+fp/hard/libg_nano.a(lib_a-readr.o)
                0x0000000000006a80                _read_r
 .text._malloc_usable_size_r
                0x0000000000006aa4       0x10 /home/rahul/qorc-sdk/arm_toolchain_install/gcc-arm-none-eabi-9-2020-q2-update/bin/../lib/gcc/arm-none-eabi/9.3.1/../../../../arm-none-eabi/lib/thumb/v7e-m+fp/hard/libg_nano.a(lib_a-nano-msizer.o)
                0x0000000000006aa4                _malloc_usable_size_r
 .text._fstat   0x0000000000006ab4       0x10 /home/rahul/qorc-sdk/arm_toolchain_install/gcc-arm-none-eabi-9-2020-q2-update/bin/../lib/gcc/arm-none-eabi/9.3.1/../../../../arm-none-eabi/lib/thumb/v7e-m+fp/hard/libnosys.a(fstat.o)
                0x0000000000006ab4                _fstat
 .text._isatty  0x0000000000006ac4       0x10 /home/rahul/qorc-sdk/arm_toolchain_install/gcc-arm-none-eabi-9-2020-q2-update/bin/../lib/gcc/arm-none-eabi/9.3.1/../../../../arm-none-eabi/lib/thumb/v7e-m+fp/hard/libnosys.a(isatty.o)
                0x0000000000006ac4                _isatty
 .text._sbrk    0x0000000000006ad4       0x1c /home/rahul/qorc-sdk/arm_toolchain_install/gcc-arm-none-eabi-9-2020-q2-update/bin/../lib/gcc/arm-none-eabi/9.3.1/../../../../arm-none-eabi/lib/thumb/v7e-m+fp/hard/libnosys.a(sbrk.o)
                0x0000000000006ad4                _sbrk
 .text._exit    0x0000000000006af0        0x4 /home/rahul/qorc-sdk/arm_toolchain_install/gcc-arm-none-eabi-9-2020-q2-update/bin/../lib/gcc/arm-none-eabi/9.3.1/../../../../arm-none-eabi/lib/thumb/v7e-m+fp/hard/libnosys.a(_exit.o)
                0x0000000000006af0                _exit
 *(.init)
 .init          0x0000000000006af4        0x4 /home/rahul/qorc-sdk/arm_toolchain_install/gcc-arm-none-eabi-9-2020-q2-update/bin/../lib/gcc/arm-none-eabi/9.3.1/thumb/v7e-m+fp/hard/crti.o
                0x0000000000006af4                _init
 .init          0x0000000000006af8        0x8 /home/rahul/qorc-sdk/arm_toolchain_install/gcc-arm-none-eabi-9-2020-q2-update/bin/../lib/gcc/arm-none-eabi/9.3.1/thumb/v7e-m+fp/hard/crtn.o
 *(.fini)
 .fini          0x0000000000006b00        0x4 /home/rahul/qorc-sdk/arm_toolchain_install/gcc-arm-none-eabi-9-2020-q2-update/bin/../lib/gcc/arm-none-eabi/9.3.1/thumb/v7e-m+fp/hard/crti.o
                0x0000000000006b00                _fini
 .fini          0x0000000000006b04        0x8 /home/rahul/qorc-sdk/arm_toolchain_install/gcc-arm-none-eabi-9-2020-q2-update/bin/../lib/gcc/arm-none-eabi/9.3.1/thumb/v7e-m+fp/hard/crtn.o
 *crtbegin.o(.ctors)
 *crtbegin?.o(.ctors)
 *(EXCLUDE_FILE(*crtend.o *crtend?.o) .ctors)
 *(SORT_BY_NAME(.ctors.*))
 *(.ctors)
 *crtbegin.o(.dtors)
 *crtbegin?.o(.dtors)
 *(EXCLUDE_FILE(*crtend.o *crtend?.o) .dtors)
 *(SORT_BY_NAME(.dtors.*))
 *(.dtors)
 *(.rodata*)
 .rodata.CLI_string_ptr_get_subcmd.str1.1
                0x0000000000006b0c        0xc /home/rahul/qorc-sdk/qorc-testapps/qf_helloworldfpga/onoff/GCC_Project/output/cli_args.o
 .rodata.CLI_numX_getshow_X.str1.1