Archive member included to satisfy reference by file (symbol)

/home/rahul/qorc-sdk/arm_toolchain_install/gcc-arm-none-eabi-9-2020-q2-update/bin/../lib/gcc/arm-none-eabi/9.3.1/thumb/v7e-m+fp/hard/libgcc.a(_arm_muldf3.o)
                              /home/rahul/qorc-sdk/qorc-testapps/qf_helloworldfpga/arm/decoders/incdec/GCC_Project/output/ql_test_signals.o (__aeabi_dmul)
/home/rahul/qorc-sdk/arm_toolchain_install/gcc-arm-none-eabi-9-2020-q2-update/bin/../lib/gcc/arm-none-eabi/9.3.1/thumb/v7e-m+fp/hard/libgcc.a(_arm_addsubdf3.o)
                              /home/rahul/qorc-sdk/qorc-testapps/qf_helloworldfpga/arm/decoders/incdec/GCC_Project/output/ql_test_signals.o (__aeabi_dadd)
/home/rahul/qorc-sdk/arm_toolchain_install/gcc-arm-none-eabi-9-2020-q2-update/bin/../lib/gcc/arm-none-eabi/9.3.1/thumb/v7e-m+fp/hard/libgcc.a(_arm_muldivdf3.o)
                              /home/rahul/qorc-sdk/qorc-testapps/qf_helloworldfpga/arm/decoders/incdec/GCC_Project/output/eoss3_hal_i2c.o (__aeabi_ddiv)
/home/rahul/qorc-sdk/arm_toolchain_install/gcc-arm-none-eabi-9-2020-q2-update/bin/../lib/gcc/arm-none-eabi/9.3.1/thumb/v7e-m+fp/hard/libgcc.a(_arm_fixdfsi.o)
                              /home/rahul/qorc-sdk/qorc-testapps/qf_helloworldfpga/arm/decoders/incdec/GCC_Project/output/ql_test_signals.o (__aeabi_d2iz)
/home/rahul/qorc-sdk/arm_toolchain_install/gcc-arm-none-eabi-9-2020-q2-update/bin/../lib/gcc/arm-none-eabi/9.3.1/thumb/v7e-m+fp/hard/libgcc.a(_arm_truncdfsf2.o)
                              /home/rahul/qorc-sdk/qorc-testapps/qf_helloworldfpga/arm/decoders/incdec/GCC_Project/output/eoss3_hal_i2c.o (__aeabi_d2f)
/home/rahul/qorc-sdk/arm_toolchain_install/gcc-arm-none-eabi-9-2020-q2-update/bin/../lib/gcc/arm-none-eabi/9.3.1/thumb/v7e-m+fp/hard/libgcc.a(_aeabi_ldivmod.o)
                              /home/rahul/qorc-sdk/qorc-testapps/qf_helloworldfpga/arm/decoders/incdec/GCC_Project/output/dbg_uart.o (__aeabi_ldivmod)
/home/rahul/qorc-sdk/arm_toolchain_install/gcc-arm-none-eabi-9-2020-q2-update/bin/../lib/gcc/arm-none-eabi/9.3.1/thumb/v7e-m+fp/hard/libgcc.a(_aeabi_uldivmod.o)
                              /home/rahul/qorc-sdk/qorc-testapps/qf_helloworldfpga/arm/decoders/incdec/GCC_Project/output/s3x_lpm.o (__aeabi_uldivmod)
/home/rahul/qorc-sdk/arm_toolchain_install/gcc-arm-none-eabi-9-2020-q2-update/bin/../lib/gcc/arm-none-eabi/9.3.1/thumb/v7e-m+fp/hard/libgcc.a(_udivmoddi4.o)
                              /home/rahul/qorc-sdk/arm_toolchain_install/gcc-arm-none-eabi-9-2020-q2-update/bin/../lib/gcc/arm-none-eabi/9.3.1/thumb/v7e-m+fp/hard/libgcc.a(_aeabi_ldivmod.o) (__udivmoddi4)
/home/rahul/qorc-sdk/arm_toolchain_install/gcc-arm-none-eabi-9-2020-q2-update/bin/../lib/gcc/arm-none-eabi/9.3.1/thumb/v7e-m+fp/hard/libgcc.a(_dvmd_tls.o)
                              /home/rahul/qorc-sdk/arm_toolchain_install/gcc-arm-none-eabi-9-2020-q2-update/bin/../lib/gcc/arm-none-eabi/9.3.1/thumb/v7e-m+fp/hard/libgcc.a(_aeabi_ldivmod.o) (__aeabi_ldiv0)
/home/rahul/qorc-sdk/arm_toolchain_install/gcc-arm-none-eabi-9-2020-q2-update/bin/../lib/gcc/arm-none-eabi/9.3.1/../../../../arm-none-eabi/lib/thumb/v7e-m+fp/hard/libg_nano.a(lib_a-exit.o)
                              /home/rahul/qorc-sdk/arm_toolchain_install/gcc-arm-none-eabi-9-2020-q2-update/bin/../lib/gcc/arm-none-eabi/9.3.1/../../../../arm-none-eabi/lib/thumb/v7e-m+fp/hard/crt0.o (exit)
/home/rahul/qorc-sdk/arm_toolchain_install/gcc-arm-none-eabi-9-2020-q2-update/bin/../lib/gcc/arm-none-eabi/9.3.1/../../../../arm-none-eabi/lib/thumb/v7e-m+fp/hard/libg_nano.a(lib_a-impure.o)
                              /home/rahul/qorc-sdk/arm_toolchain_install/gcc-arm-none-eabi-9-2020-q2-update/bin/../lib/gcc/arm-none-eabi/9.3.1/../../../../arm-none-eabi/lib/thumb/v7e-m+fp/hard/libg_nano.a(lib_a-exit.o) (_global_impure_ptr)
/home/rahul/qorc-sdk/arm_toolchain_install/gcc-arm-none-eabi-9-2020-q2-update/bin/../lib/gcc/arm-none-eabi/9.3.1/../../../../arm-none-eabi/lib/thumb/v7e-m+fp/hard/libg_nano.a(lib_a-init.o)
                              /home/rahul/qorc-sdk/arm_toolchain_install/gcc-arm-none-eabi-9-2020-q2-update/bin/../lib/gcc/arm-none-eabi/9.3.1/../../../../arm-none-eabi/lib/thumb/v7e-m+fp/hard/crt0.o (__libc_init_array)
/home/rahul/qorc-sdk/arm_toolchain_install/gcc-arm-none-eabi-9-2020-q2-update/bin/../lib/gcc/arm-none-eabi/9.3.1/../../../../arm-none-eabi/lib/thumb/v7e-m+fp/hard/libg_nano.a(lib_a-malloc.o)
                              /home/rahul/qorc-sdk/qorc-testapps/qf_helloworldfpga/arm/decoders/incdec/GCC_Project/output/circularBuffQueue.o (malloc)
/home/rahul/qorc-sdk/arm_toolchain_install/gcc-arm-none-eabi-9-2020-q2-update/bin/../lib/gcc/arm-none-eabi/9.3.1/../../../../arm-none-eabi/lib/thumb/v7e-m+fp/hard/libg_nano.a(lib_a-memcpy-stub.o)
                              /home/rahul/qorc-sdk/qorc-testapps/qf_helloworldfpga/arm/decoders/incdec/GCC_Project/output/cli_args.o (memcpy)
[...]
Memory Configuration

Name             Origin             Length             Attributes
rom              0x0000000000000000 0x0000000000027000 xr
ram              0x0000000020027000 0x000000000003c800 xrw
spiram           0x0000000020063800 0x0000000000000800 rw
HWA              0x0000000020064000 0x0000000000018000 rw
shm              0x000000002007c000 0x0000000000004000
*default*        0x0000000000000000 0xffffffffffffffff

Linker script and memory map

LOAD /home/rahul/qorc-sdk/arm_toolchain_install/gcc-arm-none-eabi-9-2020-q2-update/bin/../lib/gcc/arm-none-eabi/9.3.1/thumb/v7e-m+fp/hard/crti.o
LOAD /home/rahul/qorc-sdk/arm_toolchain_install/gcc-arm-none-eabi-9-2020-q2-update/bin/../lib/gcc/arm-none-eabi/9.3.1/thumb/v7e-m+fp/hard/crtbegin.o
LOAD /home/rahul/qorc-sdk/arm_toolchain_install/gcc-arm-none-eabi-9-2020-q2-update/bin/../lib/gcc/arm-none-eabi/9.3.1/../../../../arm-none-eabi/lib/thumb/v7e-m+fp/hard/crt0.o
LOAD /home/rahul/qorc-sdk/qorc-testapps/qf_helloworldfpga/arm/decoders/incdec/GCC_Project/output/battery_level_monitor.o
LOAD /home/rahul/qorc-sdk/qorc-testapps/qf_helloworldfpga/arm/decoders/incdec/GCC_Project/output/c_lib_retarget.o
LOAD /home/rahul/qorc-sdk/qorc-testapps/qf_helloworldfpga/arm/decoders/incdec/GCC_Project/output/circularBuffQueue.o
LOAD /home/rahul/qorc-sdk/qorc-testapps/qf_helloworldfpga/arm/decoders/incdec/GCC_Project/output/cli_args.o
LOAD /home/rahul/qorc-sdk/qorc-testapps/qf_helloworldfpga/arm/decoders/incdec/GCC_Project/output/cli_hexdump.o
LOAD /home/rahul/qorc-sdk/qorc-testapps/qf_helloworldfpga/arm/decoders/incdec/GCC_Project/output/cli_io.o
LOAD /home/rahul/qorc-sdk/qorc-testapps/qf_helloworldfpga/arm/decoders/incdec/GCC_Project/output/cli_loop.o
LOAD /home/rahul/qorc-sdk/qorc-testapps/qf_helloworldfpga/arm/decoders/incdec/GCC_Project/output/cli_misc.o
LOAD /home/rahul/qorc-sdk/qorc-testapps/qf_helloworldfpga/arm/decoders/incdec/GCC_Project/output/cli_platform.o
LOAD /home/rahul/qorc-sdk/qorc-testapps/qf_helloworldfpga/arm/decoders/incdec/GCC_Project/output/cli_stdcmds.o
LOAD /home/rahul/qorc-sdk/qorc-testapps/qf_helloworldfpga/arm/decoders/incdec/GCC_Project/output/crc16.o
LOAD /home/rahul/qorc-sdk/qorc-testapps/qf_helloworldfpga/arm/decoders/incdec/GCC_Project/output/crc32.o
LOAD /home/rahul/qorc-sdk/qorc-testapps/qf_helloworldfpga/arm/decoders/incdec/GCC_Project/output/croutine.o
LOAD /home/rahul/qorc-sdk/qorc-testapps/qf_helloworldfpga/arm/decoders/incdec/GCC_Project/output/dbg_bufferedprinttask.o
LOAD /home/rahul/qorc-sdk/qorc-testapps/qf_helloworldfpga/arm/decoders/incdec/GCC_Project/output/dbg_queue_monitor.o
LOAD /home/rahul/qorc-sdk/qorc-testapps/qf_helloworldfpga/arm/decoders/incdec/GCC_Project/output/dbg_uart.o
LOAD /home/rahul/qorc-sdk/qorc-testapps/qf_helloworldfpga/arm/decoders/incdec/GCC_Project/output/dbgtrace.o
LOAD /home/rahul/qorc-sdk/qorc-testapps/qf_helloworldfpga/arm/decoders/incdec/GCC_Project/output/eoss3_hal_adc.o
LOAD /home/rahul/qorc-sdk/qorc-testapps/qf_helloworldfpga/arm/decoders/incdec/GCC_Project/output/eoss3_hal_gpio.o
LOAD /home/rahul/qorc-sdk/qorc-testapps/qf_helloworldfpga/arm/decoders/incdec/GCC_Project/output/eoss3_hal_i2c.o
LOAD /home/rahul/qorc-sdk/qorc-testapps/qf_helloworldfpga/arm/decoders/incdec/GCC_Project/output/eoss3_hal_i2s.o
LOAD /home/rahul/qorc-sdk/qorc-testapps/qf_helloworldfpga/arm/decoders/incdec/GCC_Project/output/eoss3_hal_i2s_slave_assp.o
LOAD /home/rahul/qorc-sdk/qorc-testapps/qf_helloworldfpga/arm/decoders/incdec/GCC_Project/output/eoss3_hal_pad_config.o
LOAD /home/rahul/qorc-sdk/qorc-testapps/qf_helloworldfpga/arm/decoders/incdec/GCC_Project/output/eoss3_hal_pkfb.o
LOAD /home/rahul/qorc-sdk/qorc-testapps/qf_helloworldfpga/arm/decoders/incdec/GCC_Project/output/eoss3_hal_rtc.o
LOAD /home/rahul/qorc-sdk/qorc-testapps/qf_helloworldfpga/arm/decoders/incdec/GCC_Project/output/eoss3_hal_sdma.o
LOAD /home/rahul/qorc-sdk/qorc-testapps/qf_helloworldfpga/arm/decoders/incdec/GCC_Project/output/eoss3_hal_spi.o
LOAD /home/rahul/qorc-sdk/qorc-testapps/qf_helloworldfpga/arm/decoders/incdec/GCC_Project/output/eoss3_hal_timer.o
LOAD /home/rahul/qorc-sdk/qorc-testapps/qf_helloworldfpga/arm/decoders/incdec/GCC_Project/output/eoss3_hal_uart.o
LOAD /home/rahul/qorc-sdk/qorc-testapps/qf_helloworldfpga/arm/decoders/incdec/GCC_Project/output/eoss3_hal_wb.o
LOAD /home/rahul/qorc-sdk/qorc-testapps/qf_helloworldfpga/arm/decoders/incdec/GCC_Project/output/eoss3_hal_wdt.o
LOAD /home/rahul/qorc-sdk/qorc-testapps/qf_helloworldfpga/arm/decoders/incdec/GCC_Project/output/event_groups.o
LOAD /home/rahul/qorc-sdk/qorc-testapps/qf_helloworldfpga/arm/decoders/incdec/GCC_Project/output/exceptions.o
LOAD /home/rahul/qorc-sdk/qorc-testapps/qf_helloworldfpga/arm/decoders/incdec/GCC_Project/output/freertos_static_memory.o
LOAD /home/rahul/qorc-sdk/qorc-testapps/qf_helloworldfpga/arm/decoders/incdec/GCC_Project/output/heap_4.o
LOAD /home/rahul/qorc-sdk/qorc-testapps/qf_helloworldfpga/arm/decoders/incdec/GCC_Project/output/hearable_pwrcfg.o
LOAD /home/rahul/qorc-sdk/qorc-testapps/qf_helloworldfpga/arm/decoders/incdec/GCC_Project/output/leds.o
LOAD /home/rahul/qorc-sdk/qorc-testapps/qf_helloworldfpga/arm/decoders/incdec/GCC_Project/output/list.o
LOAD /home/rahul/qorc-sdk/qorc-testapps/qf_helloworldfpga/arm/decoders/incdec/GCC_Project/output/main.o
LOAD /home/rahul/qorc-sdk/qorc-testapps/qf_helloworldfpga/arm/decoders/incdec/GCC_Project/output/main_dbg_cli_menu.o
LOAD /home/rahul/qorc-sdk/qorc-testapps/qf_helloworldfpga/arm/decoders/incdec/GCC_Project/output/pincfg_table.o
LOAD /home/rahul/qorc-sdk/qorc-testapps/qf_helloworldfpga/arm/decoders/incdec/GCC_Project/output/port.o
LOAD /home/rahul/qorc-sdk/qorc-testapps/qf_helloworldfpga/arm/decoders/incdec/GCC_Project/output/qf_baremetalsetup.o
LOAD /home/rahul/qorc-sdk/qorc-testapps/qf_helloworldfpga/arm/decoders/incdec/GCC_Project/output/qf_hardwaresetup.o
LOAD /home/rahul/qorc-sdk/qorc-testapps/qf_helloworldfpga/arm/decoders/incdec/GCC_Project/output/ql_base64.o
LOAD /home/rahul/qorc-sdk/qorc-testapps/qf_helloworldfpga/arm/decoders/incdec/GCC_Project/output/ql_stackwatermark.o
LOAD /home/rahul/qorc-sdk/qorc-testapps/qf_helloworldfpga/arm/decoders/incdec/GCC_Project/output/ql_test_signals.o
LOAD /home/rahul/qorc-sdk/qorc-testapps/qf_helloworldfpga/arm/decoders/incdec/GCC_Project/output/ql_time.o
LOAD /home/rahul/qorc-sdk/qorc-testapps/qf_helloworldfpga/arm/decoders/incdec/GCC_Project/output/queue.o
LOAD /home/rahul/qorc-sdk/qorc-testapps/qf_helloworldfpga/arm/decoders/incdec/GCC_Project/output/s3x_clock.o
LOAD /home/rahul/qorc-sdk/qorc-testapps/qf_helloworldfpga/arm/decoders/incdec/GCC_Project/output/s3x_clock_hal.o
LOAD /home/rahul/qorc-sdk/qorc-testapps/qf_helloworldfpga/arm/decoders/incdec/GCC_Project/output/s3x_cpuload.o
LOAD /home/rahul/qorc-sdk/qorc-testapps/qf_helloworldfpga/arm/decoders/incdec/GCC_Project/output/s3x_dfs.o
LOAD /home/rahul/qorc-sdk/qorc-testapps/qf_helloworldfpga/arm/decoders/incdec/GCC_Project/output/s3x_lpm.o
LOAD /home/rahul/qorc-sdk/qorc-testapps/qf_helloworldfpga/arm/decoders/incdec/GCC_Project/output/s3x_pi.o
LOAD /home/rahul/qorc-sdk/qorc-testapps/qf_helloworldfpga/arm/decoders/incdec/GCC_Project/output/s3x_pwrcfg.o
LOAD /home/rahul/qorc-sdk/qorc-testapps/qf_helloworldfpga/arm/decoders/incdec/GCC_Project/output/s3x_qos.o
LOAD /home/rahul/qorc-sdk/qorc-testapps/qf_helloworldfpga/arm/decoders/incdec/GCC_Project/output/sec_debug.o
LOAD /home/rahul/qorc-sdk/qorc-testapps/qf_helloworldfpga/arm/decoders/incdec/GCC_Project/output/spi_flash.o
LOAD /home/rahul/qorc-sdk/qorc-testapps/qf_helloworldfpga/arm/decoders/incdec/GCC_Project/output/startup_EOSS3B_GCC.o
LOAD /home/rahul/qorc-sdk/qorc-testapps/qf_helloworldfpga/arm/decoders/incdec/GCC_Project/output/stream_buffer.o
LOAD /home/rahul/qorc-sdk/qorc-testapps/qf_helloworldfpga/arm/decoders/incdec/GCC_Project/output/tasks.o
LOAD /home/rahul/qorc-sdk/qorc-testapps/qf_helloworldfpga/arm/decoders/incdec/GCC_Project/output/timers.o
LOAD /home/rahul/qorc-sdk/qorc-testapps/qf_helloworldfpga/arm/decoders/incdec/GCC_Project/output/vectors_CM4F_gcc.o
LOAD /home/rahul/qorc-sdk/qorc-testapps/qf_helloworldfpga/arm/decoders/incdec/GCC_Project/output/watchdog.o
LOAD /home/rahul/qorc-sdk/arm_toolchain_install/gcc-arm-none-eabi-9-2020-q2-update/bin/../lib/gcc/arm-none-eabi/9.3.1/../../../../arm-none-eabi/lib/thumb/v7e-m+fp/hard/libm.a
LOAD /home/rahul/qorc-sdk/Libraries/CMSIS/lib/GCC/libarm_cortexM4lf_math.a
START GROUP
LOAD /home/rahul/qorc-sdk/arm_toolchain_install/gcc-arm-none-eabi-9-2020-q2-update/bin/../lib/gcc/arm-none-eabi/9.3.1/thumb/v7e-m+fp/hard/libgcc.a
LOAD /home/rahul/qorc-sdk/arm_toolchain_install/gcc-arm-none-eabi-9-2020-q2-update/bin/../lib/gcc/arm-none-eabi/9.3.1/../../../../arm-none-eabi/lib/thumb/v7e-m+fp/hard/libg_nano.a
LOAD /home/rahul/qorc-sdk/arm_toolchain_install/gcc-arm-none-eabi-9-2020-q2-update/bin/../lib/gcc/arm-none-eabi/9.3.1/../../../../arm-none-eabi/lib/thumb/v7e-m+fp/hard/libc_nano.a
END GROUP
START GROUP
LOAD /home/rahul/qorc-sdk/arm_toolchain_install/gcc-arm-none-eabi-9-2020-q2-update/bin/../lib/gcc/arm-none-eabi/9.3.1/thumb/v7e-m+fp/hard/libgcc.a
LOAD /home/rahul/qorc-sdk/arm_toolchain_install/gcc-arm-none-eabi-9-2020-q2-update/bin/../lib/gcc/arm-none-eabi/9.3.1/../../../../arm-none-eabi/lib/thumb/v7e-m+fp/hard/libc_nano.a
LOAD /home/rahul/qorc-sdk/arm_toolchain_install/gcc-arm-none-eabi-9-2020-q2-update/bin/../lib/gcc/arm-none-eabi/9.3.1/../../../../arm-none-eabi/lib/thumb/v7e-m+fp/hard/libnosys.a
END GROUP
START GROUP
LOAD /home/rahul/qorc-sdk/arm_toolchain_install/gcc-arm-none-eabi-9-2020-q2-update/bin/../lib/gcc/arm-none-eabi/9.3.1/thumb/v7e-m+fp/hard/libgcc.a
LOAD /home/rahul/qorc-sdk/arm_toolchain_install/gcc-arm-none-eabi-9-2020-q2-update/bin/../lib/gcc/arm-none-eabi/9.3.1/../../../../arm-none-eabi/lib/thumb/v7e-m+fp/hard/libc_nano.a
LOAD /home/rahul/qorc-sdk/arm_toolchain_install/gcc-arm-none-eabi-9-2020-q2-update/bin/../lib/gcc/arm-none-eabi/9.3.1/../../../../arm-none-eabi/lib/thumb/v7e-m+fp/hard/libnosys.a
END GROUP
LOAD /home/rahul/qorc-sdk/arm_toolchain_install/gcc-arm-none-eabi-9-2020-q2-update/bin/../lib/gcc/arm-none-eabi/9.3.1/thumb/v7e-m+fp/hard/crtend.o
LOAD /home/rahul/qorc-sdk/arm_toolchain_install/gcc-arm-none-eabi-9-2020-q2-update/bin/../lib/gcc/arm-none-eabi/9.3.1/thumb/v7e-m+fp/hard/crtn.o

.text           0x0000000000000000     0x85d7
 *(.isr_vector)
 .isr_vector    0x0000000000000000      0x124 /home/rahul/qorc-sdk/qorc-testapps/qf_helloworldfpga/arm/decoders/incdec/GCC_Project/output/vectors_CM4F_gcc.o
                0x0000000000000000                __Vectors
 *(.text*)
 .text          0x0000000000000124       0x40 /home/rahul/qorc-sdk/arm_toolchain_install/gcc-arm-none-eabi-9-2020-q2-update/bin/../lib/gcc/arm-none-eabi/9.3.1/thumb/v7e-m+fp/hard/crtbegin.o
 .text          0x0000000000000164       0x7c /home/rahul/qorc-sdk/arm_toolchain_install/gcc-arm-none-eabi-9-2020-q2-update/bin/../lib/gcc/arm-none-eabi/9.3.1/../../../../arm-none-eabi/lib/thumb/v7e-m+fp/hard/crt0.o
                0x0000000000000164                _stack_init
                0x000000000000016c                _mainCRTStartup
                0x000000000000016c                _start
 .text._write   0x00000000000001e0        0xe /home/rahul/qorc-sdk/qorc-testapps/qf_helloworldfpga/arm/decoders/incdec/GCC_Project/output/c_lib_retarget.o
                0x00000000000001e0                _write
 .text._close   0x00000000000001ee        0x6 /home/rahul/qorc-sdk/qorc-testapps/qf_helloworldfpga/arm/decoders/incdec/GCC_Project/output/c_lib_retarget.o
                0x00000000000001ee                _close
 .text._lseek   0x00000000000001f4        0x4 /home/rahul/qorc-sdk/qorc-testapps/qf_helloworldfpga/arm/decoders/incdec/GCC_Project/output/c_lib_retarget.o
                0x00000000000001f4                _lseek
 .text._read    0x00000000000001f8        0x4 /home/rahul/qorc-sdk/qorc-testapps/qf_helloworldfpga/arm/decoders/incdec/GCC_Project/output/c_lib_retarget.o
                0x00000000000001f8                _read
 .text.do_str_fetch
                0x00000000000001fc       0x38 /home/rahul/qorc-sdk/qorc-testapps/qf_helloworldfpga/arm/decoders/incdec/GCC_Project/output/cli_args.o
 .text.CLI_string_ptr_get_subcmd
                0x0000000000000234       0x20 /home/rahul/qorc-sdk/qorc-testapps/qf_helloworldfpga/arm/decoders/incdec/GCC_Project/output/cli_args.o
                0x0000000000000234                CLI_string_ptr_get_subcmd
 .text.CLI_numX_getshow_X
                0x0000000000000254      0x188 /home/rahul/qorc-sdk/qorc-testapps/qf_helloworldfpga/arm/decoders/incdec/GCC_Project/output/cli_args.o
                0x0000000000000254                CLI_numX_getshow_X
 .text.CLI_uint8_getshow
                0x00000000000003dc        0x8 /home/rahul/qorc-sdk/qorc-testapps/qf_helloworldfpga/arm/decoders/incdec/GCC_Project/output/cli_args.o
                0x00000000000003dc                CLI_uint8_getshow
 .text.append_key
                0x00000000000003e4       0x30 /home/rahul/qorc-sdk/qorc-testapps/qf_helloworldfpga/arm/decoders/incdec/GCC_Project/output/cli_io.o
 .text.get_key_ignore_null
                0x0000000000000414       0x18 /home/rahul/qorc-sdk/qorc-testapps/qf_helloworldfpga/arm/decoders/incdec/GCC_Project/output/cli_io.o
 .text.CLI_getkey_peek
                0x000000000000042c      0x110 /home/rahul/qorc-sdk/qorc-testapps/qf_helloworldfpga/arm/decoders/incdec/GCC_Project/output/cli_io.o
                0x000000000000042c                CLI_getkey_peek
 .text.CLI_getkey
                0x000000000000053c       0x30 /home/rahul/qorc-sdk/qorc-testapps/qf_helloworldfpga/arm/decoders/incdec/GCC_Project/output/cli_io.o
                0x000000000000053c                CLI_getkey
 .text.CLI_col0_timestamp
                0x000000000000056c       0x78 /home/rahul/qorc-sdk/qorc-testapps/qf_helloworldfpga/arm/decoders/incdec/GCC_Project/output/cli_io.o
                0x000000000000056c                CLI_col0_timestamp
 .text.CLI_putc
                0x00000000000005e4       0x4c /home/rahul/qorc-sdk/qorc-testapps/qf_helloworldfpga/arm/decoders/incdec/GCC_Project/output/cli_io.o
                0x00000000000005e4                CLI_putc
 .text.CLI_puts_no_nl
                0x0000000000000630       0x12 /home/rahul/qorc-sdk/qorc-testapps/qf_helloworldfpga/arm/decoders/incdec/GCC_Project/output/cli_io.o
                0x0000000000000630                CLI_puts_no_nl
 *fill*         0x0000000000000642        0x2 
 .text.CLI_vprintf
                0x0000000000000644       0x24 /home/rahul/qorc-sdk/qorc-testapps/qf_helloworldfpga/arm/decoders/incdec/GCC_Project/output/cli_io.o
                0x0000000000000644                CLI_vprintf
 .text.CLI_printf
                0x0000000000000668       0x1a /home/rahul/qorc-sdk/qorc-testapps/qf_helloworldfpga/arm/decoders/incdec/GCC_Project/output/cli_io.o
                0x0000000000000668                CLI_printf
 *fill*         0x0000000000000682        0x2 
 .text.handle_help
                0x0000000000000684       0xc4 /home/rahul/qorc-sdk/qorc-testapps/qf_helloworldfpga/arm/decoders/incdec/GCC_Project/output/cli_loop.o
 .text.CLI_cmd_stack_replace
                0x0000000000000748       0x10 /home/rahul/qorc-sdk/qorc-testapps/qf_helloworldfpga/arm/decoders/incdec/GCC_Project/output/cli_loop.o
                0x0000000000000748                CLI_cmd_stack_replace
 .text.CLI_cmd_stack_push
                0x0000000000000758       0x30 /home/rahul/qorc-sdk/qorc-testapps/qf_helloworldfpga/arm/decoders/incdec/GCC_Project/output/cli_loop.o
                0x0000000000000758                CLI_cmd_stack_push
 .text.CLI_cmd_stack_clear
                0x0000000000000788       0x24 /home/rahul/qorc-sdk/qorc-testapps/qf_helloworldfpga/arm/decoders/incdec/GCC_Project/output/cli_loop.o
                0x0000000000000788                CLI_cmd_stack_clear
 .text.CLI_cmd_stack_pop
                0x00000000000007ac       0x40 /home/rahul/qorc-sdk/qorc-testapps/qf_helloworldfpga/arm/decoders/incdec/GCC_Project/output/cli_loop.o
                0x00000000000007ac                CLI_cmd_stack_pop
 .text.handle_exit
                0x00000000000007ec       0x1c /home/rahul/qorc-sdk/qorc-testapps/qf_helloworldfpga/arm/decoders/incdec/GCC_Project/output/cli_loop.o
 .text.CLI_init
                0x0000000000000808       0x24 /home/rahul/qorc-sdk/qorc-testapps/qf_helloworldfpga/arm/decoders/incdec/GCC_Project/output/cli_loop.o
                0x0000000000000808                CLI_init
 .text.CLI_print_prompt
                0x000000000000082c       0x44 /home/rahul/qorc-sdk/qorc-testapps/qf_helloworldfpga/arm/decoders/incdec/GCC_Project/output/cli_loop.o
                0x000000000000082c                CLI_print_prompt
 .text.CLI_dispatch_subcmd
                0x0000000000000870       0x84 /home/rahul/qorc-sdk/qorc-testapps/qf_helloworldfpga/arm/decoders/incdec/GCC_Project/output/cli_loop.o
                0x0000000000000870                CLI_dispatch_subcmd
 .text.CLI_dispatch
                0x00000000000008f4       0xc0 /home/rahul/qorc-sdk/qorc-testapps/qf_helloworldfpga/arm/decoders/incdec/GCC_Project/output/cli_loop.o
 .text.CLI_submenu_handler
                0x00000000000009b4       0x30 /home/rahul/qorc-sdk/qorc-testapps/qf_helloworldfpga/arm/decoders/incdec/GCC_Project/output/cli_loop.o
                0x00000000000009b4                CLI_submenu_handler
 .text.CLI_verror
                0x00000000000009e4       0x40 /home/rahul/qorc-sdk/qorc-testapps/qf_helloworldfpga/arm/decoders/incdec/GCC_Project/output/cli_loop.o
                0x00000000000009e4                CLI_verror
 .text.CLI_rx_byte
                0x0000000000000a24       0xec /home/rahul/qorc-sdk/qorc-testapps/qf_helloworldfpga/arm/decoders/incdec/GCC_Project/output/cli_loop.o
                0x0000000000000a24                CLI_rx_byte
 .text.CLI_is_more_args
                0x0000000000000b10       0x14 /home/rahul/qorc-sdk/qorc-testapps/qf_helloworldfpga/arm/decoders/incdec/GCC_Project/output/cli_misc.o
                0x0000000000000b10                CLI_is_more_args
 .text.CLI_error
                0x0000000000000b24       0x1a /home/rahul/qorc-sdk/qorc-testapps/qf_helloworldfpga/arm/decoders/incdec/GCC_Project/output/cli_misc.o
                0x0000000000000b24                CLI_error
 *fill*         0x0000000000000b3e        0x2 
 .text.CLI_error_missing_parameter
                0x0000000000000b40        0xc /home/rahul/qorc-sdk/qorc-testapps/qf_helloworldfpga/arm/decoders/incdec/GCC_Project/output/cli_misc.o
                0x0000000000000b40                CLI_error_missing_parameter
 .text.CLI_error_not_a_number
                0x0000000000000b4c       0x10 /home/rahul/qorc-sdk/qorc-testapps/qf_helloworldfpga/arm/decoders/incdec/GCC_Project/output/cli_misc.o
                0x0000000000000b4c                CLI_error_not_a_number
 .text.CLI_task
                0x0000000000000b5c       0x54 /home/rahul/qorc-sdk/qorc-testapps/qf_helloworldfpga/arm/decoders/incdec/GCC_Project/output/cli_platform.o
                0x0000000000000b5c                CLI_task
 .text.CLI_time_now
                0x0000000000000bb0        0x4 /home/rahul/qorc-sdk/qorc-testapps/qf_helloworldfpga/arm/decoders/incdec/GCC_Project/output/cli_platform.o
                0x0000000000000bb0                CLI_time_now
 .text.CLI_beep
                0x0000000000000bb4        0x6 /home/rahul/qorc-sdk/qorc-testapps/qf_helloworldfpga/arm/decoders/incdec/GCC_Project/output/cli_platform.o
                0x0000000000000bb4                CLI_beep
 .text.CLI_timeout_expired
                0x0000000000000bba       0x22 /home/rahul/qorc-sdk/qorc-testapps/qf_helloworldfpga/arm/decoders/incdec/GCC_Project/output/cli_platform.o
                0x0000000000000bba                CLI_timeout_expired
 .text.CLI_putc_raw
                0x0000000000000bdc        0x8 /home/rahul/qorc-sdk/qorc-testapps/qf_helloworldfpga/arm/decoders/incdec/GCC_Project/output/cli_platform.o
                0x0000000000000bdc                CLI_putc_raw
 .text.CLI_getkey_raw
                0x0000000000000be4       0x3c /home/rahul/qorc-sdk/qorc-testapps/qf_helloworldfpga/arm/decoders/incdec/GCC_Project/output/cli_platform.o
                0x0000000000000be4                CLI_getkey_raw
 .text.CLI_start_task
                0x0000000000000c20       0x58 /home/rahul/qorc-sdk/qorc-testapps/qf_helloworldfpga/arm/decoders/incdec/GCC_Project/output/cli_platform.o
                0x0000000000000c20                CLI_start_task
 .text.__debug_lockup
                0x0000000000000c78       0x14 /home/rahul/qorc-sdk/qorc-testapps/qf_helloworldfpga/arm/decoders/incdec/GCC_Project/output/dbg_uart.o
 .text._semihost_write
                0x0000000000000c8c       0x54 /home/rahul/qorc-sdk/qorc-testapps/qf_helloworldfpga/arm/decoders/incdec/GCC_Project/output/dbg_uart.o
                0x0000000000000c8c                _semihost_write
 .text.dbg_ch_raw
                0x0000000000000ce0       0x74 /home/rahul/qorc-sdk/qorc-testapps/qf_helloworldfpga/arm/decoders/incdec/GCC_Project/output/dbg_uart.o
                0x0000000000000ce0                dbg_ch_raw
 .text.dbg_nl   0x0000000000000d54       0x12 /home/rahul/qorc-sdk/qorc-testapps/qf_helloworldfpga/arm/decoders/incdec/GCC_Project/output/dbg_uart.o
                0x0000000000000d54                dbg_nl
 .text.dbg_ch   0x0000000000000d66        0xc /home/rahul/qorc-sdk/qorc-testapps/qf_helloworldfpga/arm/decoders/incdec/GCC_Project/output/dbg_uart.o
                0x0000000000000d66                dbg_ch
 .text.dbg_hex4
                0x0000000000000d72       0x14 /home/rahul/qorc-sdk/qorc-testapps/qf_helloworldfpga/arm/decoders/incdec/GCC_Project/output/dbg_uart.o
 .text.dbg_hex8
                0x0000000000000d86       0x14 /home/rahul/qorc-sdk/qorc-testapps/qf_helloworldfpga/arm/decoders/incdec/GCC_Project/output/dbg_uart.o
                0x0000000000000d86                dbg_hex8
 .text.dbg_hex16
                0x0000000000000d9a       0x14 /home/rahul/qorc-sdk/qorc-testapps/qf_helloworldfpga/arm/decoders/incdec/GCC_Project/output/dbg_uart.o
                0x0000000000000d9a                dbg_hex16
 .text.dbg_hex32
                0x0000000000000dae       0x14 /home/rahul/qorc-sdk/qorc-testapps/qf_helloworldfpga/arm/decoders/incdec/GCC_Project/output/dbg_uart.o
                0x0000000000000dae                dbg_hex32
 .text._dbg_int
                0x0000000000000dc2       0x20 /home/rahul/qorc-sdk/qorc-testapps/qf_helloworldfpga/arm/decoders/incdec/GCC_Project/output/dbg_uart.o
 .text.dbg_memdumpx
                0x0000000000000de2       0xea /home/rahul/qorc-sdk/qorc-testapps/qf_helloworldfpga/arm/decoders/incdec/GCC_Project/output/dbg_uart.o
 .text.dbg_str  0x0000000000000ecc       0x84 /home/rahul/qorc-sdk/qorc-testapps/qf_helloworldfpga/arm/decoders/incdec/GCC_Project/output/dbg_uart.o
                0x0000000000000ecc                dbg_str
 .text._dbg_str_xxx
                0x0000000000000f50       0x16 /home/rahul/qorc-sdk/qorc-testapps/qf_helloworldfpga/arm/decoders/incdec/GCC_Project/output/dbg_uart.o
 .text.dbg_str_hexXX
                0x0000000000000f66       0x22 /home/rahul/qorc-sdk/qorc-testapps/qf_helloworldfpga/arm/decoders/incdec/GCC_Project/output/dbg_uart.o
 .text.dbg_int  0x0000000000000f88       0x24 /home/rahul/qorc-sdk/qorc-testapps/qf_helloworldfpga/arm/decoders/incdec/GCC_Project/output/dbg_uart.o
                0x0000000000000f88                dbg_int
 .text.dbg_str_str
                0x0000000000000fac       0x16 /home/rahul/qorc-sdk/qorc-testapps/qf_helloworldfpga/arm/decoders/incdec/GCC_Project/output/dbg_uart.o
                0x0000000000000fac                dbg_str_str
 .text.dbg_str_int
                0x0000000000000fc2       0x16 /home/rahul/qorc-sdk/qorc-testapps/qf_helloworldfpga/arm/decoders/incdec/GCC_Project/output/dbg_uart.o
                0x0000000000000fc2                dbg_str_int
 .text.dbg_str_int_noln
                0x0000000000000fd8       0x12 /home/rahul/qorc-sdk/qorc-testapps/qf_helloworldfpga/arm/decoders/incdec/GCC_Project/output/dbg_uart.o
                0x0000000000000fd8                dbg_str_int_noln
 *fill*         0x0000000000000fea        0x2 
 .text.dbg_str_hex32
                0x0000000000000fec        0xc /home/rahul/qorc-sdk/qorc-testapps/qf_helloworldfpga/arm/decoders/incdec/GCC_Project/output/dbg_uart.o
                0x0000000000000fec                dbg_str_hex32
 .text.dbg_fatal_error
                0x0000000000000ff8       0x12 /home/rahul/qorc-sdk/qorc-testapps/qf_helloworldfpga/arm/decoders/incdec/GCC_Project/output/dbg_uart.o
                0x0000000000000ff8                dbg_fatal_error
 .text.dbg_fatal_error_int
                0x000000000000100a        0xe /home/rahul/qorc-sdk/qorc-testapps/qf_helloworldfpga/arm/decoders/incdec/GCC_Project/output/dbg_uart.o
                0x000000000000100a                dbg_fatal_error_int
 .text.dbg_memdump32
                0x0000000000001018       0x1e /home/rahul/qorc-sdk/qorc-testapps/qf_helloworldfpga/arm/decoders/incdec/GCC_Project/output/dbg_uart.o
                0x0000000000001018                dbg_memdump32
 *fill*         0x0000000000001036        0x2 
 .text.HAL_GPIO_Write
                0x0000000000001038       0x28 /home/rahul/qorc-sdk/qorc-testapps/qf_helloworldfpga/arm/decoders/incdec/GCC_Project/output/eoss3_hal_gpio.o
                0x0000000000001038                HAL_GPIO_Write
 .text.HAL_PAD_Config
                0x0000000000001060      0x190 /home/rahul/qorc-sdk/qorc-testapps/qf_helloworldfpga/arm/decoders/incdec/GCC_Project/output/eoss3_hal_pad_config.o
                0x0000000000001060                HAL_PAD_Config
 .text.configure_s3_pads
                0x00000000000011f0       0x1a /home/rahul/qorc-sdk/qorc-testapps/qf_helloworldfpga/arm/decoders/incdec/GCC_Project/output/eoss3_hal_pad_config.o
                0x00000000000011f0                configure_s3_pads
 *fill*         0x000000000000120a        0x2 
 .text.eoss3_rtc_enable_irq
                0x000000000000120c       0x28 /home/rahul/qorc-sdk/qorc-testapps/qf_helloworldfpga/arm/decoders/incdec/GCC_Project/output/eoss3_hal_rtc.o
 .text.write_rtc_reg
                0x0000000000001234       0x18 /home/rahul/qorc-sdk/qorc-testapps/qf_helloworldfpga/arm/decoders/incdec/GCC_Project/output/eoss3_hal_rtc.o
 .text.__rtc_setup_alarm.isra.0
                0x000000000000124c       0x44 /home/rahul/qorc-sdk/qorc-testapps/qf_helloworldfpga/arm/decoders/incdec/GCC_Project/output/eoss3_hal_rtc.o
 .text.HAL_RTC_ISR
                0x0000000000001290       0x24 /home/rahul/qorc-sdk/qorc-testapps/qf_helloworldfpga/arm/decoders/incdec/GCC_Project/output/eoss3_hal_rtc.o
                0x0000000000001290                HAL_RTC_ISR
 .text.unlock_spi1_bus
                0x00000000000012b4       0x58 /home/rahul/qorc-sdk/qorc-testapps/qf_helloworldfpga/arm/decoders/incdec/GCC_Project/output/eoss3_hal_spi.o
                0x00000000000012b4                unlock_spi1_bus
 .text.SPI_DMA_Complete
                0x000000000000130c       0x88 /home/rahul/qorc-sdk/qorc-testapps/qf_helloworldfpga/arm/decoders/incdec/GCC_Project/output/eoss3_hal_spi.o
                0x000000000000130c                SPI_DMA_Complete
 .text.HAL_SPI_IRQHandler
                0x0000000000001394       0x6c /home/rahul/qorc-sdk/qorc-testapps/qf_helloworldfpga/arm/decoders/incdec/GCC_Project/output/eoss3_hal_spi.o
                0x0000000000001394                HAL_SPI_IRQHandler
 .text.HAL_Delay_Init
                0x0000000000001400       0x54 /home/rahul/qorc-sdk/qorc-testapps/qf_helloworldfpga/arm/decoders/incdec/GCC_Project/output/eoss3_hal_timer.o
                0x0000000000001400                HAL_Delay_Init
 .text.HAL_Timer_ISR
                0x0000000000001454       0x88 /home/rahul/qorc-sdk/qorc-testapps/qf_helloworldfpga/arm/decoders/incdec/GCC_Project/output/eoss3_hal_timer.o
                0x0000000000001454                HAL_Timer_ISR
 .text.uart_baud_rate
                0x00000000000014dc       0x60 /home/rahul/qorc-sdk/qorc-testapps/qf_helloworldfpga/arm/decoders/incdec/GCC_Project/output/eoss3_hal_uart.o
 .text.is_hw_uart_enabled
                0x000000000000153c       0x20 /home/rahul/qorc-sdk/qorc-testapps/qf_helloworldfpga/arm/decoders/incdec/GCC_Project/output/eoss3_hal_uart.o
 .text.uart_disable
                0x000000000000155c       0x1c /home/rahul/qorc-sdk/qorc-testapps/qf_helloworldfpga/arm/decoders/incdec/GCC_Project/output/eoss3_hal_uart.o
 .text.uart_lpm_callback
                0x0000000000001578       0x70 /home/rahul/qorc-sdk/qorc-testapps/qf_helloworldfpga/arm/decoders/incdec/GCC_Project/output/eoss3_hal_uart.o
 .text.uart_init
                0x00000000000015e8      0x168 /home/rahul/qorc-sdk/qorc-testapps/qf_helloworldfpga/arm/decoders/incdec/GCC_Project/output/eoss3_hal_uart.o
                0x00000000000015e8                uart_init
 .text.uart_isr_handler
                0x0000000000001750       0x84 /home/rahul/qorc-sdk/qorc-testapps/qf_helloworldfpga/arm/decoders/incdec/GCC_Project/output/eoss3_hal_uart.o
                0x0000000000001750                uart_isr_handler
 .text.uart_tx_raw
                0x00000000000017d4       0x38 /home/rahul/qorc-sdk/qorc-testapps/qf_helloworldfpga/arm/decoders/incdec/GCC_Project/output/eoss3_hal_uart.o
                0x00000000000017d4                uart_tx_raw
 .text.uart_tx  0x000000000000180c       0x1c /home/rahul/qorc-sdk/qorc-testapps/qf_helloworldfpga/arm/decoders/incdec/GCC_Project/output/eoss3_hal_uart.o
                0x000000000000180c                uart_tx
 .text.uart_tx_buf
                0x0000000000001828       0x1a /home/rahul/qorc-sdk/qorc-testapps/qf_helloworldfpga/arm/decoders/incdec/GCC_Project/output/eoss3_hal_uart.o
                0x0000000000001828                uart_tx_buf
 *fill*         0x0000000000001842        0x2 
 .text.uart_rx_wait
                0x0000000000001844       0x34 /home/rahul/qorc-sdk/qorc-testapps/qf_helloworldfpga/arm/decoders/incdec/GCC_Project/output/eoss3_hal_uart.o
                0x0000000000001844                uart_rx_wait
 .text.uart_rx_available
                0x0000000000001878       0x34 /home/rahul/qorc-sdk/qorc-testapps/qf_helloworldfpga/arm/decoders/incdec/GCC_Project/output/eoss3_hal_uart.o
                0x0000000000001878                uart_rx_available
 .text.uart_rx  0x00000000000018ac       0x60 /home/rahul/qorc-sdk/qorc-testapps/qf_helloworldfpga/arm/decoders/incdec/GCC_Project/output/eoss3_hal_uart.o
                0x00000000000018ac                uart_rx
 .text.WDT_ISR  0x000000000000190c       0x8c /home/rahul/qorc-sdk/qorc-testapps/qf_helloworldfpga/arm/decoders/incdec/GCC_Project/output/eoss3_hal_wdt.o
                0x000000000000190c                WDT_ISR
 .text.spurious_interrupt
                0x0000000000001998        0xc /home/rahul/qorc-sdk/qorc-testapps/qf_helloworldfpga/arm/decoders/incdec/GCC_Project/output/exceptions.o
 .text.prvGetRegistersFromStack
                0x00000000000019a4       0xf0 /home/rahul/qorc-sdk/qorc-testapps/qf_helloworldfpga/arm/decoders/incdec/GCC_Project/output/exceptions.o
                0x00000000000019a4                prvGetRegistersFromStack
 .text.HardFault_Handler
                0x0000000000001a94       0x16 /home/rahul/qorc-sdk/qorc-testapps/qf_helloworldfpga/arm/decoders/incdec/GCC_Project/output/exceptions.o
                0x0000000000001a94                HardFault_Handler
 .text.NMI_Handler
                0x0000000000001aaa        0x6 /home/rahul/qorc-sdk/qorc-testapps/qf_helloworldfpga/arm/decoders/incdec/GCC_Project/output/exceptions.o
                0x0000000000001aaa                NMI_Handler
 .text.MemManage_Handler
                0x0000000000001ab0        0x6 /home/rahul/qorc-sdk/qorc-testapps/qf_helloworldfpga/arm/decoders/incdec/GCC_Project/output/exceptions.o
                0x0000000000001ab0                MemManage_Handler
 .text.BusFault_Handler
                0x0000000000001ab6        0x6 /home/rahul/qorc-sdk/qorc-testapps/qf_helloworldfpga/arm/decoders/incdec/GCC_Project/output/exceptions.o
                0x0000000000001ab6                BusFault_Handler
 .text.UsageFault_Handler
                0x0000000000001abc        0x6 /home/rahul/qorc-sdk/qorc-testapps/qf_helloworldfpga/arm/decoders/incdec/GCC_Project/output/exceptions.o
                0x0000000000001abc                UsageFault_Handler
 .text.DebugMon_Handler
                0x0000000000001ac2        0x6 /home/rahul/qorc-sdk/qorc-testapps/qf_helloworldfpga/arm/decoders/incdec/GCC_Project/output/exceptions.o
                0x0000000000001ac2                DebugMon_Handler
 .text.Uart_Handler
                0x0000000000001ac8       0x50 /home/rahul/qorc-sdk/qorc-testapps/qf_helloworldfpga/arm/decoders/incdec/GCC_Project/output/exceptions.o
                0x0000000000001ac8                Uart_Handler
 .text.Timer_Handler
                0x0000000000001b18       0x24 /home/rahul/qorc-sdk/qorc-testapps/qf_helloworldfpga/arm/decoders/incdec/GCC_Project/output/exceptions.o
                0x0000000000001b18                Timer_Handler
 .text.CpuWdtInt_Handler
                0x0000000000001b3c       0x24 /home/rahul/qorc-sdk/qorc-testapps/qf_helloworldfpga/arm/decoders/incdec/GCC_Project/output/exceptions.o
                0x0000000000001b3c                CpuWdtInt_Handler
 .text.CpuWdtRst_Handler
                0x0000000000001b60        0x6 /home/rahul/qorc-sdk/qorc-testapps/qf_helloworldfpga/arm/decoders/incdec/GCC_Project/output/exceptions.o
                0x0000000000001b60                CpuWdtRst_Handler
 .text.BusTimeout_Handler
                0x0000000000001b66        0x6 /home/rahul/qorc-sdk/qorc-testapps/qf_helloworldfpga/arm/decoders/incdec/GCC_Project/output/exceptions.o
                0x0000000000001b66                BusTimeout_Handler
 .text.Fpu_Handler
                0x0000000000001b6c        0x6 /home/rahul/qorc-sdk/qorc-testapps/qf_helloworldfpga/arm/decoders/incdec/GCC_Project/output/exceptions.o
                0x0000000000001b6c                Fpu_Handler
 *fill*         0x0000000000001b72        0x2 
 .text.Pkfb_Handler
                0x0000000000001b74       0x10 /home/rahul/qorc-sdk/qorc-testapps/qf_helloworldfpga/arm/decoders/incdec/GCC_Project/output/exceptions.o
                0x0000000000001b74                Pkfb_Handler
 .text.I2s_Handler
                0x0000000000001b84        0x6 /home/rahul/qorc-sdk/qorc-testapps/qf_helloworldfpga/arm/decoders/incdec/GCC_Project/output/exceptions.o
                0x0000000000001b84                I2s_Handler
 .text.Audio_Handler
                0x0000000000001b8a        0x6 /home/rahul/qorc-sdk/qorc-testapps/qf_helloworldfpga/arm/decoders/incdec/GCC_Project/output/exceptions.o
                0x0000000000001b8a                Audio_Handler
 .text.SpiMs_Handler
                0x0000000000001b90       0x5c /home/rahul/qorc-sdk/qorc-testapps/qf_helloworldfpga/arm/decoders/incdec/GCC_Project/output/exceptions.o
                0x0000000000001b90                SpiMs_Handler
 .text.CfgDma_Handler
                0x0000000000001bec       0x28 /home/rahul/qorc-sdk/qorc-testapps/qf_helloworldfpga/arm/decoders/incdec/GCC_Project/output/exceptions.o
                0x0000000000001bec                CfgDma_Handler
 .text.PmuTimer_Handler
                0x0000000000001c14        0x2 /home/rahul/qorc-sdk/qorc-testapps/qf_helloworldfpga/arm/decoders/incdec/GCC_Project/output/exceptions.o
                0x0000000000001c14                PmuTimer_Handler
 .text.AdcDone_Handler
                0x0000000000001c16        0x8 /home/rahul/qorc-sdk/qorc-testapps/qf_helloworldfpga/arm/decoders/incdec/GCC_Project/output/exceptions.o
                0x0000000000001c16                AdcDone_Handler
 *fill*         0x0000000000001c1e        0x2 
 .text.RtcAlarm_Handler
                0x0000000000001c20       0x1c /home/rahul/qorc-sdk/qorc-testapps/qf_helloworldfpga/arm/decoders/incdec/GCC_Project/output/exceptions.o
                0x0000000000001c20                RtcAlarm_Handler
 .text.ResetInt_Handler
                0x0000000000001c3c        0x8 /home/rahul/qorc-sdk/qorc-testapps/qf_helloworldfpga/arm/decoders/incdec/GCC_Project/output/exceptions.o
                0x0000000000001c3c                ResetInt_Handler
 .text.Ffe0_Handler
                0x0000000000001c44       0x18 /home/rahul/qorc-sdk/qorc-testapps/qf_helloworldfpga/arm/decoders/incdec/GCC_Project/output/exceptions.o
                0x0000000000001c44                Ffe0_Handler
 .text.FbMsg_Handler
                0x0000000000001c5c       0x6c /home/rahul/qorc-sdk/qorc-testapps/qf_helloworldfpga/arm/decoders/incdec/GCC_Project/output/exceptions.o
                0x0000000000001c5c                FbMsg_Handler
 .text.SensorGpio_Handler
                0x0000000000001cc8        0x8 /home/rahul/qorc-sdk/qorc-testapps/qf_helloworldfpga/arm/decoders/incdec/GCC_Project/output/exceptions.o
                0x0000000000001cc8                SensorGpio_Handler
 .text.M4SramSleep_Handler
                0x0000000000001cd0        0x8 /home/rahul/qorc-sdk/qorc-testapps/qf_helloworldfpga/arm/decoders/incdec/GCC_Project/output/exceptions.o
                0x0000000000001cd0                M4SramSleep_Handler
 .text.LDO30_PG_Handler
                0x0000000000001cd8        0x8 /home/rahul/qorc-sdk/qorc-testapps/qf_helloworldfpga/arm/decoders/incdec/GCC_Project/output/exceptions.o
                0x0000000000001cd8                LDO30_PG_Handler
 .text.LDO50_PG_Handler
                0x0000000000001ce0        0x8 /home/rahul/qorc-sdk/qorc-testapps/qf_helloworldfpga/arm/decoders/incdec/GCC_Project/output/exceptions.o
                0x0000000000001ce0                LDO50_PG_Handler
 .text.DMIC_Voice_Det_Handler
                0x0000000000001ce8        0x8 /home/rahul/qorc-sdk/qorc-testapps/qf_helloworldfpga/arm/decoders/incdec/GCC_Project/output/exceptions.o
                0x0000000000001ce8                DMIC_Voice_Det_Handler
 .text.ApPDMClkOn_Handler
                0x0000000000001cf0        0x8 /home/rahul/qorc-sdk/qorc-testapps/qf_helloworldfpga/arm/decoders/incdec/GCC_Project/output/exceptions.o
                0x0000000000001cf0                ApPDMClkOn_Handler
 .text.ApPDMClkOff_Handler
                0x0000000000001cf8        0x8 /home/rahul/qorc-sdk/qorc-testapps/qf_helloworldfpga/arm/decoders/incdec/GCC_Project/output/exceptions.o
                0x0000000000001cf8                ApPDMClkOff_Handler
 .text.Dmac0BlkDone_Handler
                0x0000000000001d00        0x8 /home/rahul/qorc-sdk/qorc-testapps/qf_helloworldfpga/arm/decoders/incdec/GCC_Project/output/exceptions.o
                0x0000000000001d00                Dmac0BlkDone_Handler
 .text.Dmac0BufDone_Handler
                0x0000000000001d08        0x8 /home/rahul/qorc-sdk/qorc-testapps/qf_helloworldfpga/arm/decoders/incdec/GCC_Project/output/exceptions.o
                0x0000000000001d08                Dmac0BufDone_Handler
 .text.Dmac1BlkDone_Handler
                0x0000000000001d10        0x8 /home/rahul/qorc-sdk/qorc-testapps/qf_helloworldfpga/arm/decoders/incdec/GCC_Project/output/exceptions.o
                0x0000000000001d10                Dmac1BlkDone_Handler
 .text.Dmac1BufDone_Handler
                0x0000000000001d18        0x8 /home/rahul/qorc-sdk/qorc-testapps/qf_helloworldfpga/arm/decoders/incdec/GCC_Project/output/exceptions.o
                0x0000000000001d18                Dmac1BufDone_Handler
 .text.Sdma0Done_Handler
                0x0000000000001d20        0x8 /home/rahul/qorc-sdk/qorc-testapps/qf_helloworldfpga/arm/decoders/incdec/GCC_Project/output/exceptions.o
                0x0000000000001d20                Sdma0Done_Handler
 .text.Sdma1Done_Handler
                0x0000000000001d28        0x8 /home/rahul/qorc-sdk/qorc-testapps/qf_helloworldfpga/arm/decoders/incdec/GCC_Project/output/exceptions.o
                0x0000000000001d28                Sdma1Done_Handler
 .text.Sdma2Done_Handler
                0x0000000000001d30        0x8 /home/rahul/qorc-sdk/qorc-testapps/qf_helloworldfpga/arm/decoders/incdec/GCC_Project/output/exceptions.o
                0x0000000000001d30                Sdma2Done_Handler
 .text.Sdma3Done_Handler
                0x0000000000001d38        0x8 /home/rahul/qorc-sdk/qorc-testapps/qf_helloworldfpga/arm/decoders/incdec/GCC_Project/output/exceptions.o
                0x0000000000001d38                Sdma3Done_Handler
 .text.Sdma4Done_Handler
                0x0000000000001d40        0x8 /home/rahul/qorc-sdk/qorc-testapps/qf_helloworldfpga/arm/decoders/incdec/GCC_Project/output/exceptions.o
                0x0000000000001d40                Sdma4Done_Handler
 .text.Sdma5Done_Handler
                0x0000000000001d48        0x8 /home/rahul/qorc-sdk/qorc-testapps/qf_helloworldfpga/arm/decoders/incdec/GCC_Project/output/exceptions.o
                0x0000000000001d48                Sdma5Done_Handler
 .text.Sdma6Done_Handler
                0x0000000000001d50        0x8 /home/rahul/qorc-sdk/qorc-testapps/qf_helloworldfpga/arm/decoders/incdec/GCC_Project/output/exceptions.o
                0x0000000000001d50                Sdma6Done_Handler
 .text.Sdma7Done_Handler
                0x0000000000001d58        0x8 /home/rahul/qorc-sdk/qorc-testapps/qf_helloworldfpga/arm/decoders/incdec/GCC_Project/output/exceptions.o
                0x0000000000001d58                Sdma7Done_Handler
 .text.Sdma8Done_Handler
                0x0000000000001d60        0x8 /home/rahul/qorc-sdk/qorc-testapps/qf_helloworldfpga/arm/decoders/incdec/GCC_Project/output/exceptions.o
                0x0000000000001d60                Sdma8Done_Handler
 .text.Sdma9Done_Handler
                0x0000000000001d68        0x8 /home/rahul/qorc-sdk/qorc-testapps/qf_helloworldfpga/arm/decoders/incdec/GCC_Project/output/exceptions.o
                0x0000000000001d68                Sdma9Done_Handler
 .text.Sdma10Done_Handler
                0x0000000000001d70        0x8 /home/rahul/qorc-sdk/qorc-testapps/qf_helloworldfpga/arm/decoders/incdec/GCC_Project/output/exceptions.o
                0x0000000000001d70                Sdma10Done_Handler
 .text.Sdma11Done_Handler
                0x0000000000001d78        0x8 /home/rahul/qorc-sdk/qorc-testapps/qf_helloworldfpga/arm/decoders/incdec/GCC_Project/output/exceptions.o
                0x0000000000001d78                Sdma11Done_Handler
 .text.SdmaErr_Handler
                0x0000000000001d80        0x8 /home/rahul/qorc-sdk/qorc-testapps/qf_helloworldfpga/arm/decoders/incdec/GCC_Project/output/exceptions.o
                0x0000000000001d80                SdmaErr_Handler
 .text.I2S_SlvM4TxOr_Handler
                0x0000000000001d88        0x8 /home/rahul/qorc-sdk/qorc-testapps/qf_helloworldfpga/arm/decoders/incdec/GCC_Project/output/exceptions.o
                0x0000000000001d88                I2S_SlvM4TxOr_Handler
 .text.SRAM_128KB_Handler
                0x0000000000001d90        0x8 /home/rahul/qorc-sdk/qorc-testapps/qf_helloworldfpga/arm/decoders/incdec/GCC_Project/output/exceptions.o
                0x0000000000001d90                SRAM_128KB_Handler
 .text.LPSD_Voice_Det_Handler
                0x0000000000001d98        0x8 /home/rahul/qorc-sdk/qorc-testapps/qf_helloworldfpga/arm/decoders/incdec/GCC_Project/output/exceptions.o
                0x0000000000001d98                LPSD_Voice_Det_Handler
 .text.FfeWdt_Handler
                0x0000000000001da0        0x8 /home/rahul/qorc-sdk/qorc-testapps/qf_helloworldfpga/arm/decoders/incdec/GCC_Project/output/exceptions.o
                0x0000000000001da0                FfeWdt_Handler
 .text.ApBoot_Handler
                0x0000000000001da8        0x8 /home/rahul/qorc-sdk/qorc-testapps/qf_helloworldfpga/arm/decoders/incdec/GCC_Project/output/exceptions.o
                0x0000000000001da8                ApBoot_Handler
 .text.SwInt2_Handler
                0x0000000000001db0        0x8 /home/rahul/qorc-sdk/qorc-testapps/qf_helloworldfpga/arm/decoders/incdec/GCC_Project/output/exceptions.o
                0x0000000000001db0                SwInt2_Handler
 .text.SwInt1_Handler
                0x0000000000001db8       0x24 /home/rahul/qorc-sdk/qorc-testapps/qf_helloworldfpga/arm/decoders/incdec/GCC_Project/output/exceptions.o
                0x0000000000001db8                SwInt1_Handler
 .text.Ffe0Msg_Handler
                0x0000000000001ddc        0x8 /home/rahul/qorc-sdk/qorc-testapps/qf_helloworldfpga/arm/decoders/incdec/GCC_Project/output/exceptions.o
                0x0000000000001ddc                Ffe0Msg_Handler
 .text.lpsdVoiceOffHandler
                0x0000000000001de4        0x8 /home/rahul/qorc-sdk/qorc-testapps/qf_helloworldfpga/arm/decoders/incdec/GCC_Project/output/exceptions.o
                0x0000000000001de4                lpsdVoiceOffHandler
 .text.dmicVoiceOffHandler
                0x0000000000001dec        0x8 /home/rahul/qorc-sdk/qorc-testapps/qf_helloworldfpga/arm/decoders/incdec/GCC_Project/output/exceptions.o
                0x0000000000001dec                dmicVoiceOffHandler
 .text.vApplicationMallocFailedHook
                0x0000000000001df4       0x24 /home/rahul/qorc-sdk/qorc-testapps/qf_helloworldfpga/arm/decoders/incdec/GCC_Project/output/exceptions.o
                0x0000000000001df4                vApplicationMallocFailedHook
 .text.vApplicationStackOverflowHook
                0x0000000000001e18       0x24 /home/rahul/qorc-sdk/qorc-testapps/qf_helloworldfpga/arm/decoders/incdec/GCC_Project/output/exceptions.o
                0x0000000000001e18                vApplicationStackOverflowHook
 .text.vApplicationTickHook
                0x0000000000001e3c        0x2 /home/rahul/qorc-sdk/qorc-testapps/qf_helloworldfpga/arm/decoders/incdec/GCC_Project/output/exceptions.o
                0x0000000000001e3c                vApplicationTickHook
 .text.vApplicationIdleHook
                0x0000000000001e3e        0x2 /home/rahul/qorc-sdk/qorc-testapps/qf_helloworldfpga/arm/decoders/incdec/GCC_Project/output/exceptions.o
                0x0000000000001e3e                vApplicationIdleHook
 .text.prvInsertBlockIntoFreeList
                0x0000000000001e40       0x74 /home/rahul/qorc-sdk/qorc-testapps/qf_helloworldfpga/arm/decoders/incdec/GCC_Project/output/heap_4.o
 .text.pvPortMalloc
                0x0000000000001eb4      0x198 /home/rahul/qorc-sdk/qorc-testapps/qf_helloworldfpga/arm/decoders/incdec/GCC_Project/output/heap_4.o
                0x0000000000001eb4                pvPortMalloc
 .text.vPortFree
                0x000000000000204c       0xa0 /home/rahul/qorc-sdk/qorc-testapps/qf_helloworldfpga/arm/decoders/incdec/GCC_Project/output/heap_4.o
                0x000000000000204c                vPortFree
 .text.vListInitialise
                0x00000000000020ec       0x16 /home/rahul/qorc-sdk/qorc-testapps/qf_helloworldfpga/arm/decoders/incdec/GCC_Project/output/list.o
                0x00000000000020ec                vListInitialise
 .text.vListInitialiseItem
                0x0000000000002102        0x6 /home/rahul/qorc-sdk/qorc-testapps/qf_helloworldfpga/arm/decoders/incdec/GCC_Project/output/list.o
                0x0000000000002102                vListInitialiseItem
 .text.vListInsertEnd
                0x0000000000002108       0x18 /home/rahul/qorc-sdk/qorc-testapps/qf_helloworldfpga/arm/decoders/incdec/GCC_Project/output/list.o
                0x0000000000002108                vListInsertEnd
 .text.vListInsert
                0x0000000000002120       0x2e /home/rahul/qorc-sdk/qorc-testapps/qf_helloworldfpga/arm/decoders/incdec/GCC_Project/output/list.o
                0x0000000000002120                vListInsert
 .text.uxListRemove
                0x000000000000214e       0x20 /home/rahul/qorc-sdk/qorc-testapps/qf_helloworldfpga/arm/decoders/incdec/GCC_Project/output/list.o
                0x000000000000214e                uxListRemove
 .text.SystemInit
                0x000000000000216e        0x2 /home/rahul/qorc-sdk/qorc-testapps/qf_helloworldfpga/arm/decoders/incdec/GCC_Project/output/main.o
                0x000000000000216e                SystemInit
 .text.PyHal_GPIO_Set
                0x0000000000002170       0x34 /home/rahul/qorc-sdk/qorc-testapps/qf_helloworldfpga/arm/decoders/incdec/GCC_Project/output/main.o
                0x0000000000002170                PyHal_GPIO_Set
 .text.sevenseg
                0x00000000000021a4       0x50 /home/rahul/qorc-sdk/qorc-testapps/qf_helloworldfpga/arm/decoders/incdec/GCC_Project/output/main.o
                0x00000000000021a4                sevenseg
 .text.sevenseg_setup
                0x00000000000021f4       0x10 /home/rahul/qorc-sdk/qorc-testapps/qf_helloworldfpga/arm/decoders/incdec/GCC_Project/output/main.o
                0x00000000000021f4                sevenseg_setup
 .text.startup.main
                0x0000000000002204       0xb8 /home/rahul/qorc-sdk/qorc-testapps/qf_helloworldfpga/arm/decoders/incdec/GCC_Project/output/main.o
                0x0000000000002204                main
 .text.set_gpio_input
                0x00000000000022bc       0x34 /home/rahul/qorc-sdk/qorc-testapps/qf_helloworldfpga/arm/decoders/incdec/GCC_Project/output/main_dbg_cli_menu.o
 .text.set_gpio_output
                0x00000000000022f0       0x60 /home/rahul/qorc-sdk/qorc-testapps/qf_helloworldfpga/arm/decoders/incdec/GCC_Project/output/main_dbg_cli_menu.o
 .text.get_gpio_value
                0x0000000000002350       0x50 /home/rahul/qorc-sdk/qorc-testapps/qf_helloworldfpga/arm/decoders/incdec/GCC_Project/output/main_dbg_cli_menu.o
 .text.prvPortStartFirstTask
                0x00000000000023a0       0x28 /home/rahul/qorc-sdk/qorc-testapps/qf_helloworldfpga/arm/decoders/incdec/GCC_Project/output/port.o
 .text.vPortEnableVFP
                0x00000000000023c8       0x14 /home/rahul/qorc-sdk/qorc-testapps/qf_helloworldfpga/arm/decoders/incdec/GCC_Project/output/port.o
 .text.prvTaskExitError
                0x00000000000023dc       0x50 /home/rahul/qorc-sdk/qorc-testapps/qf_helloworldfpga/arm/decoders/incdec/GCC_Project/output/port.o
 .text.pxPortInitialiseStack
                0x000000000000242c       0x2c /home/rahul/qorc-sdk/qorc-testapps/qf_helloworldfpga/arm/decoders/incdec/GCC_Project/output/port.o
                0x000000000000242c                pxPortInitialiseStack
 *fill*         0x0000000000002458        0x8 
 .text.SVC_Handler
                0x0000000000002460       0x24 /home/rahul/qorc-sdk/qorc-testapps/qf_helloworldfpga/arm/decoders/incdec/GCC_Project/output/port.o
                0x0000000000002460                SVC_Handler
 .text.vPortEnterCritical
                0x0000000000002484       0x58 /home/rahul/qorc-sdk/qorc-testapps/qf_helloworldfpga/arm/decoders/incdec/GCC_Project/output/port.o
                0x0000000000002484                vPortEnterCritical
 .text.vPortExitCritical
                0x00000000000024dc       0x3c /home/rahul/qorc-sdk/qorc-testapps/qf_helloworldfpga/arm/decoders/incdec/GCC_Project/output/port.o
                0x00000000000024dc                vPortExitCritical
 *fill*         0x0000000000002518        0x8 
 .text.PendSV_Handler
                0x0000000000002520       0x64 /home/rahul/qorc-sdk/qorc-testapps/qf_helloworldfpga/arm/decoders/incdec/GCC_Project/output/port.o
                0x0000000000002520                PendSV_Handler
 .text.xPortSysTickHandler
                0x0000000000002584       0x2c /home/rahul/qorc-sdk/qorc-testapps/qf_helloworldfpga/arm/decoders/incdec/GCC_Project/output/port.o
                0x0000000000002584                xPortSysTickHandler
 .text.xPortStartScheduler
                0x00000000000025b0      0x158 /home/rahul/qorc-sdk/qorc-testapps/qf_helloworldfpga/arm/decoders/incdec/GCC_Project/output/port.o
                0x00000000000025b0                xPortStartScheduler
 .text.vPortValidateInterruptPriority
                0x0000000000002708       0x7c /home/rahul/qorc-sdk/qorc-testapps/qf_helloworldfpga/arm/decoders/incdec/GCC_Project/output/port.o
                0x0000000000002708                vPortValidateInterruptPriority
 .text.system_init
                0x0000000000002784       0x6c /home/rahul/qorc-sdk/qorc-testapps/qf_helloworldfpga/arm/decoders/incdec/GCC_Project/output/qf_hardwaresetup.o
                0x0000000000002784                system_init
 .text.qf_hardwareSetup
                0x00000000000027f0       0x78 /home/rahul/qorc-sdk/qorc-testapps/qf_helloworldfpga/arm/decoders/incdec/GCC_Project/output/qf_hardwaresetup.o
                0x00000000000027f0                qf_hardwareSetup
 .text.prvIsQueueEmpty
                0x0000000000002868       0x16 /home/rahul/qorc-sdk/qorc-testapps/qf_helloworldfpga/arm/decoders/incdec/GCC_Project/output/queue.o
 .text.prvCopyDataToQueue
                0x000000000000287e       0x78 /home/rahul/qorc-sdk/qorc-testapps/qf_helloworldfpga/arm/decoders/incdec/GCC_Project/output/queue.o
 .text.prvCopyDataFromQueue
                0x00000000000028f6       0x2c /home/rahul/qorc-sdk/qorc-testapps/qf_helloworldfpga/arm/decoders/incdec/GCC_Project/output/queue.o
 .text.prvUnlockQueue
                0x0000000000002922       0x70 /home/rahul/qorc-sdk/qorc-testapps/qf_helloworldfpga/arm/decoders/incdec/GCC_Project/output/queue.o
 *fill*         0x0000000000002992        0x2 
 .text.xQueueGenericReset
                0x0000000000002994       0x90 /home/rahul/qorc-sdk/qorc-testapps/qf_helloworldfpga/arm/decoders/incdec/GCC_Project/output/queue.o
                0x0000000000002994                xQueueGenericReset
 .text.xQueueGenericCreate
                0x0000000000002a24       0x74 /home/rahul/qorc-sdk/qorc-testapps/qf_helloworldfpga/arm/decoders/incdec/GCC_Project/output/queue.o
                0x0000000000002a24                xQueueGenericCreate
 .text.xQueueGenericSend
                0x0000000000002a98      0x19c /home/rahul/qorc-sdk/qorc-testapps/qf_helloworldfpga/arm/decoders/incdec/GCC_Project/output/queue.o
                0x0000000000002a98                xQueueGenericSend
 .text.xQueueGenericSendFromISR
                0x0000000000002c34       0xf0 /home/rahul/qorc-sdk/qorc-testapps/qf_helloworldfpga/arm/decoders/incdec/GCC_Project/output/queue.o
                0x0000000000002c34                xQueueGenericSendFromISR
 .text.xQueueGenericSendFromISRDebug
                0x0000000000002d24       0x30 /home/rahul/qorc-sdk/qorc-testapps/qf_helloworldfpga/arm/decoders/incdec/GCC_Project/output/queue.o
                0x0000000000002d24                xQueueGenericSendFromISRDebug
 .text.xQueueGiveFromISR
                0x0000000000002d54       0xdc /home/rahul/qorc-sdk/qorc-testapps/qf_helloworldfpga/arm/decoders/incdec/GCC_Project/output/queue.o
                0x0000000000002d54                xQueueGiveFromISR
 .text.xQueueReceive
                0x0000000000002e30      0x160 /home/rahul/qorc-sdk/qorc-testapps/qf_helloworldfpga/arm/decoders/incdec/GCC_Project/output/queue.o
                0x0000000000002e30                xQueueReceive
 .text.xQueueSemaphoreTake
                0x0000000000002f90      0x1b0 /home/rahul/qorc-sdk/qorc-testapps/qf_helloworldfpga/arm/decoders/incdec/GCC_Project/output/queue.o
                0x0000000000002f90                xQueueSemaphoreTake
 .text.xQueuePeek
                0x0000000000003140      0x160 /home/rahul/qorc-sdk/qorc-testapps/qf_helloworldfpga/arm/decoders/incdec/GCC_Project/output/queue.o
                0x0000000000003140                xQueuePeek
 .text.uxQueueMessagesWaiting
                0x00000000000032a0       0x3c /home/rahul/qorc-sdk/qorc-testapps/qf_helloworldfpga/arm/decoders/incdec/GCC_Project/output/queue.o
                0x00000000000032a0                uxQueueMessagesWaiting
 .text.vQueueAddToRegistry
                0x00000000000032dc       0x24 /home/rahul/qorc-sdk/qorc-testapps/qf_helloworldfpga/arm/decoders/incdec/GCC_Project/output/queue.o
                0x00000000000032dc                vQueueAddToRegistry
 .text.vQueueWaitForMessageRestricted
                0x0000000000003300       0x46 /home/rahul/qorc-sdk/qorc-testapps/qf_helloworldfpga/arm/decoders/incdec/GCC_Project/output/queue.o
                0x0000000000003300                vQueueWaitForMessageRestricted
 .text.s3x_clkd_write_div
                0x0000000000003346       0xa8 /home/rahul/qorc-sdk/qorc-testapps/qf_helloworldfpga/arm/decoders/incdec/GCC_Project/output/s3x_clock.o
 .text.s3x_clkd_read_div
                0x00000000000033ee       0x44 /home/rahul/qorc-sdk/qorc-testapps/qf_helloworldfpga/arm/decoders/incdec/GCC_Project/output/s3x_clock.o
 *fill*         0x0000000000003432        0x2 
 .text.s3x_clkd_cal_div.part.0
                0x0000000000003434       0x30 /home/rahul/qorc-sdk/qorc-testapps/qf_helloworldfpga/arm/decoders/incdec/GCC_Project/output/s3x_clock.o
 .text.S3x_Id_To_Domain
                0x0000000000003464       0x1c /home/rahul/qorc-sdk/qorc-testapps/qf_helloworldfpga/arm/decoders/incdec/GCC_Project/output/s3x_clock.o
                0x0000000000003464                S3x_Id_To_Domain
 .text.s3x_clkd_get_init_rate
                0x0000000000003480       0x28 /home/rahul/qorc-sdk/qorc-testapps/qf_helloworldfpga/arm/decoders/incdec/GCC_Project/output/s3x_clock.o
                0x0000000000003480                s3x_clkd_get_init_rate
 .text.s3x_clkd_update_div_val
                0x00000000000034a8       0x4c /home/rahul/qorc-sdk/qorc-testapps/qf_helloworldfpga/arm/decoders/incdec/GCC_Project/output/s3x_clock.o
                0x00000000000034a8                s3x_clkd_update_div_val
 .text.s3x_clkd_update_fd_rate
                0x00000000000034f4        0xe /home/rahul/qorc-sdk/qorc-testapps/qf_helloworldfpga/arm/decoders/incdec/GCC_Project/output/s3x_clock.o
                0x00000000000034f4                s3x_clkd_update_fd_rate
 *fill*         0x0000000000003502        0x2 
 .text.s3x_clkd_update_sd_div
                0x0000000000003504       0x5c /home/rahul/qorc-sdk/qorc-testapps/qf_helloworldfpga/arm/decoders/incdec/GCC_Project/output/s3x_clock.o
 .text.s3x_clkd_update_all_src_div
                0x0000000000003560       0xd0 /home/rahul/qorc-sdk/qorc-testapps/qf_helloworldfpga/arm/decoders/incdec/GCC_Project/output/s3x_clock.o
                0x0000000000003560                s3x_clkd_update_all_src_div
 .text.S3x_Clkd_Get_Hsosc_Rate
                0x0000000000003630       0x34 /home/rahul/qorc-sdk/qorc-testapps/qf_helloworldfpga/arm/decoders/incdec/GCC_Project/output/s3x_clock.o
                0x0000000000003630                S3x_Clkd_Get_Hsosc_Rate
 .text.s3x_clkd_get_active_HSOSC_qos
                0x0000000000003664        0xc /home/rahul/qorc-sdk/qorc-testapps/qf_helloworldfpga/arm/decoders/incdec/GCC_Project/output/s3x_clock.o
                0x0000000000003664                s3x_clkd_get_active_HSOSC_qos
 .text.S3x_Clkd_Change_Hsosc
                0x0000000000003670       0x70 /home/rahul/qorc-sdk/qorc-testapps/qf_helloworldfpga/arm/decoders/incdec/GCC_Project/output/s3x_clock.o
                0x0000000000003670                S3x_Clkd_Change_Hsosc
 .text.s3x_clkd_get_src_rate
                0x00000000000036e0       0x12 /home/rahul/qorc-sdk/qorc-testapps/qf_helloworldfpga/arm/decoders/incdec/GCC_Project/output/s3x_clock.o
                0x00000000000036e0                s3x_clkd_get_src_rate
 *fill*         0x00000000000036f2        0x2 
 .text.s3x_clkd_get_div
                0x00000000000036f4       0x74 /home/rahul/qorc-sdk/qorc-testapps/qf_helloworldfpga/arm/decoders/incdec/GCC_Project/output/s3x_clock.o
                0x00000000000036f4                s3x_clkd_get_div
 .text.s3x_clkd_srate
                0x0000000000003768      0x134 /home/rahul/qorc-sdk/qorc-testapps/qf_helloworldfpga/arm/decoders/incdec/GCC_Project/output/s3x_clock.o
 .text.s3x_clkd_grate
                0x000000000000389c       0x68 /home/rahul/qorc-sdk/qorc-testapps/qf_helloworldfpga/arm/decoders/incdec/GCC_Project/output/s3x_clock.o
 .text.s3x_clkd_set_src_div_st
                0x0000000000003904       0x4c /home/rahul/qorc-sdk/qorc-testapps/qf_helloworldfpga/arm/decoders/incdec/GCC_Project/output/s3x_clock.o
 .text.s3x_update_clk_rate
                0x0000000000003950       0xb0 /home/rahul/qorc-sdk/qorc-testapps/qf_helloworldfpga/arm/decoders/incdec/GCC_Project/output/s3x_clock.o
                0x0000000000003950                s3x_update_clk_rate
 .text.s3x_clkd_get_gate_mask_st
                0x0000000000003a00       0x16 /home/rahul/qorc-sdk/qorc-testapps/qf_helloworldfpga/arm/decoders/incdec/GCC_Project/output/s3x_clock.o
                0x0000000000003a00                s3x_clkd_get_gate_mask_st
 *fill*         0x0000000000003a16        0x2 
 .text.s3x_clkd_set_gate_mask
                0x0000000000003a18       0x50 /home/rahul/qorc-sdk/qorc-testapps/qf_helloworldfpga/arm/decoders/incdec/GCC_Project/output/s3x_clock.o
                0x0000000000003a18                s3x_clkd_set_gate_mask
 .text.s3x_clkd_enable_gate
                0x0000000000003a68       0x68 /home/rahul/qorc-sdk/qorc-testapps/qf_helloworldfpga/arm/decoders/incdec/GCC_Project/output/s3x_clock.o
 .text.s3x_clkd_disable_gate
                0x0000000000003ad0       0x54 /home/rahul/qorc-sdk/qorc-testapps/qf_helloworldfpga/arm/decoders/incdec/GCC_Project/output/s3x_clock.o
 .text._S3x_Clk_Enable
                0x0000000000003b24       0xb8 /home/rahul/qorc-sdk/qorc-testapps/qf_helloworldfpga/arm/decoders/incdec/GCC_Project/output/s3x_clock.o
                0x0000000000003b24                _S3x_Clk_Enable
 .text._S3x_Clk_Disable
                0x0000000000003bdc       0xc8 /home/rahul/qorc-sdk/qorc-testapps/qf_helloworldfpga/arm/decoders/incdec/GCC_Project/output/s3x_clock.o
                0x0000000000003bdc                _S3x_Clk_Disable
 .text._S3x_Clk_Get_Status
                0x0000000000003ca4       0x2c /home/rahul/qorc-sdk/qorc-testapps/qf_helloworldfpga/arm/decoders/incdec/GCC_Project/output/s3x_clock.o
                0x0000000000003ca4                _S3x_Clk_Get_Status
 .text._S3x_Clk_Get_Rate
                0x0000000000003cd0       0x28 /home/rahul/qorc-sdk/qorc-testapps/qf_helloworldfpga/arm/decoders/incdec/GCC_Project/output/s3x_clock.o
                0x0000000000003cd0                _S3x_Clk_Get_Rate
 .text._S3x_Clk_Set_Rate
                0x0000000000003cf8       0x48 /home/rahul/qorc-sdk/qorc-testapps/qf_helloworldfpga/arm/decoders/incdec/GCC_Project/output/s3x_clock.o
                0x0000000000003cf8                _S3x_Clk_Set_Rate
 .text.S3x_Clk_Init
                0x0000000000003d40      0x15c /home/rahul/qorc-sdk/qorc-testapps/qf_helloworldfpga/arm/decoders/incdec/GCC_Project/output/s3x_clock.o
                0x0000000000003d40                S3x_Clk_Init
 .text.S3x_Clk_Enable
                0x0000000000003e9c        0x4 /home/rahul/qorc-sdk/qorc-testapps/qf_helloworldfpga/arm/decoders/incdec/GCC_Project/output/s3x_clock_hal.o
                0x0000000000003e9c                S3x_Clk_Enable
 .text.S3x_Clk_Disable
                0x0000000000003ea0        0x4 /home/rahul/qorc-sdk/qorc-testapps/qf_helloworldfpga/arm/decoders/incdec/GCC_Project/output/s3x_clock_hal.o
                0x0000000000003ea0                S3x_Clk_Disable
 .text.S3x_Clk_Get_Rate
                0x0000000000003ea4        0x4 /home/rahul/qorc-sdk/qorc-testapps/qf_helloworldfpga/arm/decoders/incdec/GCC_Project/output/s3x_clock_hal.o
                0x0000000000003ea4                S3x_Clk_Get_Rate
 .text.DFS_cpuload
                0x0000000000003ea8       0x4c /home/rahul/qorc-sdk/qorc-testapps/qf_helloworldfpga/arm/decoders/incdec/GCC_Project/output/s3x_cpuload.o
                0x0000000000003ea8                DFS_cpuload
 .text.DFS_updatesleepticks
                0x0000000000003ef4       0x10 /home/rahul/qorc-sdk/qorc-testapps/qf_helloworldfpga/arm/decoders/incdec/GCC_Project/output/s3x_cpuload.o
                0x0000000000003ef4                DFS_updatesleepticks
 .text.DFS_resetsleepticks
                0x0000000000003f04        0xc /home/rahul/qorc-sdk/qorc-testapps/qf_helloworldfpga/arm/decoders/incdec/GCC_Project/output/s3x_cpuload.o
                0x0000000000003f04                DFS_resetsleepticks
 .text.DFS_UpdateTimer
                0x0000000000003f10       0x5c /home/rahul/qorc-sdk/qorc-testapps/qf_helloworldfpga/arm/decoders/incdec/GCC_Project/output/s3x_dfs.o
 .text.DFS_StartTimer
                0x0000000000003f6c       0x88 /home/rahul/qorc-sdk/qorc-testapps/qf_helloworldfpga/arm/decoders/incdec/GCC_Project/output/s3x_dfs.o
                0x0000000000003f6c                DFS_StartTimer
 .text.s3x_suspend_dfs
                0x0000000000003ff4        0xc /home/rahul/qorc-sdk/qorc-testapps/qf_helloworldfpga/arm/decoders/incdec/GCC_Project/output/s3x_dfs.o
                0x0000000000003ff4                s3x_suspend_dfs
 .text.S3x_Set_Policy
                0x0000000000004000      0x108 /home/rahul/qorc-sdk/qorc-testapps/qf_helloworldfpga/arm/decoders/incdec/GCC_Project/output/s3x_dfs.o
                0x0000000000004000                S3x_Set_Policy
 .text.S3x_get_max_rate_dfs_node
                0x0000000000004108       0x28 /home/rahul/qorc-sdk/qorc-testapps/qf_helloworldfpga/arm/decoders/incdec/GCC_Project/output/s3x_dfs.o
                0x0000000000004108                S3x_get_max_rate_dfs_node
 .text.S3x_Stepup_Policy
                0x0000000000004130       0x7c /home/rahul/qorc-sdk/qorc-testapps/qf_helloworldfpga/arm/decoders/incdec/GCC_Project/output/s3x_dfs.o
 .text.DFS_TimerCB
                0x00000000000041ac        0xe /home/rahul/qorc-sdk/qorc-testapps/qf_helloworldfpga/arm/decoders/incdec/GCC_Project/output/s3x_dfs.o
 *fill*         0x00000000000041ba        0x2 
 .text.DFS_AlignPolicy
                0x00000000000041bc       0x38 /home/rahul/qorc-sdk/qorc-testapps/qf_helloworldfpga/arm/decoders/incdec/GCC_Project/output/s3x_dfs.o
                0x00000000000041bc                DFS_AlignPolicy
 .text.S3x_Reduce_Hsosc
                0x00000000000041f4       0x50 /home/rahul/qorc-sdk/qorc-testapps/qf_helloworldfpga/arm/decoders/incdec/GCC_Project/output/s3x_dfs.o
                0x00000000000041f4                S3x_Reduce_Hsosc
 .text.DFS_fPolicyHasDeepSleep
                0x0000000000004244       0x1c /home/rahul/qorc-sdk/qorc-testapps/qf_helloworldfpga/arm/decoders/incdec/GCC_Project/output/s3x_dfs.o
                0x0000000000004244                DFS_fPolicyHasDeepSleep
 .text.DFS_SwitchToSleepPolicy
                0x0000000000004260       0x7c /home/rahul/qorc-sdk/qorc-testapps/qf_helloworldfpga/arm/decoders/incdec/GCC_Project/output/s3x_dfs.o
                0x0000000000004260                DFS_SwitchToSleepPolicy
 .text.DFS_RestoreFromSleep
                0x00000000000042dc       0x34 /home/rahul/qorc-sdk/qorc-testapps/qf_helloworldfpga/arm/decoders/incdec/GCC_Project/output/s3x_dfs.o
                0x00000000000042dc                DFS_RestoreFromSleep
 .text.s3x_get_index_in_dfs_node
                0x0000000000004310       0x20 /home/rahul/qorc-sdk/qorc-testapps/qf_helloworldfpga/arm/decoders/incdec/GCC_Project/output/s3x_dfs.o
                0x0000000000004310                s3x_get_index_in_dfs_node
 .text.s3x_get_policy_max_rate
                0x0000000000004330       0x2c /home/rahul/qorc-sdk/qorc-testapps/qf_helloworldfpga/arm/decoders/incdec/GCC_Project/output/s3x_dfs.o
                0x0000000000004330                s3x_get_policy_max_rate
 .text.S3x_Is_Dfs_En
                0x000000000000435c       0x10 /home/rahul/qorc-sdk/qorc-testapps/qf_helloworldfpga/arm/decoders/incdec/GCC_Project/output/s3x_dfs.o
                0x000000000000435c                S3x_Is_Dfs_En
 .text.S3x_Set_Dfs_st
                0x000000000000436c        0xc /home/rahul/qorc-sdk/qorc-testapps/qf_helloworldfpga/arm/decoders/incdec/GCC_Project/output/s3x_dfs.o
                0x000000000000436c                S3x_Set_Dfs_st
 .text.DFS_Get_Curr_Policy
                0x0000000000004378        0xc /home/rahul/qorc-sdk/qorc-testapps/qf_helloworldfpga/arm/decoders/incdec/GCC_Project/output/s3x_dfs.o
                0x0000000000004378                DFS_Get_Curr_Policy
 .text.DFS_Initialize
                0x0000000000004384       0x14 /home/rahul/qorc-sdk/qorc-testapps/qf_helloworldfpga/arm/decoders/incdec/GCC_Project/output/s3x_dfs.o
                0x0000000000004384                DFS_Initialize
 .text.trace_this
                0x0000000000004398       0x28 /home/rahul/qorc-sdk/qorc-testapps/qf_helloworldfpga/arm/decoders/incdec/GCC_Project/output/s3x_lpm.o
 .text.S3x_Register_Lpm_Cb
                0x00000000000043c0       0x40 /home/rahul/qorc-sdk/qorc-testapps/qf_helloworldfpga/arm/decoders/incdec/GCC_Project/output/s3x_lpm.o
                0x00000000000043c0                S3x_Register_Lpm_Cb
 .text.s3x_setup_systick_interrupt
                0x0000000000004400       0x54 /home/rahul/qorc-sdk/qorc-testapps/qf_helloworldfpga/arm/decoders/incdec/GCC_Project/output/s3x_lpm.o
                0x0000000000004400                s3x_setup_systick_interrupt
 .text.prvStopTickInterruptTimer
                0x0000000000004454       0x10 /home/rahul/qorc-sdk/qorc-testapps/qf_helloworldfpga/arm/decoders/incdec/GCC_Project/output/s3x_lpm.o
                0x0000000000004454                prvStopTickInterruptTimer
 .text.prvStartTickInterruptTimer
                0x0000000000004464        0x8 /home/rahul/qorc-sdk/qorc-testapps/qf_helloworldfpga/arm/decoders/incdec/GCC_Project/output/s3x_lpm.o
                0x0000000000004464                prvStartTickInterruptTimer
 .text.SysTick_Handler
                0x000000000000446c       0x12 /home/rahul/qorc-sdk/qorc-testapps/qf_helloworldfpga/arm/decoders/incdec/GCC_Project/output/s3x_lpm.o
                0x000000000000446c                SysTick_Handler
 .text.vPortSetupTimerInterrupt
                0x000000000000447e        0x6 /home/rahul/qorc-sdk/qorc-testapps/qf_helloworldfpga/arm/decoders/incdec/GCC_Project/output/s3x_lpm.o
                0x000000000000447e                vPortSetupTimerInterrupt
 .text.S3x_Pre_Lpm
                0x0000000000004484       0x20 /home/rahul/qorc-sdk/qorc-testapps/qf_helloworldfpga/arm/decoders/incdec/GCC_Project/output/s3x_lpm.o
                0x0000000000004484                S3x_Pre_Lpm
 .text.S3x_Post_Lpm
                0x00000000000044a4       0x18 /home/rahul/qorc-sdk/qorc-testapps/qf_helloworldfpga/arm/decoders/incdec/GCC_Project/output/s3x_lpm.o
                0x00000000000044a4                S3x_Post_Lpm
 .text.S3x_Lpm_Handler
                0x00000000000044bc      0x3ac /home/rahul/qorc-sdk/qorc-testapps/qf_helloworldfpga/arm/decoders/incdec/GCC_Project/output/s3x_lpm.o
                0x00000000000044bc                S3x_Lpm_Handler
 .text.s3x_get_pi
                0x0000000000004868       0x20 /home/rahul/qorc-sdk/qorc-testapps/qf_helloworldfpga/arm/decoders/incdec/GCC_Project/output/s3x_pi.o
                0x0000000000004868                s3x_get_pi
 .text.s3x_get_pi_gindex
                0x0000000000004888       0x14 /home/rahul/qorc-sdk/qorc-testapps/qf_helloworldfpga/arm/decoders/incdec/GCC_Project/output/s3x_pi.o
                0x0000000000004888                s3x_get_pi_gindex
 .text.s3x_pi_get_st
                0x000000000000489c       0x24 /home/rahul/qorc-sdk/qorc-testapps/qf_helloworldfpga/arm/decoders/incdec/GCC_Project/output/s3x_pi.o
                0x000000000000489c                s3x_pi_get_st
 .text.s3x_pi_set_cfg_st
                0x00000000000048c0       0x94 /home/rahul/qorc-sdk/qorc-testapps/qf_helloworldfpga/arm/decoders/incdec/GCC_Project/output/s3x_pi.o
                0x00000000000048c0                s3x_pi_set_cfg_st
 .text.s3x_pi_set_active_st
                0x0000000000004954       0xa4 /home/rahul/qorc-sdk/qorc-testapps/qf_helloworldfpga/arm/decoders/incdec/GCC_Project/output/s3x_pi.o
                0x0000000000004954                s3x_pi_set_active_st
 .text.s3x_pi_get_clkg_st
                0x00000000000049f8       0x36 /home/rahul/qorc-sdk/qorc-testapps/qf_helloworldfpga/arm/decoders/incdec/GCC_Project/output/s3x_pi.o
                0x00000000000049f8                s3x_pi_get_clkg_st
 .text.s3x_pi_set_clkg_st
                0x0000000000004a2e       0x26 /home/rahul/qorc-sdk/qorc-testapps/qf_helloworldfpga/arm/decoders/incdec/GCC_Project/output/s3x_pi.o
                0x0000000000004a2e                s3x_pi_set_clkg_st
 .text.s3x_set_pi_state
                0x0000000000004a54        0xc /home/rahul/qorc-sdk/qorc-testapps/qf_helloworldfpga/arm/decoders/incdec/GCC_Project/output/s3x_pi.o
                0x0000000000004a54                s3x_set_pi_state
 .text.s3x_get_pi_init_state
                0x0000000000004a60       0x18 /home/rahul/qorc-sdk/qorc-testapps/qf_helloworldfpga/arm/decoders/incdec/GCC_Project/output/s3x_pi.o
                0x0000000000004a60                s3x_get_pi_init_state
 .text.S3x_pi_init
                0x0000000000004a78       0x20 /home/rahul/qorc-sdk/qorc-testapps/qf_helloworldfpga/arm/decoders/incdec/GCC_Project/output/s3x_pi.o
                0x0000000000004a78                S3x_pi_init
 .text.S3x_pwrcfg_init
                0x0000000000004a98       0x2c /home/rahul/qorc-sdk/qorc-testapps/qf_helloworldfpga/arm/decoders/incdec/GCC_Project/output/s3x_pwrcfg.o
                0x0000000000004a98                S3x_pwrcfg_init
 .text.s3x_sram_in_lpm
                0x0000000000004ac4       0x1c /home/rahul/qorc-sdk/qorc-testapps/qf_helloworldfpga/arm/decoders/incdec/GCC_Project/output/s3x_pwrcfg.o
                0x0000000000004ac4                s3x_sram_in_lpm
 .text.S3x_get_qos_rate
                0x0000000000004ae0       0x38 /home/rahul/qorc-sdk/qorc-testapps/qf_helloworldfpga/arm/decoders/incdec/GCC_Project/output/s3x_qos.o
                0x0000000000004ae0                S3x_get_qos_rate
 .text.save_assert_info
                0x0000000000004b18       0x74 /home/rahul/qorc-sdk/qorc-testapps/qf_helloworldfpga/arm/decoders/incdec/GCC_Project/output/sec_debug.o
                0x0000000000004b18                save_assert_info
 .text.invoke_soft_fault
                0x0000000000004b8c       0x20 /home/rahul/qorc-sdk/qorc-testapps/qf_helloworldfpga/arm/decoders/incdec/GCC_Project/output/sec_debug.o
                0x0000000000004b8c                invoke_soft_fault
 .text.Reset_Handler
                0x0000000000004bac       0x2c /home/rahul/qorc-sdk/qorc-testapps/qf_helloworldfpga/arm/decoders/incdec/GCC_Project/output/startup_EOSS3B_GCC.o
                0x0000000000004bac                Reset_Handler
 .text.__semihost_call
                0x0000000000004bd8        0x6 /home/rahul/qorc-sdk/qorc-testapps/qf_helloworldfpga/arm/decoders/incdec/GCC_Project/output/startup_EOSS3B_GCC.o
                0x0000000000004bd8                __semihost_call
 *fill*         0x0000000000004bde        0x2 
 .text.prvGetExpectedIdleTime
                0x0000000000004be0       0x3c /home/rahul/qorc-sdk/qorc-testapps/qf_helloworldfpga/arm/decoders/incdec/GCC_Project/output/tasks.o
 .text.prvResetNextTaskUnblockTime
                0x0000000000004c1c       0x24 /home/rahul/qorc-sdk/qorc-testapps/qf_helloworldfpga/arm/decoders/incdec/GCC_Project/output/tasks.o
 .text.prvAddCurrentTaskToDelayedList
                0x0000000000004c40       0x8c /home/rahul/qorc-sdk/qorc-testapps/qf_helloworldfpga/arm/decoders/incdec/GCC_Project/output/tasks.o
 .text.xTaskCreate
                0x0000000000004ccc      0x1e0 /home/rahul/qorc-sdk/qorc-testapps/qf_helloworldfpga/arm/decoders/incdec/GCC_Project/output/tasks.o
                0x0000000000004ccc                xTaskCreate
 .text.vTaskStartScheduler
                0x0000000000004eac       0x98 /home/rahul/qorc-sdk/qorc-testapps/qf_helloworldfpga/arm/decoders/incdec/GCC_Project/output/tasks.o
                0x0000000000004eac                vTaskStartScheduler
 .text.vTaskSuspendAll
                0x0000000000004f44       0x10 /home/rahul/qorc-sdk/qorc-testapps/qf_helloworldfpga/arm/decoders/incdec/GCC_Project/output/tasks.o
                0x0000000000004f44                vTaskSuspendAll
 .text.xTaskGetTickCount
                0x0000000000004f54        0xc /home/rahul/qorc-sdk/qorc-testapps/qf_helloworldfpga/arm/decoders/incdec/GCC_Project/output/tasks.o
                0x0000000000004f54                xTaskGetTickCount
 .text.vTaskStepTick
                0x0000000000004f60       0x44 /home/rahul/qorc-sdk/qorc-testapps/qf_helloworldfpga/arm/decoders/incdec/GCC_Project/output/tasks.o
                0x0000000000004f60                vTaskStepTick
 .text.xTaskIncrementTick
                0x0000000000004fa4      0x14c /home/rahul/qorc-sdk/qorc-testapps/qf_helloworldfpga/arm/decoders/incdec/GCC_Project/output/tasks.o
                0x0000000000004fa4                xTaskIncrementTick
 .text.xTaskResumeAll
                0x00000000000050f0      0x100 /home/rahul/qorc-sdk/qorc-testapps/qf_helloworldfpga/arm/decoders/incdec/GCC_Project/output/tasks.o
                0x00000000000050f0                xTaskResumeAll
 .text.vTaskDelay
                0x00000000000051f0       0x60 /home/rahul/qorc-sdk/qorc-testapps/qf_helloworldfpga/arm/decoders/incdec/GCC_Project/output/tasks.o
                0x00000000000051f0                vTaskDelay
 .text.prvIdleTask
                0x0000000000005250       0xc4 /home/rahul/qorc-sdk/qorc-testapps/qf_helloworldfpga/arm/decoders/incdec/GCC_Project/output/tasks.o
 .text.vTaskSwitchContext
                0x0000000000005314       0xb8 /home/rahul/qorc-sdk/qorc-testapps/qf_helloworldfpga/arm/decoders/incdec/GCC_Project/output/tasks.o
                0x0000000000005314                vTaskSwitchContext
 .text.vTaskPlaceOnEventList
                0x00000000000053cc       0x48 /home/rahul/qorc-sdk/qorc-testapps/qf_helloworldfpga/arm/decoders/incdec/GCC_Project/output/tasks.o
                0x00000000000053cc                vTaskPlaceOnEventList
 .text.vTaskPlaceOnEventListRestricted
                0x0000000000005414       0x50 /home/rahul/qorc-sdk/qorc-testapps/qf_helloworldfpga/arm/decoders/incdec/GCC_Project/output/tasks.o
                0x0000000000005414                vTaskPlaceOnEventListRestricted
 .text.xTaskRemoveFromEventList
                0x0000000000005464       0x9c /home/rahul/qorc-sdk/qorc-testapps/qf_helloworldfpga/arm/decoders/incdec/GCC_Project/output/tasks.o
                0x0000000000005464                xTaskRemoveFromEventList
 .text.vTaskInternalSetTimeOutState
                0x0000000000005500       0x18 /home/rahul/qorc-sdk/qorc-testapps/qf_helloworldfpga/arm/decoders/incdec/GCC_Project/output/tasks.o
                0x0000000000005500                vTaskInternalSetTimeOutState
 .text.xTaskCheckForTimeOut
                0x0000000000005518       0x94 /home/rahul/qorc-sdk/qorc-testapps/qf_helloworldfpga/arm/decoders/incdec/GCC_Project/output/tasks.o
                0x0000000000005518                xTaskCheckForTimeOut
 .text.vTaskMissedYield
                0x00000000000055ac        0xc /home/rahul/qorc-sdk/qorc-testapps/qf_helloworldfpga/arm/decoders/incdec/GCC_Project/output/tasks.o
                0x00000000000055ac                vTaskMissedYield
 .text.uxTaskGetTCBNumber
                0x00000000000055b8       0x14 /home/rahul/qorc-sdk/qorc-testapps/qf_helloworldfpga/arm/decoders/incdec/GCC_Project/output/tasks.o
                0x00000000000055b8                uxTaskGetTCBNumber
 .text.eTaskConfirmSleepModeStatus
                0x00000000000055cc       0x34 /home/rahul/qorc-sdk/qorc-testapps/qf_helloworldfpga/arm/decoders/incdec/GCC_Project/output/tasks.o
                0x00000000000055cc                eTaskConfirmSleepModeStatus
 .text.xTaskGetCurrentTaskHandle
                0x0000000000005600        0xc /home/rahul/qorc-sdk/qorc-testapps/qf_helloworldfpga/arm/decoders/incdec/GCC_Project/output/tasks.o
                0x0000000000005600                xTaskGetCurrentTaskHandle
 .text.xTaskGetSchedulerState
                0x000000000000560c       0x20 /home/rahul/qorc-sdk/qorc-testapps/qf_helloworldfpga/arm/decoders/incdec/GCC_Project/output/tasks.o
                0x000000000000560c                xTaskGetSchedulerState
 .text.xTaskPriorityInherit
                0x000000000000562c       0xa8 /home/rahul/qorc-sdk/qorc-testapps/qf_helloworldfpga/arm/decoders/incdec/GCC_Project/output/tasks.o
                0x000000000000562c                xTaskPriorityInherit
 .text.xTaskPriorityDisinherit
                0x00000000000056d4       0xc4 /home/rahul/qorc-sdk/qorc-testapps/qf_helloworldfpga/arm/decoders/incdec/GCC_Project/output/tasks.o
                0x00000000000056d4                xTaskPriorityDisinherit
 .text.vTaskPriorityDisinheritAfterTimeout
                0x0000000000005798       0xd8 /home/rahul/qorc-sdk/qorc-testapps/qf_helloworldfpga/arm/decoders/incdec/GCC_Project/output/tasks.o
                0x0000000000005798                vTaskPriorityDisinheritAfterTimeout
 .text.pvTaskIncrementMutexHeldCount
                0x0000000000005870       0x18 /home/rahul/qorc-sdk/qorc-testapps/qf_helloworldfpga/arm/decoders/incdec/GCC_Project/output/tasks.o
                0x0000000000005870                pvTaskIncrementMutexHeldCount
 .text.prvCheckForValidListAndQueue
                0x0000000000005888       0x58 /home/rahul/qorc-sdk/qorc-testapps/qf_helloworldfpga/arm/decoders/incdec/GCC_Project/output/timers.o
 .text.prvInsertTimerInActiveList
                0x00000000000058e0       0x3c /home/rahul/qorc-sdk/qorc-testapps/qf_helloworldfpga/arm/decoders/incdec/GCC_Project/output/timers.o
 .text.xTimerCreateTimerTask
                0x000000000000591c       0x64 /home/rahul/qorc-sdk/qorc-testapps/qf_helloworldfpga/arm/decoders/incdec/GCC_Project/output/timers.o
                0x000000000000591c                xTimerCreateTimerTask
 .text.xTimerCreate
                0x0000000000005980       0x58 /home/rahul/qorc-sdk/qorc-testapps/qf_helloworldfpga/arm/decoders/incdec/GCC_Project/output/timers.o
                0x0000000000005980                xTimerCreate
 .text.xTimerGenericCommand
                0x00000000000059d8       0x70 /home/rahul/qorc-sdk/qorc-testapps/qf_helloworldfpga/arm/decoders/incdec/GCC_Project/output/timers.o
                0x00000000000059d8                xTimerGenericCommand
 .text.prvSwitchTimerLists
                0x0000000000005a48       0x90 /home/rahul/qorc-sdk/qorc-testapps/qf_helloworldfpga/arm/decoders/incdec/GCC_Project/output/timers.o
 .text.prvTimerTask
                0x0000000000005ad8      0x218 /home/rahul/qorc-sdk/qorc-testapps/qf_helloworldfpga/arm/decoders/incdec/GCC_Project/output/timers.o
 .text          0x0000000000005cf0       0x30 /home/rahul/qorc-sdk/arm_toolchain_install/gcc-arm-none-eabi-9-2020-q2-update/bin/../lib/gcc/arm-none-eabi/9.3.1/thumb/v7e-m+fp/hard/libgcc.a(_aeabi_uldivmod.o)
                0x0000000000005cf0                __aeabi_uldivmod
 .text          0x0000000000005d20      0x2c4 /home/rahul/qorc-sdk/arm_toolchain_install/gcc-arm-none-eabi-9-2020-q2-update/bin/../lib/gcc/arm-none-eabi/9.3.1/thumb/v7e-m+fp/hard/libgcc.a(_udivmoddi4.o)
                0x0000000000005d20                __udivmoddi4
 .text          0x0000000000005fe4        0x4 /home/rahul/qorc-sdk/arm_toolchain_install/gcc-arm-none-eabi-9-2020-q2-update/bin/../lib/gcc/arm-none-eabi/9.3.1/thumb/v7e-m+fp/hard/libgcc.a(_dvmd_tls.o)
                0x0000000000005fe4                __aeabi_ldiv0
                0x0000000000005fe4                __aeabi_idiv0
 .text.exit     0x0000000000005fe8       0x28 /home/rahul/qorc-sdk/arm_toolchain_install/gcc-arm-none-eabi-9-2020-q2-update/bin/../lib/gcc/arm-none-eabi/9.3.1/../../../../arm-none-eabi/lib/thumb/v7e-m+fp/hard/libg_nano.a(lib_a-exit.o)
                0x0000000000005fe8                exit
 .text.__libc_init_array
                0x0000000000006010       0x48 /home/rahul/qorc-sdk/arm_toolchain_install/gcc-arm-none-eabi-9-2020-q2-update/bin/../lib/gcc/arm-none-eabi/9.3.1/../../../../arm-none-eabi/lib/thumb/v7e-m+fp/hard/libg_nano.a(lib_a-init.o)
                0x0000000000006010                __libc_init_array
 .text.memcpy   0x0000000000006058       0x1c /home/rahul/qorc-sdk/arm_toolchain_install/gcc-arm-none-eabi-9-2020-q2-update/bin/../lib/gcc/arm-none-eabi/9.3.1/../../../../arm-none-eabi/lib/thumb/v7e-m+fp/hard/libg_nano.a(lib_a-memcpy-stub.o)
                0x0000000000006058                memcpy
 .text.memset   0x0000000000006074       0x10 /home/rahul/qorc-sdk/arm_toolchain_install/gcc-arm-none-eabi-9-2020-q2-update/bin/../lib/gcc/arm-none-eabi/9.3.1/../../../../arm-none-eabi/lib/thumb/v7e-m+fp/hard/libg_nano.a(lib_a-memset.o)
                0x0000000000006074                memset
 .text._free_r  0x0000000000006084       0xa0 /home/rahul/qorc-sdk/arm_toolchain_install/gcc-arm-none-eabi-9-2020-q2-update/bin/../lib/gcc/arm-none-eabi/9.3.1/../../../../arm-none-eabi/lib/thumb/v7e-m+fp/hard/libg_nano.a(lib_a-nano-freer.o)
                0x0000000000006084                _free_r
 .text._malloc_r
                0x0000000000006124       0xb4 /home/rahul/qorc-sdk/arm_toolchain_install/gcc-arm-none-eabi-9-2020-q2-update/bin/../lib/gcc/arm-none-eabi/9.3.1/../../../../arm-none-eabi/lib/thumb/v7e-m+fp/hard/libg_nano.a(lib_a-nano-mallocr.o)
                0x0000000000006124                _malloc_r
 .text.printf   0x00000000000061d8       0x30 /home/rahul/qorc-sdk/arm_toolchain_install/gcc-arm-none-eabi-9-2020-q2-update/bin/../lib/gcc/arm-none-eabi/9.3.1/../../../../arm-none-eabi/lib/thumb/v7e-m+fp/hard/libg_nano.a(lib_a-printf.o)
                0x00000000000061d8                printf
                0x00000000000061d8                iprintf
 .text._puts_r  0x0000000000006208       0xdc /home/rahul/qorc-sdk/arm_toolchain_install/gcc-arm-none-eabi-9-2020-q2-update/bin/../lib/gcc/arm-none-eabi/9.3.1/../../../../arm-none-eabi/lib/thumb/v7e-m+fp/hard/libg_nano.a(lib_a-puts.o)
                0x0000000000006208                _puts_r
 .text.puts     0x00000000000062e4       0x10 /home/rahul/qorc-sdk/arm_toolchain_install/gcc-arm-none-eabi-9-2020-q2-update/bin/../lib/gcc/arm-none-eabi/9.3.1/../../../../arm-none-eabi/lib/thumb/v7e-m+fp/hard/libg_nano.a(lib_a-puts.o)
                0x00000000000062e4                puts
 .text._sbrk_r  0x00000000000062f4       0x20 /home/rahul/qorc-sdk/arm_toolchain_install/gcc-arm-none-eabi-9-2020-q2-update/bin/../lib/gcc/arm-none-eabi/9.3.1/../../../../arm-none-eabi/lib/thumb/v7e-m+fp/hard/libg_nano.a(lib_a-sbrkr.o)
                0x00000000000062f4                _sbrk_r
 .text          0x0000000000006314       0x1c /home/rahul/qorc-sdk/arm_toolchain_install/gcc-arm-none-eabi-9-2020-q2-update/bin/../lib/gcc/arm-none-eabi/9.3.1/../../../../arm-none-eabi/lib/thumb/v7e-m+fp/hard/libg_nano.a(lib_a-setjmp.o)
                0x0000000000006314                setjmp
                0x0000000000006320                longjmp
 .text.snprintf
                0x0000000000006330       0x68 /home/rahul/qorc-sdk/arm_toolchain_install/gcc-arm-none-eabi-9-2020-q2-update/bin/../lib/gcc/arm-none-eabi/9.3.1/../../../../arm-none-eabi/lib/thumb/v7e-m+fp/hard/libg_nano.a(lib_a-snprintf.o)
                0x0000000000006330                snprintf
                0x0000000000006330                sniprintf
 .text.sprintf  0x0000000000006398       0x40 /home/rahul/qorc-sdk/arm_toolchain_install/gcc-arm-none-eabi-9-2020-q2-update/bin/../lib/gcc/arm-none-eabi/9.3.1/../../../../arm-none-eabi/lib/thumb/v7e-m+fp/hard/libg_nano.a(lib_a-sprintf.o)
                0x0000000000006398                sprintf
                0x0000000000006398                siprintf
 .text.strchr   0x00000000000063d8       0x1a /home/rahul/qorc-sdk/arm_toolchain_install/gcc-arm-none-eabi-9-2020-q2-update/bin/../lib/gcc/arm-none-eabi/9.3.1/../../../../arm-none-eabi/lib/thumb/v7e-m+fp/hard/libg_nano.a(lib_a-strchr.o)
                0x00000000000063d8                strchr
 .text          0x00000000000063f2       0x14 /home/rahul/qorc-sdk/arm_toolchain_install/gcc-arm-none-eabi-9-2020-q2-update/bin/../lib/gcc/arm-none-eabi/9.3.1/../../../../arm-none-eabi/lib/thumb/v7e-m+fp/hard/libg_nano.a(lib_a-strcmp.o)
                0x00000000000063f2                strcmp
 .text.strcpy   0x0000000000006406       0x10 /home/rahul/qorc-sdk/arm_toolchain_install/gcc-arm-none-eabi-9-2020-q2-update/bin/../lib/gcc/arm-none-eabi/9.3.1/../../../../arm-none-eabi/lib/thumb/v7e-m+fp/hard/libg_nano.a(lib_a-strcpy.o)
                0x0000000000006406                strcpy
 .text          0x0000000000006416       0x10 /home/rahul/qorc-sdk/arm_toolchain_install/gcc-arm-none-eabi-9-2020-q2-update/bin/../lib/gcc/arm-none-eabi/9.3.1/../../../../arm-none-eabi/lib/thumb/v7e-m+fp/hard/libg_nano.a(lib_a-strlen.o)
                0x0000000000006416                strlen
 .text.strncpy  0x0000000000006426       0x26 /home/rahul/qorc-sdk/arm_toolchain_install/gcc-arm-none-eabi-9-2020-q2-update/bin/../lib/gcc/arm-none-eabi/9.3.1/../../../../arm-none-eabi/lib/thumb/v7e-m+fp/hard/libg_nano.a(lib_a-strncpy.o)
                0x0000000000006426                strncpy
 .text.strrchr  0x000000000000644c       0x28 /home/rahul/qorc-sdk/arm_toolchain_install/gcc-arm-none-eabi-9-2020-q2-update/bin/../lib/gcc/arm-none-eabi/9.3.1/../../../../arm-none-eabi/lib/thumb/v7e-m+fp/hard/libg_nano.a(lib_a-strrchr.o)
                0x000000000000644c                strrchr
 .text.__strtok_r
                0x0000000000006474       0x50 /home/rahul/qorc-sdk/arm_toolchain_install/gcc-arm-none-eabi-9-2020-q2-update/bin/../lib/gcc/arm-none-eabi/9.3.1/../../../../arm-none-eabi/lib/thumb/v7e-m+fp/hard/libg_nano.a(lib_a-strtok_r.o)
                0x0000000000006474                __strtok_r
 .text.strtok_r
                0x00000000000064c4        0x6 /home/rahul/qorc-sdk/arm_toolchain_install/gcc-arm-none-eabi-9-2020-q2-update/bin/../lib/gcc/arm-none-eabi/9.3.1/../../../../arm-none-eabi/lib/thumb/v7e-m+fp/hard/libg_nano.a(lib_a-strtok_r.o)
                0x00000000000064c4                strtok_r
 *fill*         0x00000000000064ca        0x2 
 .text._strtoll_l.isra.0
                0x00000000000064cc      0x12c /home/rahul/qorc-sdk/arm_toolchain_install/gcc-arm-none-eabi-9-2020-q2-update/bin/../lib/gcc/arm-none-eabi/9.3.1/../../../../arm-none-eabi/lib/thumb/v7e-m+fp/hard/libg_nano.a(lib_a-strtoll.o)
 .text.strtoll  0x00000000000065f8       0x14 /home/rahul/qorc-sdk/arm_toolchain_install/gcc-arm-none-eabi-9-2020-q2-update/bin/../lib/gcc/arm-none-eabi/9.3.1/../../../../arm-none-eabi/lib/thumb/v7e-m+fp/hard/libg_nano.a(lib_a-strtoll.o)
                0x00000000000065f8                strtoll
 .text._strtoull_l.isra.0
                0x000000000000660c      0x134 /home/rahul/qorc-sdk/arm_toolchain_install/gcc-arm-none-eabi-9-2020-q2-update/bin/../lib/gcc/arm-none-eabi/9.3.1/../../../../arm-none-eabi/lib/thumb/v7e-m+fp/hard/libg_nano.a(lib_a-strtoull.o)
 .text.strtoull
                0x0000000000006740       0x14 /home/rahul/qorc-sdk/arm_toolchain_install/gcc-arm-none-eabi-9-2020-q2-update/bin/../lib/gcc/arm-none-eabi/9.3.1/../../../../arm-none-eabi/lib/thumb/v7e-m+fp/hard/libg_nano.a(lib_a-strtoull.o)
                0x0000000000006740                strtoull
 .text._vsnprintf_r
                0x0000000000006754       0x58 /home/rahul/qorc-sdk/arm_toolchain_install/gcc-arm-none-eabi-9-2020-q2-update/bin/../lib/gcc/arm-none-eabi/9.3.1/../../../../arm-none-eabi/lib/thumb/v7e-m+fp/hard/libg_nano.a(lib_a-vsnprintf.o)
                0x0000000000006754                _vsnprintf_r
                0x0000000000006754                _vsniprintf_r
 .text.vsnprintf
                0x00000000000067ac       0x1c /home/rahul/qorc-sdk/arm_toolchain_install/gcc-arm-none-eabi-9-2020-q2-update/bin/../lib/gcc/arm-none-eabi/9.3.1/../../../../arm-none-eabi/lib/thumb/v7e-m+fp/hard/libg_nano.a(lib_a-vsnprintf.o)
                0x00000000000067ac                vsnprintf
                0x00000000000067ac                vsniprintf
 .text.__swbuf_r
                0x00000000000067c8       0xa4 /home/rahul/qorc-sdk/arm_toolchain_install/gcc-arm-none-eabi-9-2020-q2-update/bin/../lib/gcc/arm-none-eabi/9.3.1/../../../../arm-none-eabi/lib/thumb/v7e-m+fp/hard/libg_nano.a(lib_a-wbuf.o)
                0x00000000000067c8                __swbuf_r
 .text.__swsetup_r
                0x000000000000686c       0xdc /home/rahul/qorc-sdk/arm_toolchain_install/gcc-arm-none-eabi-9-2020-q2-update/bin/../lib/gcc/arm-none-eabi/9.3.1/../../../../arm-none-eabi/lib/thumb/v7e-m+fp/hard/libg_nano.a(lib_a-wsetup.o)
                0x000000000000686c                __swsetup_r
 .text.__sflush_r
                0x0000000000006948      0x10c /home/rahul/qorc-sdk/arm_toolchain_install/gcc-arm-none-eabi-9-2020-q2-update/bin/../lib/gcc/arm-none-eabi/9.3.1/../../../../arm-none-eabi/lib/thumb/v7e-m+fp/hard/libg_nano.a(lib_a-fflush.o)
                0x0000000000006948                __sflush_r
 .text._fflush_r
                0x0000000000006a54       0x78 /home/rahul/qorc-sdk/arm_toolchain_install/gcc-arm-none-eabi-9-2020-q2-update/bin/../lib/gcc/arm-none-eabi/9.3.1/../../../../arm-none-eabi/lib/thumb/v7e-m+fp/hard/libg_nano.a(lib_a-fflush.o)
                0x0000000000006a54                _fflush_r
 .text.std      0x0000000000006acc       0x48 /home/rahul/qorc-sdk/arm_toolchain_install/gcc-arm-none-eabi-9-2020-q2-update/bin/../lib/gcc/arm-none-eabi/9.3.1/../../../../arm-none-eabi/lib/thumb/v7e-m+fp/hard/libg_nano.a(lib_a-findfp.o)
 .text._cleanup_r
                0x0000000000006b14        0xc /home/rahul/qorc-sdk/arm_toolchain_install/gcc-arm-none-eabi-9-2020-q2-update/bin/../lib/gcc/arm-none-eabi/9.3.1/../../../../arm-none-eabi/lib/thumb/v7e-m+fp/hard/libg_nano.a(lib_a-findfp.o)
                0x0000000000006b14                _cleanup_r
 .text.__sfmoreglue
                0x0000000000006b20       0x2c /home/rahul/qorc-sdk/arm_toolchain_install/gcc-arm-none-eabi-9-2020-q2-update/bin/../lib/gcc/arm-none-eabi/9.3.1/../../../../arm-none-eabi/lib/thumb/v7e-m+fp/hard/libg_nano.a(lib_a-findfp.o)
                0x0000000000006b20                __sfmoreglue
 .text.__sfp_lock_acquire
                0x0000000000006b4c        0xc /home/rahul/qorc-sdk/arm_toolchain_install/gcc-arm-none-eabi-9-2020-q2-update/bin/../lib/gcc/arm-none-eabi/9.3.1/../../../../arm-none-eabi/lib/thumb/v7e-m+fp/hard/libg_nano.a(lib_a-findfp.o)
                0x0000000000006b4c                __sfp_lock_acquire
 .text.__sfp_lock_release